  ARIMA(0,0,0)(0,0,0)[0] : aic=274765.383
  ARIMA(2,0,2)(0,0,0)[0] : aic=183966.543
  ARIMA(1,0,0)(0,0,0)[0] : aic=190500.688
  ARIMA(0,0,1)(0,0,0)[0] : aic=242821.625
  ARIMA(3,0,2)(0,0,0)[0] : aic=182709.954
  ARIMA(1,0,2)(0,0,0)[0] : aic=181754.629
  ARIMA(2,0,3)(0,0,0)[0] : aic=182231.548
  ARIMA(2,0,1)(0,0,0)[0] : aic=182137.714
  ARIMA(3,0,3)(0,0,0)[0] : aic=183881.958
  ARIMA(1,0,1)(0,0,0)[0] : aic=183675.161
  ARIMA(0,0,2)(0,0,0)[0] : aic=220233.598
/Users/lab2/Documents/GitHub/Rust-python-arima2/rustima/python/rustima/model.py:630: UserWarning: near-cancellation detected in fitted ARMA(1,3) parameters (min inverted-root distance < 0.05). Model may be non-identifiable.
  result_dict = rustima.sarimax_fit(
  ARIMA(1,0,3)(0,0,0)[0] : aic=181687.826
  ARIMA(0,0,3)(0,0,0)[0] : aic=206047.729
  ARIMA(1,0,4)(0,0,0)[0] : aic=181683.177
  ARIMA(2,0,4)(0,0,0)[0] : aic=182254.133
  ARIMA(0,0,4)(0,0,0)[0] : aic=198125.200
  ARIMA(1,0,5)(0,0,0)[0] : aic=180867.429
  ARIMA(2,0,5)(0,0,0)[0] : aic=180156.979
  ARIMA(3,0,5)(0,0,0)[0] : aic=182416.239
