/Users/lab2/Documents/GitHub/Rust-python-arima2/rustima/python/rustima/auto.py:401: UserWarning: near-cancellation detected in fitted ARMA(1,3) parameters (min inverted-root distance < 0.05). Model may be non-identifiable.
  raw_results = rustima.sarimax_grid_search(
/Users/lab2/Documents/GitHub/Rust-python-arima2/rustima/python/rustima/auto.py:401: UserWarning: near-cancellation detected in fitted ARMA(2,3) parameters (min inverted-root distance < 0.05). Model may be non-identifiable.
  raw_results = rustima.sarimax_grid_search(
  ARIMA(0,0,0)(0,0,0)[0] : aic=299037.391
  ARIMA(0,0,1)(0,0,0)[0] : aic=265473.103
  ARIMA(0,0,2)(0,0,0)[0] : aic=239771.209
  ARIMA(0,0,3)(0,0,0)[0] : aic=221774.145
  ARIMA(0,0,4)(0,0,0)[0] : aic=210773.498
  ARIMA(0,0,5)(0,0,0)[0] : aic=202660.686
  ARIMA(1,0,0)(0,0,0)[0] : aic=190659.616
  ARIMA(1,0,1)(0,0,0)[0] : aic=183928.152
  ARIMA(1,0,2)(0,0,0)[0] : aic=182124.813
  ARIMA(1,0,3)(0,0,0)[0] : aic=182091.088
  ARIMA(1,0,4)(0,0,0)[0] : aic=182092.035
  ARIMA(1,0,5)(0,0,0)[0] : aic=180869.150
  ARIMA(2,0,0)(0,0,0)[0] : aic=182638.955
  ARIMA(2,0,1)(0,0,0)[0] : aic=182461.872
  ARIMA(2,0,2)(0,0,0)[0] : aic=182094.647
  ARIMA(2,0,3)(0,0,0)[0] : aic=182091.756
  ARIMA(2,0,4)(0,0,0)[0] : aic=179287.029
  ARIMA(2,0,5)(0,0,0)[0] : aic=178975.986
  ARIMA(3,0,0)(0,0,0)[0] : aic=183002.312
  ARIMA(3,0,1)(0,0,0)[0] : aic=178437.624
  ARIMA(3,0,2)(0,0,0)[0] : aic=178278.400
  ARIMA(3,0,3)(0,0,0)[0] : aic=176801.991
  ARIMA(3,0,4)(0,0,0)[0] : aic=182013.658
  ARIMA(3,0,5)(0,0,0)[0] : aic=178443.924
  ARIMA(4,0,0)(0,0,0)[0] : aic=182217.084
  ARIMA(4,0,1)(0,0,0)[0] : aic=178256.793
  ARIMA(4,0,2)(0,0,0)[0] : aic=178284.550
  ARIMA(4,0,3)(0,0,0)[0] : aic=178147.507
  ARIMA(4,0,4)(0,0,0)[0] : aic=176717.500
  ARIMA(4,0,5)(0,0,0)[0] : aic=177639.676
  ARIMA(5,0,0)(0,0,0)[0] : aic=182009.670
  ARIMA(5,0,1)(0,0,0)[0] : aic=178248.213
  ARIMA(5,0,2)(0,0,0)[0] : aic=178136.617
  ARIMA(5,0,3)(0,0,0)[0] : aic=177848.932
  ARIMA(5,0,4)(0,0,0)[0] : aic=176435.102
  ARIMA(5,0,5)(0,0,0)[0] : aic=176702.562
