/Users/lab2/Documents/GitHub/Rust-python-arima2/rustima/python/rustima/auto.py:401: UserWarning: near-cancellation detected in fitted ARMA(1,3) parameters (min inverted-root distance < 0.05). Model may be non-identifiable.
  raw_results = rustima.sarimax_grid_search(
  ARIMA(0,0,0)(0,0,0)[0] : aic=274765.383
  ARIMA(0,0,1)(0,0,0)[0] : aic=242821.625
  ARIMA(0,0,2)(0,0,0)[0] : aic=220233.598
  ARIMA(0,0,3)(0,0,0)[0] : aic=206047.729
  ARIMA(0,0,4)(0,0,0)[0] : aic=198125.200
  ARIMA(0,0,5)(0,0,0)[0] : aic=192213.073
  ARIMA(1,0,0)(0,0,0)[0] : aic=190500.688
  ARIMA(1,0,1)(0,0,0)[0] : aic=183675.161
  ARIMA(1,0,2)(0,0,0)[0] : aic=181754.629
  ARIMA(1,0,3)(0,0,0)[0] : aic=181687.826
  ARIMA(1,0,4)(0,0,0)[0] : aic=181683.177
  ARIMA(1,0,5)(0,0,0)[0] : aic=180867.429
  ARIMA(2,0,0)(0,0,0)[0] : aic=182133.060
  ARIMA(2,0,1)(0,0,0)[0] : aic=182137.714
  ARIMA(2,0,2)(0,0,0)[0] : aic=183966.543
  ARIMA(2,0,3)(0,0,0)[0] : aic=182231.548
  ARIMA(2,0,4)(0,0,0)[0] : aic=182254.133
  ARIMA(2,0,5)(0,0,0)[0] : aic=180156.979
  ARIMA(3,0,0)(0,0,0)[0] : aic=181939.034
  ARIMA(3,0,1)(0,0,0)[0] : aic=189160.185
  ARIMA(3,0,2)(0,0,0)[0] : aic=182709.954
  ARIMA(3,0,3)(0,0,0)[0] : aic=183881.958
  ARIMA(3,0,4)(0,0,0)[0] : aic=182333.128
  ARIMA(3,0,5)(0,0,0)[0] : aic=182416.239
  ARIMA(4,0,0)(0,0,0)[0] : aic=181415.168
  ARIMA(4,0,1)(0,0,0)[0] : aic=188464.309
  ARIMA(4,0,2)(0,0,0)[0] : aic=189350.724
  ARIMA(4,0,3)(0,0,0)[0] : aic=190785.485
  ARIMA(4,0,4)(0,0,0)[0] : aic=182699.778
  ARIMA(4,0,5)(0,0,0)[0] : aic=182042.820
  ARIMA(5,0,0)(0,0,0)[0] : aic=181302.992
  ARIMA(5,0,1)(0,0,0)[0] : aic=188120.893
  ARIMA(5,0,2)(0,0,0)[0] : aic=188974.312
  ARIMA(5,0,3)(0,0,0)[0] : aic=189534.864
  ARIMA(5,0,4)(0,0,0)[0] : aic=182604.854
  ARIMA(5,0,5)(0,0,0)[0] : aic=182574.721
