 ARIMA(0,1,0)(0,0,0)[0] intercept   : AIC=190590.444, Time=0.62 sec
 ARIMA(0,1,1)(0,0,0)[0] intercept   : AIC=184402.860, Time=0.95 sec
 ARIMA(0,1,2)(0,0,0)[0] intercept   : AIC=182084.310, Time=1.17 sec
 ARIMA(0,1,3)(0,0,0)[0] intercept   : AIC=182606.921, Time=1.60 sec
 ARIMA(0,1,4)(0,0,0)[0] intercept   : AIC=182581.707, Time=2.08 sec
 ARIMA(0,1,5)(0,0,0)[0] intercept   : AIC=181886.460, Time=2.82 sec
 ARIMA(1,1,0)(0,0,0)[0] intercept   : AIC=182615.086, Time=0.83 sec
 ARIMA(1,1,1)(0,0,0)[0] intercept   : AIC=182385.851, Time=1.17 sec
 ARIMA(1,1,2)(0,0,0)[0] intercept   : AIC=182942.020, Time=0.84 sec
/Users/lab2/Documents/GitHub/Rust-python-arima2/rustima/.venv/lib/python3.11/site-packages/statsmodels/tsa/statespace/sarimax.py:1901: RuntimeWarning: divide by zero encountered in reciprocal
  return np.roots(self.polynomial_reduced_ar)**-1
/Users/lab2/Documents/GitHub/Rust-python-arima2/rustima/.venv/lib/python3.11/site-packages/statsmodels/tsa/statespace/sarimax.py:1908: RuntimeWarning: divide by zero encountered in reciprocal
  return np.roots(self.polynomial_reduced_ma)**-1
 ARIMA(1,1,3)(0,0,0)[0] intercept   : AIC=193419.439, Time=1.96 sec
 ARIMA(1,1,4)(0,0,0)[0] intercept   : AIC=189007.613, Time=2.68 sec
 ARIMA(2,1,0)(0,0,0)[0] intercept   : AIC=182238.569, Time=1.19 sec
/Users/lab2/Documents/GitHub/Rust-python-arima2/rustima/.venv/lib/python3.11/site-packages/statsmodels/tsa/statespace/sarimax.py:1901: RuntimeWarning: divide by zero encountered in reciprocal
  return np.roots(self.polynomial_reduced_ar)**-1
/Users/lab2/Documents/GitHub/Rust-python-arima2/rustima/.venv/lib/python3.11/site-packages/statsmodels/tsa/statespace/sarimax.py:1908: RuntimeWarning: divide by zero encountered in reciprocal
  return np.roots(self.polynomial_reduced_ma)**-1
 ARIMA(2,1,1)(0,0,0)[0] intercept   : AIC=192364.364, Time=1.44 sec
 ARIMA(2,1,2)(0,0,0)[0] intercept   : AIC=179503.046, Time=3.80 sec
 ARIMA(2,1,3)(0,0,0)[0] intercept   : AIC=193510.194, Time=1.52 sec
 ARIMA(3,1,0)(0,0,0)[0] intercept   : AIC=181520.219, Time=1.25 sec
 ARIMA(3,1,1)(0,0,0)[0] intercept   : AIC=181674.647, Time=1.54 sec
/Users/lab2/Documents/GitHub/Rust-python-arima2/rustima/.venv/lib/python3.11/site-packages/statsmodels/tsa/statespace/sarimax.py:1901: RuntimeWarning: divide by zero encountered in reciprocal
  return np.roots(self.polynomial_reduced_ar)**-1
/Users/lab2/Documents/GitHub/Rust-python-arima2/rustima/.venv/lib/python3.11/site-packages/statsmodels/tsa/statespace/sarimax.py:1908: RuntimeWarning: divide by zero encountered in reciprocal
  return np.roots(self.polynomial_reduced_ma)**-1
 ARIMA(3,1,2)(0,0,0)[0] intercept   : AIC=192991.233, Time=1.83 sec
 ARIMA(4,1,0)(0,0,0)[0] intercept   : AIC=181345.058, Time=1.93 sec
 ARIMA(4,1,1)(0,0,0)[0] intercept   : AIC=181455.490, Time=2.22 sec
 ARIMA(5,1,0)(0,0,0)[0] intercept   : AIC=180723.198, Time=2.25 sec

Best model:  ARIMA(2,1,2)(0,0,0)[0] intercept
Total fit time: 35.686 seconds
