/Users/lab2/Documents/GitHub/Rust-python-arima2/rustima/python/rustima/auto.py:401: UserWarning: near-cancellation detected in fitted ARMA(1,4) parameters (min inverted-root distance < 0.05). Model may be non-identifiable.
  raw_results = rustima.sarimax_grid_search(
  ARIMA(0,0,0)(0,0,0)[0] : aic=283355.524
  ARIMA(0,0,1)(0,0,0)[0] : aic=250719.099
  ARIMA(0,0,2)(0,0,0)[0] : aic=226858.465
  ARIMA(0,0,3)(0,0,0)[0] : aic=211409.392
  ARIMA(0,0,4)(0,0,0)[0] : aic=202209.288
  ARIMA(0,0,5)(0,0,0)[0] : aic=195468.825
  ARIMA(1,0,0)(0,0,0)[0] : aic=190601.475
  ARIMA(1,0,1)(0,0,0)[0] : aic=183852.277
  ARIMA(1,0,2)(0,0,0)[0] : aic=182012.292
  ARIMA(1,0,3)(0,0,0)[0] : aic=181967.648
  ARIMA(1,0,4)(0,0,0)[0] : aic=182451.598
  ARIMA(1,0,5)(0,0,0)[0] : aic=181731.028
  ARIMA(2,0,0)(0,0,0)[0] : aic=182492.196
  ARIMA(2,0,1)(0,0,0)[0] : aic=182327.629
  ARIMA(2,0,2)(0,0,0)[0] : aic=181966.435
  ARIMA(2,0,3)(0,0,0)[0] : aic=182350.710
  ARIMA(2,0,4)(0,0,0)[0] : aic=183237.193
  ARIMA(2,0,5)(0,0,0)[0] : aic=182473.393
  ARIMA(3,0,0)(0,0,0)[0] : aic=182239.463
  ARIMA(3,0,1)(0,0,0)[0] : aic=182579.008
  ARIMA(3,0,2)(0,0,0)[0] : aic=189394.329
  ARIMA(3,0,3)(0,0,0)[0] : aic=183349.088
  ARIMA(3,0,4)(0,0,0)[0] : aic=182335.038
  ARIMA(3,0,5)(0,0,0)[0] : aic=184935.355
  ARIMA(4,0,0)(0,0,0)[0] : aic=181639.198
  ARIMA(4,0,1)(0,0,0)[0] : aic=181757.423
  ARIMA(4,0,2)(0,0,0)[0] : aic=182957.382
  ARIMA(4,0,3)(0,0,0)[0] : aic=182773.150
  ARIMA(4,0,4)(0,0,0)[0] : aic=177091.666
  ARIMA(4,0,5)(0,0,0)[0] : aic=182096.747
  ARIMA(5,0,0)(0,0,0)[0] : aic=181497.611
  ARIMA(5,0,1)(0,0,0)[0] : aic=181488.021
  ARIMA(5,0,2)(0,0,0)[0] : aic=197917.750
  ARIMA(5,0,3)(0,0,0)[0] : aic=213974.911
  ARIMA(5,0,4)(0,0,0)[0] : aic=182477.648
  ARIMA(5,0,5)(0,0,0)[0] : aic=184149.840
