 ARIMA(0,1,0)(0,0,0)[0] intercept   : AIC=190592.423, Time=0.84 sec
 ARIMA(0,1,1)(0,0,0)[0] intercept   : AIC=184404.850, Time=1.19 sec
 ARIMA(0,1,2)(0,0,0)[0] intercept   : AIC=182086.304, Time=1.42 sec
 ARIMA(0,1,3)(0,0,0)[0] intercept   : AIC=182608.913, Time=1.96 sec
 ARIMA(0,1,4)(0,0,0)[0] intercept   : AIC=182583.697, Time=2.40 sec
 ARIMA(0,1,5)(0,0,0)[0] intercept   : AIC=181888.439, Time=3.20 sec
 ARIMA(1,1,0)(0,0,0)[0] intercept   : AIC=182617.080, Time=0.99 sec
 ARIMA(1,1,1)(0,0,0)[0] intercept   : AIC=182387.844, Time=1.42 sec
 ARIMA(1,1,2)(0,0,0)[0] intercept   : AIC=182944.012, Time=0.98 sec
/Users/lab2/Documents/GitHub/Rust-python-arima2/rustima/.venv/lib/python3.11/site-packages/statsmodels/tsa/statespace/sarimax.py:1901: RuntimeWarning: divide by zero encountered in reciprocal
  return np.roots(self.polynomial_reduced_ar)**-1
/Users/lab2/Documents/GitHub/Rust-python-arima2/rustima/.venv/lib/python3.11/site-packages/statsmodels/tsa/statespace/sarimax.py:1908: RuntimeWarning: divide by zero encountered in reciprocal
  return np.roots(self.polynomial_reduced_ma)**-1
 ARIMA(1,1,3)(0,0,0)[0] intercept   : AIC=193421.424, Time=2.24 sec
 ARIMA(1,1,4)(0,0,0)[0] intercept   : AIC=189009.690, Time=5.63 sec
 ARIMA(2,1,0)(0,0,0)[0] intercept   : AIC=182240.561, Time=1.42 sec
/Users/lab2/Documents/GitHub/Rust-python-arima2/rustima/.venv/lib/python3.11/site-packages/statsmodels/tsa/statespace/sarimax.py:1901: RuntimeWarning: divide by zero encountered in reciprocal
  return np.roots(self.polynomial_reduced_ar)**-1
/Users/lab2/Documents/GitHub/Rust-python-arima2/rustima/.venv/lib/python3.11/site-packages/statsmodels/tsa/statespace/sarimax.py:1908: RuntimeWarning: divide by zero encountered in reciprocal
  return np.roots(self.polynomial_reduced_ma)**-1
 ARIMA(2,1,1)(0,0,0)[0] intercept   : AIC=192366.346, Time=1.65 sec
 ARIMA(2,1,2)(0,0,0)[0] intercept   : AIC=179505.368, Time=4.37 sec
 ARIMA(2,1,3)(0,0,0)[0] intercept   : AIC=193512.180, Time=1.73 sec
 ARIMA(3,1,0)(0,0,0)[0] intercept   : AIC=181522.207, Time=1.62 sec
 ARIMA(3,1,1)(0,0,0)[0] intercept   : AIC=181676.637, Time=1.86 sec
/Users/lab2/Documents/GitHub/Rust-python-arima2/rustima/.venv/lib/python3.11/site-packages/statsmodels/tsa/statespace/sarimax.py:1901: RuntimeWarning: divide by zero encountered in reciprocal
  return np.roots(self.polynomial_reduced_ar)**-1
/Users/lab2/Documents/GitHub/Rust-python-arima2/rustima/.venv/lib/python3.11/site-packages/statsmodels/tsa/statespace/sarimax.py:1908: RuntimeWarning: divide by zero encountered in reciprocal
  return np.roots(self.polynomial_reduced_ma)**-1
 ARIMA(3,1,2)(0,0,0)[0] intercept   : AIC=192993.217, Time=2.07 sec
 ARIMA(4,1,0)(0,0,0)[0] intercept   : AIC=181347.045, Time=2.15 sec
 ARIMA(4,1,1)(0,0,0)[0] intercept   : AIC=181457.479, Time=2.50 sec
 ARIMA(5,1,0)(0,0,0)[0] intercept   : AIC=180725.182, Time=2.68 sec

Best model:  ARIMA(2,1,2)(0,0,0)[0] intercept
Total fit time: 44.313 seconds
