  ARIMA(0,0,0)(0,1,0)[24] : aic=207797.036
/Users/lab2/Documents/GitHub/Rust-python-arima2/rustima/python/rustima/model.py:630: UserWarning: near-cancellation detected in fitted ARMA(2,2) parameters (min inverted-root distance < 0.05). Model may be non-identifiable.
  result_dict = rustima.sarimax_fit(
  ARIMA(2,0,2)(0,1,0)[24] : aic=174608.673
  ARIMA(1,0,0)(0,1,0)[24] : aic=175519.326
  ARIMA(0,0,1)(0,1,0)[24] : aic=188201.964
  ARIMA(0,0,0)(1,1,0)[24] : aic=206236.211
  ARIMA(0,0,0)(0,1,1)[24] : aic=205596.757
  ARIMA(1,0,0)(1,1,0)[24] : aic=172360.674
  ARIMA(0,0,1)(0,1,1)[24] : aic=184457.696
  ARIMA(2,0,0)(1,1,0)[24] : aic=171223.522
  ARIMA(1,0,1)(1,1,0)[24] : aic=171222.098
  ARIMA(1,0,0)(2,1,0)[24] : aic=170214.079
  ARIMA(1,0,0)(1,1,1)[24] : aic=165174.724
/Users/lab2/Documents/GitHub/Rust-python-arima2/rustima/python/rustima/model.py:630: UserWarning: near-cancellation detected in fitted ARMA(2,1) parameters (min inverted-root distance < 0.05). Model may be non-identifiable.
  result_dict = rustima.sarimax_fit(
  ARIMA(2,0,1)(1,1,0)[24] : aic=171194.918
  ARIMA(2,0,0)(1,1,1)[24] : aic=164257.116
  ARIMA(0,0,0)(1,1,1)[24] : aic=204696.863
  ARIMA(1,0,1)(1,1,1)[24] : aic=164174.688
  ARIMA(1,0,0)(2,1,1)[24] : aic=164911.117
  ARIMA(1,0,0)(0,1,1)[24] : aic=166059.159
  ARIMA(1,0,0)(1,1,2)[24] : aic=165019.995
  ARIMA(2,0,1)(1,1,1)[24] : aic=164176.207
  ARIMA(0,0,1)(1,1,1)[24] : aic=183525.806
  ARIMA(1,0,2)(1,1,1)[24] : aic=164175.417
  ARIMA(1,0,1)(2,1,1)[24] : aic=163964.817
  ARIMA(1,0,1)(0,1,1)[24] : aic=164847.729
  ARIMA(1,0,1)(1,1,2)[24] : aic=164050.301
  ARIMA(2,0,2)(1,1,1)[24] : aic=164132.521
  ARIMA(2,0,1)(2,1,1)[24] : aic=163966.563
  ARIMA(0,0,1)(2,1,1)[24] : aic=183519.592
  ARIMA(1,0,2)(2,1,1)[24] : aic=163966.130
  ARIMA(1,0,1)(2,1,2)[24] : aic=163702.837
  ARIMA(1,0,1)(2,1,0)[24] : aic=169011.159
  ARIMA(2,0,2)(2,1,1)[24] : aic=163923.599
  ARIMA(0,0,0)(2,1,1)[24] : aic=204786.897
  ARIMA(2,0,1)(2,1,2)[24] : aic=163704.639
  ARIMA(0,0,1)(2,1,2)[24] : aic=183515.225
  ARIMA(1,0,2)(2,1,2)[24] : aic=163704.795
  ARIMA(1,0,0)(2,1,2)[24] : aic=164577.371
  ARIMA(2,0,2)(2,1,2)[24] : aic=163667.077
  ARIMA(0,0,0)(2,1,2)[24] : aic=204701.813
  ARIMA(3,0,2)(2,1,2)[24] : aic=162663.692
  ARIMA(2,0,3)(2,1,2)[24] : aic=162604.293
  ARIMA(2,0,2)(1,1,2)[24] : aic=164008.307
  ARIMA(3,0,3)(2,1,2)[24] : aic=162592.418
  ARIMA(4,0,3)(2,1,2)[24] : aic=162662.199
  ARIMA(3,0,4)(2,1,2)[24] : aic=162596.917
  ARIMA(3,0,3)(1,1,2)[24] : aic=162953.064
  ARIMA(3,0,3)(2,1,1)[24] : aic=162860.028
  ARIMA(4,0,4)(2,1,2)[24] : aic=163308.309
