  ARIMA(0,0,0)(0,1,0)[24] : aic=207799.031
/Users/lab2/Documents/GitHub/Rust-python-arima2/rustima/python/rustima/model.py:630: UserWarning: near-cancellation detected in fitted ARMA(2,2) parameters (min inverted-root distance < 0.05). Model may be non-identifiable.
  result_dict = rustima.sarimax_fit(
  ARIMA(2,0,2)(0,1,0)[24] : aic=174610.674
  ARIMA(1,0,0)(0,1,0)[24] : aic=175521.325
  ARIMA(0,0,1)(0,1,0)[24] : aic=188203.960
  ARIMA(0,0,0)(1,1,0)[24] : aic=206238.202
  ARIMA(0,0,0)(0,1,1)[24] : aic=205598.742
  ARIMA(1,0,0)(1,1,0)[24] : aic=172362.673
  ARIMA(0,0,1)(0,1,1)[24] : aic=184459.681
  ARIMA(2,0,0)(1,1,0)[24] : aic=171225.521
  ARIMA(1,0,1)(1,1,0)[24] : aic=171224.097
  ARIMA(1,0,0)(2,1,0)[24] : aic=170216.078
  ARIMA(1,0,0)(1,1,1)[24] : aic=165176.707
/Users/lab2/Documents/GitHub/Rust-python-arima2/rustima/python/rustima/model.py:630: UserWarning: near-cancellation detected in fitted ARMA(2,1) parameters (min inverted-root distance < 0.05). Model may be non-identifiable.
  result_dict = rustima.sarimax_fit(
  ARIMA(2,0,1)(1,1,0)[24] : aic=171196.916
  ARIMA(2,0,0)(1,1,1)[24] : aic=164259.093
  ARIMA(0,0,0)(1,1,1)[24] : aic=204698.832
  ARIMA(1,0,1)(1,1,1)[24] : aic=164176.666
  ARIMA(1,0,0)(2,1,1)[24] : aic=164913.098
  ARIMA(1,0,0)(0,1,1)[24] : aic=166061.142
  ARIMA(1,0,0)(1,1,2)[24] : aic=165021.994
  ARIMA(2,0,1)(1,1,1)[24] : aic=164178.184
  ARIMA(0,0,1)(1,1,1)[24] : aic=183527.763
  ARIMA(1,0,2)(1,1,1)[24] : aic=164177.394
  ARIMA(1,0,1)(2,1,1)[24] : aic=163966.793
  ARIMA(1,0,1)(0,1,1)[24] : aic=164849.707
  ARIMA(1,0,1)(1,1,2)[24] : aic=164052.280
  ARIMA(2,0,2)(1,1,1)[24] : aic=164134.498
  ARIMA(2,0,1)(2,1,1)[24] : aic=163968.540
  ARIMA(0,0,1)(2,1,1)[24] : aic=183521.554
  ARIMA(1,0,2)(2,1,1)[24] : aic=163968.103
  ARIMA(1,0,1)(2,1,2)[24] : aic=163704.540
  ARIMA(1,0,1)(2,1,0)[24] : aic=169013.157
  ARIMA(2,0,2)(2,1,1)[24] : aic=163925.573
  ARIMA(0,0,0)(2,1,1)[24] : aic=204788.871
  ARIMA(2,0,1)(2,1,2)[24] : aic=163706.856
  ARIMA(0,0,1)(2,1,2)[24] : aic=183517.179
  ARIMA(1,0,2)(2,1,2)[24] : aic=163706.595
  ARIMA(1,0,0)(2,1,2)[24] : aic=164579.152
  ARIMA(2,0,2)(2,1,2)[24] : aic=163668.908
  ARIMA(0,0,0)(2,1,2)[24] : aic=204703.787
  ARIMA(3,0,2)(2,1,2)[24] : aic=162665.042
  ARIMA(2,0,3)(2,1,2)[24] : aic=163004.626
  ARIMA(2,0,2)(1,1,2)[24] : aic=164010.294
  ARIMA(3,0,3)(2,1,2)[24] : aic=162741.276
  ARIMA(4,0,2)(2,1,2)[24] : aic=162748.070
  ARIMA(3,0,1)(2,1,2)[24] : aic=163011.004
  ARIMA(3,0,2)(1,1,2)[24] : aic=163033.452
  ARIMA(3,0,2)(2,1,1)[24] : aic=162938.293
  ARIMA(4,0,3)(2,1,2)[24] : aic=162679.768
