  ARIMA(0,0,0)(0,1,0)[24] : aic=207797.115
/Users/lab2/Documents/GitHub/Rust-python-arima2/rustima/python/rustima/model.py:630: UserWarning: near-cancellation detected in fitted ARMA(2,2) parameters (min inverted-root distance < 0.05). Model may be non-identifiable.
  result_dict = rustima.sarimax_fit(
  ARIMA(2,0,2)(0,1,0)[24] : aic=174610.430
  ARIMA(1,0,0)(0,1,0)[24] : aic=175521.153
  ARIMA(0,0,1)(0,1,0)[24] : aic=188202.579
  ARIMA(0,0,0)(1,1,0)[24] : aic=206235.000
  ARIMA(0,0,0)(0,1,1)[24] : aic=205622.129
  ARIMA(1,0,0)(1,1,0)[24] : aic=172362.386
  ARIMA(0,0,1)(0,1,1)[24] : aic=205759.447
  ARIMA(2,0,0)(1,1,0)[24] : aic=171225.073
  ARIMA(1,0,1)(1,1,0)[24] : aic=171223.694
  ARIMA(1,0,0)(2,1,0)[24] : aic=170215.657
  ARIMA(1,0,0)(1,1,1)[24] : aic=167211.955
/Users/lab2/Documents/GitHub/Rust-python-arima2/rustima/python/rustima/model.py:630: UserWarning: near-cancellation detected in fitted ARMA(2,1) parameters (min inverted-root distance < 0.05). Model may be non-identifiable.
  result_dict = rustima.sarimax_fit(
  ARIMA(2,0,1)(1,1,0)[24] : aic=171196.487
  ARIMA(2,0,0)(1,1,1)[24] : aic=167373.380
  ARIMA(0,0,0)(1,1,1)[24] : aic=204981.170
  ARIMA(1,0,1)(1,1,1)[24] : aic=166500.595
  ARIMA(1,0,0)(2,1,1)[24] : aic=165799.482
  ARIMA(1,0,0)(0,1,1)[24] : aic=166183.594
  ARIMA(1,0,0)(1,1,2)[24] : aic=165098.642
  ARIMA(2,0,1)(1,1,1)[24] : aic=166203.045
  ARIMA(2,0,0)(1,1,2)[24] : aic=164198.441
  ARIMA(0,0,0)(1,1,2)[24] : aic=205078.271
  ARIMA(1,0,1)(1,1,2)[24] : aic=164126.149
  ARIMA(1,0,0)(2,1,2)[24] : aic=165506.637
  ARIMA(1,0,0)(0,1,2)[24] : aic=165103.012
  ARIMA(2,0,1)(1,1,2)[24] : aic=164128.438
  ARIMA(0,0,1)(1,1,2)[24] : aic=184261.880
  ARIMA(1,0,2)(1,1,2)[24] : aic=164122.745
  ARIMA(1,0,1)(2,1,2)[24] : aic=164402.445
  ARIMA(1,0,1)(0,1,2)[24] : aic=164140.783
  ARIMA(2,0,2)(1,1,2)[24] : aic=164079.514
  ARIMA(3,0,2)(1,1,2)[24] : aic=164351.170
  ARIMA(2,0,3)(1,1,2)[24] : aic=163941.325
  ARIMA(2,0,2)(2,1,2)[24] : aic=163837.937
  ARIMA(2,0,2)(0,1,2)[24] : aic=164093.894
  ARIMA(2,0,2)(1,1,1)[24] : aic=166868.476
  ARIMA(3,0,3)(1,1,2)[24] : aic=164415.456
  ARIMA(3,0,2)(2,1,2)[24] : aic=164626.587
  ARIMA(1,0,2)(2,1,2)[24] : aic=164407.471
  ARIMA(2,0,3)(2,1,2)[24] : aic=164063.474
  ARIMA(2,0,1)(2,1,2)[24] : aic=163856.045
  ARIMA(2,0,2)(2,1,1)[24] : aic=164005.096
  ARIMA(3,0,3)(2,1,2)[24] : aic=163882.916
