  ARIMA(0,0,0)(0,1,0)[24] : aic=207799.279
/Users/lab2/Documents/GitHub/Rust-python-arima2/rustima/python/rustima/model.py:630: UserWarning: near-cancellation detected in fitted ARMA(2,2) parameters (min inverted-root distance < 0.05). Model may be non-identifiable.
  result_dict = rustima.sarimax_fit(
  ARIMA(2,0,2)(0,1,0)[24] : aic=174612.491
  ARIMA(1,0,0)(0,1,0)[24] : aic=175523.245
  ARIMA(0,0,1)(0,1,0)[24] : aic=188204.668
  ARIMA(0,0,0)(1,1,0)[24] : aic=206237.218
  ARIMA(0,0,0)(0,1,1)[24] : aic=205596.107
  ARIMA(1,0,0)(1,1,0)[24] : aic=172364.514
  ARIMA(0,0,1)(0,1,1)[24] : aic=184455.897
  ARIMA(2,0,0)(1,1,0)[24] : aic=171227.235
  ARIMA(1,0,1)(1,1,0)[24] : aic=171225.818
  ARIMA(1,0,0)(2,1,0)[24] : aic=170217.817
  ARIMA(1,0,0)(1,1,1)[24] : aic=165272.521
/Users/lab2/Documents/GitHub/Rust-python-arima2/rustima/python/rustima/model.py:630: UserWarning: near-cancellation detected in fitted ARMA(2,1) parameters (min inverted-root distance < 0.05). Model may be non-identifiable.
  result_dict = rustima.sarimax_fit(
  ARIMA(2,0,1)(1,1,0)[24] : aic=171198.628
  ARIMA(2,0,0)(1,1,1)[24] : aic=164342.982
  ARIMA(0,0,0)(1,1,1)[24] : aic=204977.722
  ARIMA(1,0,1)(1,1,1)[24] : aic=164259.124
  ARIMA(1,0,0)(2,1,1)[24] : aic=165013.026
  ARIMA(1,0,0)(0,1,1)[24] : aic=166194.589
  ARIMA(1,0,0)(1,1,2)[24] : aic=165104.790
  ARIMA(2,0,1)(1,1,1)[24] : aic=164260.238
  ARIMA(0,0,1)(1,1,1)[24] : aic=183517.019
  ARIMA(1,0,2)(1,1,1)[24] : aic=164259.362
  ARIMA(1,0,1)(2,1,1)[24] : aic=164058.512
  ARIMA(1,0,1)(0,1,1)[24] : aic=164959.214
  ARIMA(1,0,1)(1,1,2)[24] : aic=164131.684
  ARIMA(2,0,2)(1,1,1)[24] : aic=164214.219
  ARIMA(2,0,1)(2,1,1)[24] : aic=164054.479
  ARIMA(0,0,1)(2,1,1)[24] : aic=183509.441
  ARIMA(1,0,2)(2,1,1)[24] : aic=164059.932
  ARIMA(1,0,1)(2,1,2)[24] : aic=163870.043
  ARIMA(1,0,1)(2,1,0)[24] : aic=169014.713
  ARIMA(2,0,2)(2,1,1)[24] : aic=164009.809
  ARIMA(0,0,0)(2,1,1)[24] : aic=204780.172
  ARIMA(2,0,1)(2,1,2)[24] : aic=163863.900
  ARIMA(0,0,1)(2,1,2)[24] : aic=183505.612
  ARIMA(1,0,2)(2,1,2)[24] : aic=163864.251
  ARIMA(1,0,0)(2,1,2)[24] : aic=164743.509
  ARIMA(2,0,2)(2,1,2)[24] : aic=163820.434
  ARIMA(0,0,0)(2,1,2)[24] : aic=204955.764
  ARIMA(3,0,2)(2,1,2)[24] : aic=163538.286
  ARIMA(2,0,3)(2,1,2)[24] : aic=163117.877
  ARIMA(2,0,2)(1,1,2)[24] : aic=164083.839
/Users/lab2/Documents/GitHub/Rust-python-arima2/rustima/python/rustima/model.py:630: UserWarning: near-cancellation detected in fitted ARMA(3,3) parameters (min inverted-root distance < 0.05). Model may be non-identifiable.
  result_dict = rustima.sarimax_fit(
  ARIMA(3,0,3)(2,1,2)[24] : aic=163039.191
  ARIMA(4,0,3)(2,1,2)[24] : aic=163026.480
  ARIMA(3,0,4)(2,1,2)[24] : aic=162983.105
  ARIMA(3,0,3)(1,1,2)[24] : aic=163221.075
  ARIMA(3,0,3)(2,1,1)[24] : aic=163151.088
  ARIMA(4,0,4)(2,1,2)[24] : aic=163520.715
  ARIMA(2,0,4)(2,1,2)[24] : aic=163063.558
  ARIMA(3,0,5)(2,1,2)[24] : aic=162922.395
  ARIMA(3,0,4)(1,1,2)[24] : aic=163143.340
  ARIMA(3,0,4)(2,1,1)[24] : aic=163098.459
  ARIMA(4,0,5)(2,1,2)[24] : aic=162863.911
  ARIMA(5,0,5)(2,1,2)[24] : aic=163588.505
  ARIMA(4,0,5)(1,1,2)[24] : aic=163096.019
  ARIMA(4,0,5)(2,1,1)[24] : aic=163482.262
