/Users/lab2/Documents/GitHub/Rust-python-arima2/rustima/python/rustima/auto.py:401: UserWarning: near-cancellation detected in fitted ARMA(2,1) parameters (min inverted-root distance < 0.05). Model may be non-identifiable.
  raw_results = rustima.sarimax_grid_search(
/Users/lab2/Documents/GitHub/Rust-python-arima2/rustima/python/rustima/auto.py:401: UserWarning: near-cancellation detected in fitted ARMA(2,2) parameters (min inverted-root distance < 0.05). Model may be non-identifiable.
  raw_results = rustima.sarimax_grid_search(
/Users/lab2/Documents/GitHub/Rust-python-arima2/rustima/python/rustima/auto.py:401: UserWarning: near-cancellation detected in fitted ARMA(3,3) parameters (min inverted-root distance < 0.05). Model may be non-identifiable.
  raw_results = rustima.sarimax_grid_search(
/Users/lab2/Documents/GitHub/Rust-python-arima2/rustima/python/rustima/auto.py:401: UserWarning: near-cancellation detected in fitted ARMA(4,4) parameters (min inverted-root distance < 0.05). Model may be non-identifiable.
  raw_results = rustima.sarimax_grid_search(
/Users/lab2/Documents/GitHub/Rust-python-arima2/rustima/python/rustima/auto.py:401: UserWarning: near-cancellation detected in fitted ARMA(5,3) parameters (min inverted-root distance < 0.05). Model may be non-identifiable.
  raw_results = rustima.sarimax_grid_search(
  ARIMA(0,0,0)(0,1,0)[24] : aic=207797.036
  ARIMA(0,0,0)(0,1,1)[24] : aic=205596.757
  ARIMA(0,0,0)(0,1,2)[24] : aic=204922.770
  ARIMA(0,0,0)(1,1,0)[24] : aic=206236.211
  ARIMA(0,0,0)(1,1,1)[24] : aic=204696.863
  ARIMA(0,0,0)(1,1,2)[24] : aic=204768.729
  ARIMA(0,0,0)(2,1,0)[24] : aic=205797.144
  ARIMA(0,0,0)(2,1,1)[24] : aic=204786.897
  ARIMA(0,0,0)(2,1,2)[24] : aic=204701.813
  ARIMA(0,0,1)(0,1,0)[24] : aic=188201.964
  ARIMA(0,0,1)(0,1,1)[24] : aic=184457.696
  ARIMA(0,0,1)(0,1,2)[24] : aic=183716.409
  ARIMA(0,0,1)(1,1,0)[24] : aic=185823.406
  ARIMA(0,0,1)(1,1,1)[24] : aic=183525.806
  ARIMA(0,0,1)(1,1,2)[24] : aic=183521.055
  ARIMA(0,0,1)(2,1,0)[24] : aic=184998.200
  ARIMA(0,0,1)(2,1,1)[24] : aic=183519.592
  ARIMA(0,0,1)(2,1,2)[24] : aic=183515.225
  ARIMA(0,0,2)(0,1,0)[24] : aic=179842.061
  ARIMA(0,0,2)(0,1,1)[24] : aic=174505.590
  ARIMA(0,0,2)(0,1,2)[24] : aic=173682.243
  ARIMA(0,0,2)(1,1,0)[24] : aic=176916.444
  ARIMA(0,0,2)(1,1,1)[24] : aic=173610.335
  ARIMA(0,0,2)(1,1,2)[24] : aic=173612.161
  ARIMA(0,0,2)(2,1,0)[24] : aic=175595.698
  ARIMA(0,0,2)(2,1,1)[24] : aic=173611.983
  ARIMA(0,0,2)(2,1,2)[24] : aic=173614.348
  ARIMA(0,0,3)(0,1,0)[24] : aic=177110.876
  ARIMA(0,0,3)(0,1,1)[24] : aic=170565.391
  ARIMA(0,0,3)(0,1,2)[24] : aic=169732.667
  ARIMA(0,0,3)(1,1,0)[24] : aic=173891.848
  ARIMA(0,0,3)(1,1,1)[24] : aic=169719.365
  ARIMA(0,0,3)(1,1,2)[24] : aic=169711.574
  ARIMA(0,0,3)(2,1,0)[24] : aic=172259.717
  ARIMA(0,0,3)(2,1,1)[24] : aic=169709.596
  ARIMA(0,0,3)(2,1,2)[24] : aic=169687.796
  ARIMA(0,0,4)(0,1,0)[24] : aic=176034.702
  ARIMA(0,0,4)(0,1,1)[24] : aic=168763.474
  ARIMA(0,0,4)(0,1,2)[24] : aic=167901.881
  ARIMA(0,0,4)(1,1,0)[24] : aic=172731.550
  ARIMA(0,0,4)(1,1,1)[24] : aic=167928.246
  ARIMA(0,0,4)(1,1,2)[24] : aic=167899.463
  ARIMA(0,0,4)(2,1,0)[24] : aic=170888.545
  ARIMA(0,0,4)(2,1,1)[24] : aic=167892.107
  ARIMA(0,0,4)(2,1,2)[24] : aic=167846.307
  ARIMA(0,0,5)(0,1,0)[24] : aic=175377.889
  ARIMA(0,0,5)(0,1,1)[24] : aic=167478.586
  ARIMA(0,0,5)(0,1,2)[24] : aic=166646.098
  ARIMA(0,0,5)(1,1,0)[24] : aic=171993.792
  ARIMA(0,0,5)(1,1,1)[24] : aic=166690.145
  ARIMA(0,0,5)(1,1,2)[24] : aic=166647.907
  ARIMA(0,0,5)(2,1,0)[24] : aic=170058.030
  ARIMA(0,0,5)(2,1,1)[24] : aic=166633.468
  ARIMA(0,0,5)(2,1,2)[24] : aic=166558.354
  ARIMA(1,0,0)(0,1,0)[24] : aic=175519.326
  ARIMA(1,0,0)(0,1,1)[24] : aic=166059.159
  ARIMA(1,0,0)(0,1,2)[24] : aic=165031.972
  ARIMA(1,0,0)(1,1,0)[24] : aic=172360.674
  ARIMA(1,0,0)(1,1,1)[24] : aic=165174.724
  ARIMA(1,0,0)(1,1,2)[24] : aic=165019.995
  ARIMA(1,0,0)(2,1,0)[24] : aic=170214.079
  ARIMA(1,0,0)(2,1,1)[24] : aic=164911.117
  ARIMA(1,0,0)(2,1,2)[24] : aic=164577.371
  ARIMA(1,0,1)(0,1,0)[24] : aic=174693.004
  ARIMA(1,0,1)(0,1,1)[24] : aic=164847.729
  ARIMA(1,0,1)(0,1,2)[24] : aic=164068.241
  ARIMA(1,0,1)(1,1,0)[24] : aic=171222.098
  ARIMA(1,0,1)(1,1,1)[24] : aic=164174.688
  ARIMA(1,0,1)(1,1,2)[24] : aic=164050.301
  ARIMA(1,0,1)(2,1,0)[24] : aic=169011.159
  ARIMA(1,0,1)(2,1,1)[24] : aic=163964.817
  ARIMA(1,0,1)(2,1,2)[24] : aic=163702.837
  ARIMA(1,0,2)(0,1,0)[24] : aic=174642.226
  ARIMA(1,0,2)(0,1,1)[24] : aic=164846.876
  ARIMA(1,0,2)(0,1,2)[24] : aic=164069.249
  ARIMA(1,0,2)(1,1,0)[24] : aic=171165.320
  ARIMA(1,0,2)(1,1,1)[24] : aic=164175.417
  ARIMA(1,0,2)(1,1,2)[24] : aic=164051.234
  ARIMA(1,0,2)(2,1,0)[24] : aic=168960.006
  ARIMA(1,0,2)(2,1,1)[24] : aic=163966.130
  ARIMA(1,0,2)(2,1,2)[24] : aic=163704.795
  ARIMA(1,0,3)(0,1,0)[24] : aic=174538.670
  ARIMA(1,0,3)(0,1,1)[24] : aic=164441.662
  ARIMA(1,0,3)(0,1,2)[24] : aic=163682.002
  ARIMA(1,0,3)(1,1,0)[24] : aic=171035.061
  ARIMA(1,0,3)(1,1,1)[24] : aic=163787.050
  ARIMA(1,0,3)(1,1,2)[24] : aic=163662.525
  ARIMA(1,0,3)(2,1,0)[24] : aic=168793.924
  ARIMA(1,0,3)(2,1,1)[24] : aic=163574.094
  ARIMA(1,0,3)(2,1,2)[24] : aic=163309.916
  ARIMA(1,0,4)(0,1,0)[24] : aic=174517.658
  ARIMA(1,0,4)(0,1,1)[24] : aic=164247.540
  ARIMA(1,0,4)(0,1,2)[24] : aic=163516.459
  ARIMA(1,0,4)(1,1,0)[24] : aic=170986.486
  ARIMA(1,0,4)(1,1,1)[24] : aic=163616.039
  ARIMA(1,0,4)(1,1,2)[24] : aic=163497.443
  ARIMA(1,0,4)(2,1,0)[24] : aic=168732.669
  ARIMA(1,0,4)(2,1,1)[24] : aic=163410.457
  ARIMA(1,0,4)(2,1,2)[24] : aic=163150.447
  ARIMA(1,0,5)(0,1,0)[24] : aic=174518.523
  ARIMA(1,0,5)(0,1,1)[24] : aic=164069.607
  ARIMA(1,0,5)(0,1,2)[24] : aic=163405.656
  ARIMA(1,0,5)(1,1,0)[24] : aic=170988.243
  ARIMA(1,0,5)(1,1,1)[24] : aic=163497.532
  ARIMA(1,0,5)(1,1,2)[24] : aic=163385.363
  ARIMA(1,0,5)(2,1,0)[24] : aic=168729.447
  ARIMA(1,0,5)(2,1,1)[24] : aic=163296.790
  ARIMA(1,0,5)(2,1,2)[24] : aic=163040.584
  ARIMA(2,0,0)(0,1,0)[24] : aic=174676.355
  ARIMA(2,0,0)(0,1,1)[24] : aic=164955.166
  ARIMA(2,0,0)(0,1,2)[24] : aic=164147.022
  ARIMA(2,0,0)(1,1,0)[24] : aic=171223.522
  ARIMA(2,0,0)(1,1,1)[24] : aic=164257.116
  ARIMA(2,0,0)(1,1,2)[24] : aic=164129.776
  ARIMA(2,0,0)(2,1,0)[24] : aic=169028.427
  ARIMA(2,0,0)(2,1,1)[24] : aic=164043.210
  ARIMA(2,0,0)(2,1,2)[24] : aic=163777.225
  ARIMA(2,0,1)(0,1,0)[24] : aic=174669.141
  ARIMA(2,0,1)(0,1,1)[24] : aic=164848.593
  ARIMA(2,0,1)(0,1,2)[24] : aic=164069.861
  ARIMA(2,0,1)(1,1,0)[24] : aic=171194.918
  ARIMA(2,0,1)(1,1,1)[24] : aic=164176.207
  ARIMA(2,0,1)(1,1,2)[24] : aic=164051.870
  ARIMA(2,0,1)(2,1,0)[24] : aic=168987.652
  ARIMA(2,0,1)(2,1,1)[24] : aic=163966.563
  ARIMA(2,0,1)(2,1,2)[24] : aic=163704.639
  ARIMA(2,0,2)(0,1,0)[24] : aic=174608.673
  ARIMA(2,0,2)(0,1,1)[24] : aic=164798.600
  ARIMA(2,0,2)(0,1,2)[24] : aic=164026.766
  ARIMA(2,0,2)(1,1,0)[24] : aic=171129.011
  ARIMA(2,0,2)(1,1,1)[24] : aic=164132.521
  ARIMA(2,0,2)(1,1,2)[24] : aic=164008.307
  ARIMA(2,0,2)(2,1,0)[24] : aic=168915.117
  ARIMA(2,0,2)(2,1,1)[24] : aic=163923.599
  ARIMA(2,0,2)(2,1,2)[24] : aic=163667.077
  ARIMA(2,0,3)(0,1,0)[24] : aic=174522.149
  ARIMA(2,0,3)(0,1,1)[24] : aic=163670.208
  ARIMA(2,0,3)(0,1,2)[24] : aic=162987.232
  ARIMA(2,0,3)(1,1,0)[24] : aic=170984.573
  ARIMA(2,0,3)(1,1,1)[24] : aic=163077.979
  ARIMA(2,0,3)(1,1,2)[24] : aic=162965.898
  ARIMA(2,0,3)(2,1,0)[24] : aic=168702.599
  ARIMA(2,0,3)(2,1,1)[24] : aic=162873.037
  ARIMA(2,0,3)(2,1,2)[24] : aic=162604.293
  ARIMA(2,0,4)(0,1,0)[24] : aic=174515.061
  ARIMA(2,0,4)(0,1,1)[24] : aic=163665.605
  ARIMA(2,0,4)(0,1,2)[24] : aic=162963.552
  ARIMA(2,0,4)(1,1,0)[24] : aic=170986.512
  ARIMA(2,0,4)(1,1,1)[24] : aic=163061.725
  ARIMA(2,0,4)(1,1,2)[24] : aic=162942.887
  ARIMA(2,0,4)(2,1,0)[24] : aic=168683.397
  ARIMA(2,0,4)(2,1,1)[24] : aic=162850.125
  ARIMA(2,0,4)(2,1,2)[24] : aic=162582.471
  ARIMA(2,0,5)(0,1,0)[24] : aic=174520.809
  ARIMA(2,0,5)(0,1,1)[24] : aic=163664.113
  ARIMA(2,0,5)(0,1,2)[24] : aic=162960.701
  ARIMA(2,0,5)(1,1,0)[24] : aic=170990.133
  ARIMA(2,0,5)(1,1,1)[24] : aic=163058.688
  ARIMA(2,0,5)(1,1,2)[24] : aic=162940.213
  ARIMA(2,0,5)(2,1,0)[24] : aic=168670.608
  ARIMA(2,0,5)(2,1,1)[24] : aic=162848.147
  ARIMA(2,0,5)(2,1,2)[24] : aic=162581.300
  ARIMA(3,0,0)(0,1,0)[24] : aic=174661.326
  ARIMA(3,0,0)(0,1,1)[24] : aic=164727.238
  ARIMA(3,0,0)(0,1,2)[24] : aic=163973.655
  ARIMA(3,0,0)(1,1,0)[24] : aic=171170.029
  ARIMA(3,0,0)(1,1,1)[24] : aic=164076.925
  ARIMA(3,0,0)(1,1,2)[24] : aic=163954.608
  ARIMA(3,0,0)(2,1,0)[24] : aic=168950.722
  ARIMA(3,0,0)(2,1,1)[24] : aic=163869.874
  ARIMA(3,0,0)(2,1,2)[24] : aic=163610.288
  ARIMA(3,0,1)(0,1,0)[24] : aic=174598.022
  ARIMA(3,0,1)(0,1,1)[24] : aic=163738.869
  ARIMA(3,0,1)(0,1,2)[24] : aic=163045.363
  ARIMA(3,0,1)(1,1,0)[24] : aic=171048.176
  ARIMA(3,0,1)(1,1,1)[24] : aic=163142.718
  ARIMA(3,0,1)(1,1,2)[24] : aic=163030.079
  ARIMA(3,0,1)(2,1,0)[24] : aic=168772.044
  ARIMA(3,0,1)(2,1,1)[24] : aic=162936.510
  ARIMA(3,0,1)(2,1,2)[24] : aic=162663.171
  ARIMA(3,0,2)(0,1,0)[24] : aic=174516.216
  ARIMA(3,0,2)(0,1,1)[24] : aic=163737.859
  ARIMA(3,0,2)(0,1,2)[24] : aic=163045.202
  ARIMA(3,0,2)(1,1,0)[24] : aic=170983.429
  ARIMA(3,0,2)(1,1,1)[24] : aic=163147.322
  ARIMA(3,0,2)(1,1,2)[24] : aic=163024.046
  ARIMA(3,0,2)(2,1,0)[24] : aic=168731.188
  ARIMA(3,0,2)(2,1,1)[24] : aic=162936.317
  ARIMA(3,0,2)(2,1,2)[24] : aic=162663.692
  ARIMA(3,0,3)(0,1,0)[24] : aic=174519.870
  ARIMA(3,0,3)(0,1,1)[24] : aic=163663.701
  ARIMA(3,0,3)(0,1,2)[24] : aic=162974.188
  ARIMA(3,0,3)(1,1,0)[24] : aic=170990.955
  ARIMA(3,0,3)(1,1,1)[24] : aic=163066.034
  ARIMA(3,0,3)(1,1,2)[24] : aic=162953.064
  ARIMA(3,0,3)(2,1,0)[24] : aic=168694.458
  ARIMA(3,0,3)(2,1,1)[24] : aic=162860.028
  ARIMA(3,0,3)(2,1,2)[24] : aic=162592.418
  ARIMA(3,0,4)(0,1,0)[24] : aic=174522.252
  ARIMA(3,0,4)(0,1,1)[24] : aic=163669.929
  ARIMA(3,0,4)(0,1,2)[24] : aic=162963.973
  ARIMA(3,0,4)(1,1,0)[24] : aic=170629.905
  ARIMA(3,0,4)(1,1,1)[24] : aic=163058.352
  ARIMA(3,0,4)(1,1,2)[24] : aic=162944.564
  ARIMA(3,0,4)(2,1,0)[24] : aic=168675.235
  ARIMA(3,0,4)(2,1,1)[24] : aic=162855.906
  ARIMA(3,0,4)(2,1,2)[24] : aic=162596.917
  ARIMA(3,0,5)(0,1,0)[24] : aic=174518.889
  ARIMA(3,0,5)(0,1,1)[24] : aic=163655.488
  ARIMA(3,0,5)(0,1,2)[24] : aic=162925.094
  ARIMA(3,0,5)(1,1,0)[24] : aic=170961.491
  ARIMA(3,0,5)(1,1,1)[24] : aic=163025.276
  ARIMA(3,0,5)(1,1,2)[24] : aic=162907.801
  ARIMA(3,0,5)(2,1,0)[24] : aic=168366.026
  ARIMA(3,0,5)(2,1,1)[24] : aic=162819.358
  ARIMA(3,0,5)(2,1,2)[24] : aic=162558.827
  ARIMA(4,0,0)(0,1,0)[24] : aic=174513.660
  ARIMA(4,0,0)(0,1,1)[24] : aic=164377.761
  ARIMA(4,0,0)(0,1,2)[24] : aic=163634.376
  ARIMA(4,0,0)(1,1,0)[24] : aic=170986.798
  ARIMA(4,0,0)(1,1,1)[24] : aic=163736.936
  ARIMA(4,0,0)(1,1,2)[24] : aic=163614.350
  ARIMA(4,0,0)(2,1,0)[24] : aic=168734.519
  ARIMA(4,0,0)(2,1,1)[24] : aic=163528.205
  ARIMA(4,0,0)(2,1,2)[24] : aic=163271.973
  ARIMA(4,0,1)(0,1,0)[24] : aic=174515.155
  ARIMA(4,0,1)(0,1,1)[24] : aic=163736.669
  ARIMA(4,0,1)(0,1,2)[24] : aic=163044.145
  ARIMA(4,0,1)(1,1,0)[24] : aic=170985.340
  ARIMA(4,0,1)(1,1,1)[24] : aic=163141.169
  ARIMA(4,0,1)(1,1,2)[24] : aic=163027.550
  ARIMA(4,0,1)(2,1,0)[24] : aic=168730.040
  ARIMA(4,0,1)(2,1,1)[24] : aic=162934.524
  ARIMA(4,0,1)(2,1,2)[24] : aic=162664.096
  ARIMA(4,0,2)(0,1,0)[24] : aic=174516.837
  ARIMA(4,0,2)(0,1,1)[24] : aic=163741.314
  ARIMA(4,0,2)(0,1,2)[24] : aic=163035.821
  ARIMA(4,0,2)(1,1,0)[24] : aic=170987.345
  ARIMA(4,0,2)(1,1,1)[24] : aic=163132.837
  ARIMA(4,0,2)(1,1,2)[24] : aic=163025.653
  ARIMA(4,0,2)(2,1,0)[24] : aic=168731.341
  ARIMA(4,0,2)(2,1,1)[24] : aic=162925.748
  ARIMA(4,0,2)(2,1,2)[24] : aic=162658.683
  ARIMA(4,0,3)(0,1,0)[24] : aic=174517.205
  ARIMA(4,0,3)(0,1,1)[24] : aic=163741.509
  ARIMA(4,0,3)(0,1,2)[24] : aic=163036.390
  ARIMA(4,0,3)(1,1,0)[24] : aic=170987.243
  ARIMA(4,0,3)(1,1,1)[24] : aic=163134.945
  ARIMA(4,0,3)(1,1,2)[24] : aic=163017.188
  ARIMA(4,0,3)(2,1,0)[24] : aic=168679.249
  ARIMA(4,0,3)(2,1,1)[24] : aic=162928.202
  ARIMA(4,0,3)(2,1,2)[24] : aic=162662.199
  ARIMA(4,0,4)(0,1,0)[24] : aic=173739.953
  ARIMA(4,0,4)(0,1,1)[24] : aic=163658.983
  ARIMA(4,0,4)(0,1,2)[24] : aic=163657.672
  ARIMA(4,0,4)(1,1,0)[24] : aic=170929.765
  ARIMA(4,0,4)(1,1,1)[24] : aic=163034.170
  ARIMA(4,0,4)(1,1,2)[24] : aic=163640.357
  ARIMA(4,0,4)(2,1,0)[24] : aic=168659.900
  ARIMA(4,0,4)(2,1,1)[24] : aic=163553.974
  ARIMA(4,0,4)(2,1,2)[24] : aic=163308.309
  ARIMA(4,0,5)(0,1,0)[24] : aic=173226.552
  ARIMA(4,0,5)(0,1,1)[24] : aic=163350.067
  ARIMA(4,0,5)(0,1,2)[24] : aic=163034.779
  ARIMA(4,0,5)(1,1,0)[24] : aic=170743.065
  ARIMA(4,0,5)(1,1,1)[24] : aic=162900.528
  ARIMA(4,0,5)(1,1,2)[24] : aic=162867.812
  ARIMA(4,0,5)(2,1,0)[24] : aic=168243.973
  ARIMA(4,0,5)(2,1,1)[24] : aic=162715.340
  ARIMA(4,0,5)(2,1,2)[24] : aic=162618.055
  ARIMA(5,0,0)(0,1,0)[24] : aic=174515.096
  ARIMA(5,0,0)(0,1,1)[24] : aic=164351.612
  ARIMA(5,0,0)(0,1,2)[24] : aic=163608.648
  ARIMA(5,0,0)(1,1,0)[24] : aic=170985.445
  ARIMA(5,0,0)(1,1,1)[24] : aic=163710.833
  ARIMA(5,0,0)(1,1,2)[24] : aic=163588.805
  ARIMA(5,0,0)(2,1,0)[24] : aic=168731.097
  ARIMA(5,0,0)(2,1,1)[24] : aic=163502.779
  ARIMA(5,0,0)(2,1,2)[24] : aic=163246.026
  ARIMA(5,0,1)(0,1,0)[24] : aic=174517.096
  ARIMA(5,0,1)(0,1,1)[24] : aic=163675.751
  ARIMA(5,0,1)(0,1,2)[24] : aic=162970.027
  ARIMA(5,0,1)(1,1,0)[24] : aic=170987.482
  ARIMA(5,0,1)(1,1,1)[24] : aic=163068.490
  ARIMA(5,0,1)(1,1,2)[24] : aic=162949.949
  ARIMA(5,0,1)(2,1,0)[24] : aic=168665.990
  ARIMA(5,0,1)(2,1,1)[24] : aic=162858.780
  ARIMA(5,0,1)(2,1,2)[24] : aic=162593.440
  ARIMA(5,0,2)(0,1,0)[24] : aic=174518.878
  ARIMA(5,0,2)(0,1,1)[24] : aic=163740.046
  ARIMA(5,0,2)(0,1,2)[24] : aic=163037.886
  ARIMA(5,0,2)(1,1,0)[24] : aic=170989.339
  ARIMA(5,0,2)(1,1,1)[24] : aic=163133.923
  ARIMA(5,0,2)(1,1,2)[24] : aic=163019.529
  ARIMA(5,0,2)(2,1,0)[24] : aic=168733.571
  ARIMA(5,0,2)(2,1,1)[24] : aic=162925.993
  ARIMA(5,0,2)(2,1,2)[24] : aic=162656.992
  ARIMA(5,0,3)(0,1,0)[24] : aic=173499.693
  ARIMA(5,0,3)(0,1,1)[24] : aic=163728.764
  ARIMA(5,0,3)(0,1,2)[24] : aic=162898.299
  ARIMA(5,0,3)(1,1,0)[24] : aic=170942.368
  ARIMA(5,0,3)(1,1,1)[24] : aic=163100.271
  ARIMA(5,0,3)(1,1,2)[24] : aic=162885.049
  ARIMA(5,0,3)(2,1,0)[24] : aic=168682.074
  ARIMA(5,0,3)(2,1,1)[24] : aic=162921.034
  ARIMA(5,0,3)(2,1,2)[24] : aic=162569.441
  ARIMA(5,0,4)(0,1,0)[24] : aic=173583.025
  ARIMA(5,0,4)(0,1,1)[24] : aic=163637.369
  ARIMA(5,0,4)(0,1,2)[24] : aic=163498.110
  ARIMA(5,0,4)(1,1,0)[24] : aic=170309.036
  ARIMA(5,0,4)(1,1,1)[24] : aic=163138.732
  ARIMA(5,0,4)(1,1,2)[24] : aic=163480.754
  ARIMA(5,0,4)(2,1,0)[24] : aic=168315.467
  ARIMA(5,0,4)(2,1,1)[24] : aic=163402.691
  ARIMA(5,0,4)(2,1,2)[24] : aic=163155.812
  ARIMA(5,0,5)(0,1,0)[24] : aic=172695.322
  ARIMA(5,0,5)(0,1,1)[24] : aic=163536.099
  ARIMA(5,0,5)(0,1,2)[24] : aic=162685.306
  ARIMA(5,0,5)(1,1,0)[24] : aic=170177.011
  ARIMA(5,0,5)(1,1,1)[24] : aic=163038.048
  ARIMA(5,0,5)(1,1,2)[24] : aic=162807.676
  ARIMA(5,0,5)(2,1,0)[24] : aic=168032.951
  ARIMA(5,0,5)(2,1,1)[24] : aic=162712.589
  ARIMA(5,0,5)(2,1,2)[24] : aic=162583.028
