/Users/lab2/Documents/GitHub/Rust-python-arima2/rustima/python/rustima/auto.py:401: UserWarning: near-cancellation detected in fitted ARMA(2,1) parameters (min inverted-root distance < 0.05). Model may be non-identifiable.
  raw_results = rustima.sarimax_grid_search(
/Users/lab2/Documents/GitHub/Rust-python-arima2/rustima/python/rustima/auto.py:401: UserWarning: near-cancellation detected in fitted ARMA(2,2) parameters (min inverted-root distance < 0.05). Model may be non-identifiable.
  raw_results = rustima.sarimax_grid_search(
/Users/lab2/Documents/GitHub/Rust-python-arima2/rustima/python/rustima/auto.py:401: UserWarning: near-cancellation detected in fitted ARMA(3,3) parameters (min inverted-root distance < 0.05). Model may be non-identifiable.
  raw_results = rustima.sarimax_grid_search(
/Users/lab2/Documents/GitHub/Rust-python-arima2/rustima/python/rustima/auto.py:401: UserWarning: near-cancellation detected in fitted ARMA(4,4) parameters (min inverted-root distance < 0.05). Model may be non-identifiable.
  raw_results = rustima.sarimax_grid_search(
/Users/lab2/Documents/GitHub/Rust-python-arima2/rustima/python/rustima/auto.py:401: UserWarning: near-cancellation detected in fitted ARMA(5,3) parameters (min inverted-root distance < 0.05). Model may be non-identifiable.
  raw_results = rustima.sarimax_grid_search(
  ARIMA(0,0,0)(0,1,0)[24] : aic=207799.031
  ARIMA(0,0,0)(0,1,1)[24] : aic=205598.742
  ARIMA(0,0,0)(0,1,2)[24] : aic=204924.681
  ARIMA(0,0,0)(1,1,0)[24] : aic=206238.202
  ARIMA(0,0,0)(1,1,1)[24] : aic=204698.832
  ARIMA(0,0,0)(1,1,2)[24] : aic=204700.755
  ARIMA(0,0,0)(2,1,0)[24] : aic=205799.135
  ARIMA(0,0,0)(2,1,1)[24] : aic=204788.871
  ARIMA(0,0,0)(2,1,2)[24] : aic=204703.787
  ARIMA(0,0,1)(0,1,0)[24] : aic=188203.960
  ARIMA(0,0,1)(0,1,1)[24] : aic=184459.681
  ARIMA(0,0,1)(0,1,2)[24] : aic=183718.379
  ARIMA(0,0,1)(1,1,0)[24] : aic=185825.399
  ARIMA(0,0,1)(1,1,1)[24] : aic=183527.763
  ARIMA(0,0,1)(1,1,2)[24] : aic=183523.010
  ARIMA(0,0,1)(2,1,0)[24] : aic=185000.193
  ARIMA(0,0,1)(2,1,1)[24] : aic=183521.554
  ARIMA(0,0,1)(2,1,2)[24] : aic=183517.179
  ARIMA(0,0,2)(0,1,0)[24] : aic=179844.058
  ARIMA(0,0,2)(0,1,1)[24] : aic=174507.572
  ARIMA(0,0,2)(0,1,2)[24] : aic=173684.204
  ARIMA(0,0,2)(1,1,0)[24] : aic=176918.439
  ARIMA(0,0,2)(1,1,1)[24] : aic=173612.286
  ARIMA(0,0,2)(1,1,2)[24] : aic=173614.113
  ARIMA(0,0,2)(2,1,0)[24] : aic=175597.693
  ARIMA(0,0,2)(2,1,1)[24] : aic=173613.935
  ARIMA(0,0,2)(2,1,2)[24] : aic=173616.299
  ARIMA(0,0,3)(0,1,0)[24] : aic=177112.873
  ARIMA(0,0,3)(0,1,1)[24] : aic=170567.367
  ARIMA(0,0,3)(0,1,2)[24] : aic=169734.620
  ARIMA(0,0,3)(1,1,0)[24] : aic=173893.844
  ARIMA(0,0,3)(1,1,1)[24] : aic=169721.312
  ARIMA(0,0,3)(1,1,2)[24] : aic=169713.522
  ARIMA(0,0,3)(2,1,0)[24] : aic=172261.713
  ARIMA(0,0,3)(2,1,1)[24] : aic=169711.545
  ARIMA(0,0,3)(2,1,2)[24] : aic=169689.821
  ARIMA(0,0,4)(0,1,0)[24] : aic=176036.701
  ARIMA(0,0,4)(0,1,1)[24] : aic=168765.445
  ARIMA(0,0,4)(0,1,2)[24] : aic=167903.819
  ARIMA(0,0,4)(1,1,0)[24] : aic=172733.547
  ARIMA(0,0,4)(1,1,1)[24] : aic=167930.192
  ARIMA(0,0,4)(1,1,2)[24] : aic=167901.394
  ARIMA(0,0,4)(2,1,0)[24] : aic=170890.542
  ARIMA(0,0,4)(2,1,1)[24] : aic=167894.055
  ARIMA(0,0,4)(2,1,2)[24] : aic=167848.138
  ARIMA(0,0,5)(0,1,0)[24] : aic=175379.887
  ARIMA(0,0,5)(0,1,1)[24] : aic=167480.553
  ARIMA(0,0,5)(0,1,2)[24] : aic=166648.046
  ARIMA(0,0,5)(1,1,0)[24] : aic=171995.790
  ARIMA(0,0,5)(1,1,1)[24] : aic=166692.092
  ARIMA(0,0,5)(1,1,2)[24] : aic=166649.831
  ARIMA(0,0,5)(2,1,0)[24] : aic=170060.028
  ARIMA(0,0,5)(2,1,1)[24] : aic=166635.416
  ARIMA(0,0,5)(2,1,2)[24] : aic=166560.409
  ARIMA(1,0,0)(0,1,0)[24] : aic=175521.325
  ARIMA(1,0,0)(0,1,1)[24] : aic=166061.142
  ARIMA(1,0,0)(0,1,2)[24] : aic=165033.955
  ARIMA(1,0,0)(1,1,0)[24] : aic=172362.673
  ARIMA(1,0,0)(1,1,1)[24] : aic=165176.707
  ARIMA(1,0,0)(1,1,2)[24] : aic=165021.994
  ARIMA(1,0,0)(2,1,0)[24] : aic=170216.078
  ARIMA(1,0,0)(2,1,1)[24] : aic=164913.098
  ARIMA(1,0,0)(2,1,2)[24] : aic=164579.152
  ARIMA(1,0,1)(0,1,0)[24] : aic=174695.003
  ARIMA(1,0,1)(0,1,1)[24] : aic=164849.707
  ARIMA(1,0,1)(0,1,2)[24] : aic=164070.226
  ARIMA(1,0,1)(1,1,0)[24] : aic=171224.097
  ARIMA(1,0,1)(1,1,1)[24] : aic=164176.666
  ARIMA(1,0,1)(1,1,2)[24] : aic=164052.280
  ARIMA(1,0,1)(2,1,0)[24] : aic=169013.157
  ARIMA(1,0,1)(2,1,1)[24] : aic=163966.793
  ARIMA(1,0,1)(2,1,2)[24] : aic=163704.540
  ARIMA(1,0,2)(0,1,0)[24] : aic=174644.230
  ARIMA(1,0,2)(0,1,1)[24] : aic=164848.853
  ARIMA(1,0,2)(0,1,2)[24] : aic=164071.225
  ARIMA(1,0,2)(1,1,0)[24] : aic=171167.323
  ARIMA(1,0,2)(1,1,1)[24] : aic=164177.394
  ARIMA(1,0,2)(1,1,2)[24] : aic=164053.210
  ARIMA(1,0,2)(2,1,0)[24] : aic=168962.003
  ARIMA(1,0,2)(2,1,1)[24] : aic=163968.103
  ARIMA(1,0,2)(2,1,2)[24] : aic=163706.595
  ARIMA(1,0,3)(0,1,0)[24] : aic=174540.669
  ARIMA(1,0,3)(0,1,1)[24] : aic=164443.646
  ARIMA(1,0,3)(0,1,2)[24] : aic=163683.981
  ARIMA(1,0,3)(1,1,0)[24] : aic=171037.061
  ARIMA(1,0,3)(1,1,1)[24] : aic=163789.034
  ARIMA(1,0,3)(1,1,2)[24] : aic=163664.514
  ARIMA(1,0,3)(2,1,0)[24] : aic=168795.922
  ARIMA(1,0,3)(2,1,1)[24] : aic=163576.074
  ARIMA(1,0,3)(2,1,2)[24] : aic=163311.773
  ARIMA(1,0,4)(0,1,0)[24] : aic=174519.658
  ARIMA(1,0,4)(0,1,1)[24] : aic=164249.528
  ARIMA(1,0,4)(0,1,2)[24] : aic=163518.443
  ARIMA(1,0,4)(1,1,0)[24] : aic=170988.484
  ARIMA(1,0,4)(1,1,1)[24] : aic=163618.026
  ARIMA(1,0,4)(1,1,2)[24] : aic=163499.445
  ARIMA(1,0,4)(2,1,0)[24] : aic=168734.668
  ARIMA(1,0,4)(2,1,1)[24] : aic=163412.445
  ARIMA(1,0,4)(2,1,2)[24] : aic=163152.260
  ARIMA(1,0,5)(0,1,0)[24] : aic=174520.524
  ARIMA(1,0,5)(0,1,1)[24] : aic=164071.603
  ARIMA(1,0,5)(0,1,2)[24] : aic=163407.650
  ARIMA(1,0,5)(1,1,0)[24] : aic=170990.241
  ARIMA(1,0,5)(1,1,1)[24] : aic=163499.539
  ARIMA(1,0,5)(1,1,2)[24] : aic=163387.464
  ARIMA(1,0,5)(2,1,0)[24] : aic=168731.445
  ARIMA(1,0,5)(2,1,1)[24] : aic=163298.780
  ARIMA(1,0,5)(2,1,2)[24] : aic=163034.484
  ARIMA(2,0,0)(0,1,0)[24] : aic=174678.355
  ARIMA(2,0,0)(0,1,1)[24] : aic=164957.142
  ARIMA(2,0,0)(0,1,2)[24] : aic=164149.006
  ARIMA(2,0,0)(1,1,0)[24] : aic=171225.521
  ARIMA(2,0,0)(1,1,1)[24] : aic=164259.093
  ARIMA(2,0,0)(1,1,2)[24] : aic=164131.769
  ARIMA(2,0,0)(2,1,0)[24] : aic=169030.426
  ARIMA(2,0,0)(2,1,1)[24] : aic=164045.185
  ARIMA(2,0,0)(2,1,2)[24] : aic=163779.420
  ARIMA(2,0,1)(0,1,0)[24] : aic=174671.140
  ARIMA(2,0,1)(0,1,1)[24] : aic=164850.570
  ARIMA(2,0,1)(0,1,2)[24] : aic=164071.853
  ARIMA(2,0,1)(1,1,0)[24] : aic=171196.916
  ARIMA(2,0,1)(1,1,1)[24] : aic=164178.184
  ARIMA(2,0,1)(1,1,2)[24] : aic=164053.794
  ARIMA(2,0,1)(2,1,0)[24] : aic=168989.650
  ARIMA(2,0,1)(2,1,1)[24] : aic=163968.540
  ARIMA(2,0,1)(2,1,2)[24] : aic=163706.856
  ARIMA(2,0,2)(0,1,0)[24] : aic=174610.674
  ARIMA(2,0,2)(0,1,1)[24] : aic=164800.577
  ARIMA(2,0,2)(0,1,2)[24] : aic=164028.889
  ARIMA(2,0,2)(1,1,0)[24] : aic=171131.010
  ARIMA(2,0,2)(1,1,1)[24] : aic=164134.498
  ARIMA(2,0,2)(1,1,2)[24] : aic=164010.294
  ARIMA(2,0,2)(2,1,0)[24] : aic=168917.116
  ARIMA(2,0,2)(2,1,1)[24] : aic=163925.573
  ARIMA(2,0,2)(2,1,2)[24] : aic=163668.908
  ARIMA(2,0,3)(0,1,0)[24] : aic=174524.148
  ARIMA(2,0,3)(0,1,1)[24] : aic=163679.213
  ARIMA(2,0,3)(0,1,2)[24] : aic=162990.262
  ARIMA(2,0,3)(1,1,0)[24] : aic=170986.571
  ARIMA(2,0,3)(1,1,1)[24] : aic=163085.457
  ARIMA(2,0,3)(1,1,2)[24] : aic=162967.003
  ARIMA(2,0,3)(2,1,0)[24] : aic=168704.598
  ARIMA(2,0,3)(2,1,1)[24] : aic=162874.624
  ARIMA(2,0,3)(2,1,2)[24] : aic=163004.626
  ARIMA(2,0,4)(0,1,0)[24] : aic=174517.063
  ARIMA(2,0,4)(0,1,1)[24] : aic=163667.638
  ARIMA(2,0,4)(0,1,2)[24] : aic=162968.617
  ARIMA(2,0,4)(1,1,0)[24] : aic=170988.510
  ARIMA(2,0,4)(1,1,1)[24] : aic=163064.987
  ARIMA(2,0,4)(1,1,2)[24] : aic=162944.804
  ARIMA(2,0,4)(2,1,0)[24] : aic=168685.396
  ARIMA(2,0,4)(2,1,1)[24] : aic=162854.807
  ARIMA(2,0,4)(2,1,2)[24] : aic=162583.790
  ARIMA(2,0,5)(0,1,0)[24] : aic=174522.808
  ARIMA(2,0,5)(0,1,1)[24] : aic=163666.107
  ARIMA(2,0,5)(0,1,2)[24] : aic=162962.966
  ARIMA(2,0,5)(1,1,0)[24] : aic=170992.129
  ARIMA(2,0,5)(1,1,1)[24] : aic=163082.887
  ARIMA(2,0,5)(1,1,2)[24] : aic=162943.562
  ARIMA(2,0,5)(2,1,0)[24] : aic=168672.608
  ARIMA(2,0,5)(2,1,1)[24] : aic=162854.305
  ARIMA(2,0,5)(2,1,2)[24] : aic=162580.915
  ARIMA(3,0,0)(0,1,0)[24] : aic=174663.325
  ARIMA(3,0,0)(0,1,1)[24] : aic=164729.217
  ARIMA(3,0,0)(0,1,2)[24] : aic=163975.633
  ARIMA(3,0,0)(1,1,0)[24] : aic=171172.027
  ARIMA(3,0,0)(1,1,1)[24] : aic=164078.905
  ARIMA(3,0,0)(1,1,2)[24] : aic=163956.593
  ARIMA(3,0,0)(2,1,0)[24] : aic=168952.721
  ARIMA(3,0,0)(2,1,1)[24] : aic=163871.852
  ARIMA(3,0,0)(2,1,2)[24] : aic=163612.262
  ARIMA(3,0,1)(0,1,0)[24] : aic=174600.021
  ARIMA(3,0,1)(0,1,1)[24] : aic=163749.290
  ARIMA(3,0,1)(0,1,2)[24] : aic=163051.517
  ARIMA(3,0,1)(1,1,0)[24] : aic=171050.174
  ARIMA(3,0,1)(1,1,1)[24] : aic=163151.259
  ARIMA(3,0,1)(1,1,2)[24] : aic=163032.386
  ARIMA(3,0,1)(2,1,0)[24] : aic=168774.043
  ARIMA(3,0,1)(2,1,1)[24] : aic=162938.897
  ARIMA(3,0,1)(2,1,2)[24] : aic=163011.004
  ARIMA(3,0,2)(0,1,0)[24] : aic=174518.215
  ARIMA(3,0,2)(0,1,1)[24] : aic=163746.560
  ARIMA(3,0,2)(0,1,2)[24] : aic=163052.050
  ARIMA(3,0,2)(1,1,0)[24] : aic=170985.427
  ARIMA(3,0,2)(1,1,1)[24] : aic=163149.759
  ARIMA(3,0,2)(1,1,2)[24] : aic=163033.452
  ARIMA(3,0,2)(2,1,0)[24] : aic=168733.186
  ARIMA(3,0,2)(2,1,1)[24] : aic=162938.293
  ARIMA(3,0,2)(2,1,2)[24] : aic=162665.042
  ARIMA(3,0,3)(0,1,0)[24] : aic=174521.869
  ARIMA(3,0,3)(0,1,1)[24] : aic=163665.724
  ARIMA(3,0,3)(0,1,2)[24] : aic=162976.177
  ARIMA(3,0,3)(1,1,0)[24] : aic=170992.953
  ARIMA(3,0,3)(1,1,1)[24] : aic=163072.929
  ARIMA(3,0,3)(1,1,2)[24] : aic=162959.337
  ARIMA(3,0,3)(2,1,0)[24] : aic=168696.457
  ARIMA(3,0,3)(2,1,1)[24] : aic=162860.240
  ARIMA(3,0,3)(2,1,2)[24] : aic=162741.276
  ARIMA(3,0,4)(0,1,0)[24] : aic=174524.249
  ARIMA(3,0,4)(0,1,1)[24] : aic=163671.994
  ARIMA(3,0,4)(0,1,2)[24] : aic=162970.808
  ARIMA(3,0,4)(1,1,0)[24] : aic=170631.863
  ARIMA(3,0,4)(1,1,1)[24] : aic=163060.453
  ARIMA(3,0,4)(1,1,2)[24] : aic=162950.565
  ARIMA(3,0,4)(2,1,0)[24] : aic=168677.236
  ARIMA(3,0,4)(2,1,1)[24] : aic=162860.314
  ARIMA(3,0,4)(2,1,2)[24] : aic=162605.200
  ARIMA(3,0,5)(0,1,0)[24] : aic=174520.887
  ARIMA(3,0,5)(0,1,1)[24] : aic=163657.467
  ARIMA(3,0,5)(0,1,2)[24] : aic=162931.836
  ARIMA(3,0,5)(1,1,0)[24] : aic=170963.490
  ARIMA(3,0,5)(1,1,1)[24] : aic=163027.278
  ARIMA(3,0,5)(1,1,2)[24] : aic=162913.214
  ARIMA(3,0,5)(2,1,0)[24] : aic=168381.461
  ARIMA(3,0,5)(2,1,1)[24] : aic=162821.418
  ARIMA(3,0,5)(2,1,2)[24] : aic=162564.367
  ARIMA(4,0,0)(0,1,0)[24] : aic=174515.660
  ARIMA(4,0,0)(0,1,1)[24] : aic=164379.744
  ARIMA(4,0,0)(0,1,2)[24] : aic=163636.360
  ARIMA(4,0,0)(1,1,0)[24] : aic=170988.796
  ARIMA(4,0,0)(1,1,1)[24] : aic=163738.920
  ARIMA(4,0,0)(1,1,2)[24] : aic=163616.338
  ARIMA(4,0,0)(2,1,0)[24] : aic=168736.517
  ARIMA(4,0,0)(2,1,1)[24] : aic=163530.187
  ARIMA(4,0,0)(2,1,2)[24] : aic=163273.957
  ARIMA(4,0,1)(0,1,0)[24] : aic=174517.154
  ARIMA(4,0,1)(0,1,1)[24] : aic=163744.379
  ARIMA(4,0,1)(0,1,2)[24] : aic=163052.580
  ARIMA(4,0,1)(1,1,0)[24] : aic=170987.339
  ARIMA(4,0,1)(1,1,1)[24] : aic=163147.978
  ARIMA(4,0,1)(1,1,2)[24] : aic=163030.111
  ARIMA(4,0,1)(2,1,0)[24] : aic=168732.038
  ARIMA(4,0,1)(2,1,1)[24] : aic=162937.385
  ARIMA(4,0,1)(2,1,2)[24] : aic=162679.989
  ARIMA(4,0,2)(0,1,0)[24] : aic=174518.836
  ARIMA(4,0,2)(0,1,1)[24] : aic=163743.356
  ARIMA(4,0,2)(0,1,2)[24] : aic=163037.488
  ARIMA(4,0,2)(1,1,0)[24] : aic=170989.342
  ARIMA(4,0,2)(1,1,1)[24] : aic=163138.182
  ARIMA(4,0,2)(1,1,2)[24] : aic=163025.550
  ARIMA(4,0,2)(2,1,0)[24] : aic=168733.338
  ARIMA(4,0,2)(2,1,1)[24] : aic=162934.050
  ARIMA(4,0,2)(2,1,2)[24] : aic=162748.070
  ARIMA(4,0,3)(0,1,0)[24] : aic=174519.205
  ARIMA(4,0,3)(0,1,1)[24] : aic=163743.539
  ARIMA(4,0,3)(0,1,2)[24] : aic=163045.559
  ARIMA(4,0,3)(1,1,0)[24] : aic=170989.236
  ARIMA(4,0,3)(1,1,1)[24] : aic=163141.715
  ARIMA(4,0,3)(1,1,2)[24] : aic=163029.256
  ARIMA(4,0,3)(2,1,0)[24] : aic=168681.250
  ARIMA(4,0,3)(2,1,1)[24] : aic=162929.485
  ARIMA(4,0,3)(2,1,2)[24] : aic=162679.768
  ARIMA(4,0,4)(0,1,0)[24] : aic=173741.953
  ARIMA(4,0,4)(0,1,1)[24] : aic=163662.084
  ARIMA(4,0,4)(0,1,2)[24] : aic=163659.610
  ARIMA(4,0,4)(1,1,0)[24] : aic=170931.764
  ARIMA(4,0,4)(1,1,1)[24] : aic=163036.525
  ARIMA(4,0,4)(1,1,2)[24] : aic=163638.831
  ARIMA(4,0,4)(2,1,0)[24] : aic=168661.899
  ARIMA(4,0,4)(2,1,1)[24] : aic=163555.643
  ARIMA(4,0,4)(2,1,2)[24] : aic=163310.041
  ARIMA(4,0,5)(0,1,0)[24] : aic=173228.554
  ARIMA(4,0,5)(0,1,1)[24] : aic=163390.462
  ARIMA(4,0,5)(0,1,2)[24] : aic=162941.249
  ARIMA(4,0,5)(1,1,0)[24] : aic=170745.018
  ARIMA(4,0,5)(1,1,1)[24] : aic=162906.628
  ARIMA(4,0,5)(1,1,2)[24] : aic=162951.490
  ARIMA(4,0,5)(2,1,0)[24] : aic=168245.192
  ARIMA(4,0,5)(2,1,1)[24] : aic=162870.406
  ARIMA(4,0,5)(2,1,2)[24] : aic=162571.683
  ARIMA(5,0,0)(0,1,0)[24] : aic=174517.095
  ARIMA(5,0,0)(0,1,1)[24] : aic=164353.596
  ARIMA(5,0,0)(0,1,2)[24] : aic=163610.631
  ARIMA(5,0,0)(1,1,0)[24] : aic=170987.443
  ARIMA(5,0,0)(1,1,1)[24] : aic=163712.817
  ARIMA(5,0,0)(1,1,2)[24] : aic=163590.789
  ARIMA(5,0,0)(2,1,0)[24] : aic=168733.095
  ARIMA(5,0,0)(2,1,1)[24] : aic=163504.786
  ARIMA(5,0,0)(2,1,2)[24] : aic=163248.171
  ARIMA(5,0,1)(0,1,0)[24] : aic=174519.095
  ARIMA(5,0,1)(0,1,1)[24] : aic=163682.180
  ARIMA(5,0,1)(0,1,2)[24] : aic=162974.183
  ARIMA(5,0,1)(1,1,0)[24] : aic=170989.482
  ARIMA(5,0,1)(1,1,1)[24] : aic=163072.472
  ARIMA(5,0,1)(1,1,2)[24] : aic=162952.174
  ARIMA(5,0,1)(2,1,0)[24] : aic=168666.800
  ARIMA(5,0,1)(2,1,1)[24] : aic=162862.779
  ARIMA(5,0,1)(2,1,2)[24] : aic=162618.106
  ARIMA(5,0,2)(0,1,0)[24] : aic=174520.877
  ARIMA(5,0,2)(0,1,1)[24] : aic=163742.002
  ARIMA(5,0,2)(0,1,2)[24] : aic=163043.099
  ARIMA(5,0,2)(1,1,0)[24] : aic=170991.337
  ARIMA(5,0,2)(1,1,1)[24] : aic=163135.928
  ARIMA(5,0,2)(1,1,2)[24] : aic=163022.513
  ARIMA(5,0,2)(2,1,0)[24] : aic=168735.565
  ARIMA(5,0,2)(2,1,1)[24] : aic=162927.939
  ARIMA(5,0,2)(2,1,2)[24] : aic=162762.916
  ARIMA(5,0,3)(0,1,0)[24] : aic=173371.519
  ARIMA(5,0,3)(0,1,1)[24] : aic=163736.263
  ARIMA(5,0,3)(0,1,2)[24] : aic=162899.871
  ARIMA(5,0,3)(1,1,0)[24] : aic=170944.360
  ARIMA(5,0,3)(1,1,1)[24] : aic=163105.721
  ARIMA(5,0,3)(1,1,2)[24] : aic=162892.998
  ARIMA(5,0,3)(2,1,0)[24] : aic=168684.074
  ARIMA(5,0,3)(2,1,1)[24] : aic=162930.074
  ARIMA(5,0,3)(2,1,2)[24] : aic=162629.279
  ARIMA(5,0,4)(0,1,0)[24] : aic=173585.203
  ARIMA(5,0,4)(0,1,1)[24] : aic=163690.266
  ARIMA(5,0,4)(0,1,2)[24] : aic=163500.201
  ARIMA(5,0,4)(1,1,0)[24] : aic=170311.033
  ARIMA(5,0,4)(1,1,1)[24] : aic=163141.433
  ARIMA(5,0,4)(1,1,2)[24] : aic=163482.684
  ARIMA(5,0,4)(2,1,0)[24] : aic=168317.316
  ARIMA(5,0,4)(2,1,1)[24] : aic=163404.691
  ARIMA(5,0,4)(2,1,2)[24] : aic=163157.853
  ARIMA(5,0,5)(0,1,0)[24] : aic=172697.345
  ARIMA(5,0,5)(0,1,1)[24] : aic=163552.287
  ARIMA(5,0,5)(0,1,2)[24] : aic=162765.989
  ARIMA(5,0,5)(1,1,0)[24] : aic=170182.180
  ARIMA(5,0,5)(1,1,1)[24] : aic=163041.987
  ARIMA(5,0,5)(1,1,2)[24] : aic=162811.987
  ARIMA(5,0,5)(2,1,0)[24] : aic=168031.678
  ARIMA(5,0,5)(2,1,1)[24] : aic=162756.761
  ARIMA(5,0,5)(2,1,2)[24] : aic=162659.760
