/Users/lab2/Documents/GitHub/Rust-python-arima2/rustima/python/rustima/auto.py:401: UserWarning: near-cancellation detected in fitted ARMA(2,1) parameters (min inverted-root distance < 0.05). Model may be non-identifiable.
  raw_results = rustima.sarimax_grid_search(
/Users/lab2/Documents/GitHub/Rust-python-arima2/rustima/python/rustima/auto.py:401: UserWarning: near-cancellation detected in fitted ARMA(2,2) parameters (min inverted-root distance < 0.05). Model may be non-identifiable.
  raw_results = rustima.sarimax_grid_search(
/Users/lab2/Documents/GitHub/Rust-python-arima2/rustima/python/rustima/auto.py:401: UserWarning: near-cancellation detected in fitted ARMA(2,5) parameters (min inverted-root distance < 0.05). Model may be non-identifiable.
  raw_results = rustima.sarimax_grid_search(
/Users/lab2/Documents/GitHub/Rust-python-arima2/rustima/python/rustima/auto.py:401: UserWarning: near-cancellation detected in fitted ARMA(4,2) parameters (min inverted-root distance < 0.05). Model may be non-identifiable.
  raw_results = rustima.sarimax_grid_search(
/Users/lab2/Documents/GitHub/Rust-python-arima2/rustima/python/rustima/auto.py:401: UserWarning: near-cancellation detected in fitted ARMA(4,4) parameters (min inverted-root distance < 0.05). Model may be non-identifiable.
  raw_results = rustima.sarimax_grid_search(
/Users/lab2/Documents/GitHub/Rust-python-arima2/rustima/python/rustima/auto.py:401: UserWarning: near-cancellation detected in fitted ARMA(4,5) parameters (min inverted-root distance < 0.05). Model may be non-identifiable.
  raw_results = rustima.sarimax_grid_search(
/Users/lab2/Documents/GitHub/Rust-python-arima2/rustima/python/rustima/auto.py:401: UserWarning: near-cancellation detected in fitted ARMA(5,3) parameters (min inverted-root distance < 0.05). Model may be non-identifiable.
  raw_results = rustima.sarimax_grid_search(
/Users/lab2/Documents/GitHub/Rust-python-arima2/rustima/python/rustima/auto.py:401: UserWarning: near-cancellation detected in fitted ARMA(5,5) parameters (min inverted-root distance < 0.05). Model may be non-identifiable.
  raw_results = rustima.sarimax_grid_search(
  ARIMA(0,0,0)(0,1,0)[24] : aic=207797.115
  ARIMA(0,0,0)(0,1,1)[24] : aic=205622.129
  ARIMA(0,0,0)(0,1,2)[24] : aic=205078.776
  ARIMA(0,0,0)(1,1,0)[24] : aic=206235.000
  ARIMA(0,0,0)(1,1,1)[24] : aic=204981.170
  ARIMA(0,0,0)(1,1,2)[24] : aic=205078.271
  ARIMA(0,0,0)(2,1,0)[24] : aic=205816.934
  ARIMA(0,0,0)(2,1,1)[24] : aic=205607.768
  ARIMA(0,0,0)(2,1,2)[24] : aic=204956.171
  ARIMA(0,0,1)(0,1,0)[24] : aic=188202.579
  ARIMA(0,0,1)(0,1,1)[24] : aic=205759.447
  ARIMA(0,0,1)(0,1,2)[24] : aic=183706.783
  ARIMA(0,0,1)(1,1,0)[24] : aic=185822.853
  ARIMA(0,0,1)(1,1,1)[24] : aic=205798.652
  ARIMA(0,0,1)(1,1,2)[24] : aic=184261.880
  ARIMA(0,0,1)(2,1,0)[24] : aic=184996.514
  ARIMA(0,0,1)(2,1,1)[24] : aic=183886.559
  ARIMA(0,0,1)(2,1,2)[24] : aic=187963.725
  ARIMA(0,0,2)(0,1,0)[24] : aic=179843.109
  ARIMA(0,0,2)(0,1,1)[24] : aic=174556.011
  ARIMA(0,0,2)(0,1,2)[24] : aic=173672.532
  ARIMA(0,0,2)(1,1,0)[24] : aic=176917.907
  ARIMA(0,0,2)(1,1,1)[24] : aic=173598.019
  ARIMA(0,0,2)(1,1,2)[24] : aic=173764.516
  ARIMA(0,0,2)(2,1,0)[24] : aic=175594.856
  ARIMA(0,0,2)(2,1,1)[24] : aic=173599.816
  ARIMA(0,0,2)(2,1,2)[24] : aic=173602.086
  ARIMA(0,0,3)(0,1,0)[24] : aic=177116.726
  ARIMA(0,0,3)(0,1,1)[24] : aic=170613.422
  ARIMA(0,0,3)(0,1,2)[24] : aic=169797.132
  ARIMA(0,0,3)(1,1,0)[24] : aic=173892.490
  ARIMA(0,0,3)(1,1,1)[24] : aic=169878.306
  ARIMA(0,0,3)(1,1,2)[24] : aic=169946.567
  ARIMA(0,0,3)(2,1,0)[24] : aic=172263.363
  ARIMA(0,0,3)(2,1,1)[24] : aic=169905.326
  ARIMA(0,0,3)(2,1,2)[24] : aic=169793.280
  ARIMA(0,0,4)(0,1,0)[24] : aic=176038.470
  ARIMA(0,0,4)(0,1,1)[24] : aic=168800.923
  ARIMA(0,0,4)(0,1,2)[24] : aic=168184.285
  ARIMA(0,0,4)(1,1,0)[24] : aic=172732.667
  ARIMA(0,0,4)(1,1,1)[24] : aic=167972.245
  ARIMA(0,0,4)(1,1,2)[24] : aic=168191.785
  ARIMA(0,0,4)(2,1,0)[24] : aic=170889.115
  ARIMA(0,0,4)(2,1,1)[24] : aic=167924.262
  ARIMA(0,0,4)(2,1,2)[24] : aic=167909.016
  ARIMA(0,0,5)(0,1,0)[24] : aic=175383.884
  ARIMA(0,0,5)(0,1,1)[24] : aic=167499.566
  ARIMA(0,0,5)(0,1,2)[24] : aic=166864.412
  ARIMA(0,0,5)(1,1,0)[24] : aic=171994.909
  ARIMA(0,0,5)(1,1,1)[24] : aic=166696.582
  ARIMA(0,0,5)(1,1,2)[24] : aic=166754.793
  ARIMA(0,0,5)(2,1,0)[24] : aic=170058.573
  ARIMA(0,0,5)(2,1,1)[24] : aic=166649.217
  ARIMA(0,0,5)(2,1,2)[24] : aic=166679.400
  ARIMA(1,0,0)(0,1,0)[24] : aic=175521.153
  ARIMA(1,0,0)(0,1,1)[24] : aic=166183.594
  ARIMA(1,0,0)(0,1,2)[24] : aic=165103.012
  ARIMA(1,0,0)(1,1,0)[24] : aic=172362.386
  ARIMA(1,0,0)(1,1,1)[24] : aic=167211.955
  ARIMA(1,0,0)(1,1,2)[24] : aic=165098.642
  ARIMA(1,0,0)(2,1,0)[24] : aic=170215.657
  ARIMA(1,0,0)(2,1,1)[24] : aic=165799.482
  ARIMA(1,0,0)(2,1,2)[24] : aic=165506.637
  ARIMA(1,0,1)(0,1,0)[24] : aic=174694.778
  ARIMA(1,0,1)(0,1,1)[24] : aic=164954.803
  ARIMA(1,0,1)(0,1,2)[24] : aic=164140.783
  ARIMA(1,0,1)(1,1,0)[24] : aic=171223.694
  ARIMA(1,0,1)(1,1,1)[24] : aic=166500.595
  ARIMA(1,0,1)(1,1,2)[24] : aic=164126.149
  ARIMA(1,0,1)(2,1,0)[24] : aic=169012.555
  ARIMA(1,0,1)(2,1,1)[24] : aic=165451.161
  ARIMA(1,0,1)(2,1,2)[24] : aic=164402.445
  ARIMA(1,0,2)(0,1,0)[24] : aic=174643.978
  ARIMA(1,0,2)(0,1,1)[24] : aic=166462.127
  ARIMA(1,0,2)(0,1,2)[24] : aic=164136.653
  ARIMA(1,0,2)(1,1,0)[24] : aic=171166.870
  ARIMA(1,0,2)(1,1,1)[24] : aic=165651.778
  ARIMA(1,0,2)(1,1,2)[24] : aic=164122.745
  ARIMA(1,0,2)(2,1,0)[24] : aic=168961.335
  ARIMA(1,0,2)(2,1,1)[24] : aic=164843.992
  ARIMA(1,0,2)(2,1,2)[24] : aic=164407.471
  ARIMA(1,0,3)(0,1,0)[24] : aic=174540.459
  ARIMA(1,0,3)(0,1,1)[24] : aic=166102.187
  ARIMA(1,0,3)(0,1,2)[24] : aic=164248.185
  ARIMA(1,0,3)(1,1,0)[24] : aic=171036.695
  ARIMA(1,0,3)(1,1,1)[24] : aic=164546.664
  ARIMA(1,0,3)(1,1,2)[24] : aic=163738.234
  ARIMA(1,0,3)(2,1,0)[24] : aic=168795.401
  ARIMA(1,0,3)(2,1,1)[24] : aic=165245.657
  ARIMA(1,0,3)(2,1,2)[24] : aic=164123.457
  ARIMA(1,0,4)(0,1,0)[24] : aic=174519.458
  ARIMA(1,0,4)(0,1,1)[24] : aic=165048.615
  ARIMA(1,0,4)(0,1,2)[24] : aic=164279.217
  ARIMA(1,0,4)(1,1,0)[24] : aic=170992.898
  ARIMA(1,0,4)(1,1,1)[24] : aic=166542.693
  ARIMA(1,0,4)(1,1,2)[24] : aic=164307.583
  ARIMA(1,0,4)(2,1,0)[24] : aic=168761.742
  ARIMA(1,0,4)(2,1,1)[24] : aic=164502.220
  ARIMA(1,0,4)(2,1,2)[24] : aic=164336.939
  ARIMA(1,0,5)(0,1,0)[24] : aic=174520.321
  ARIMA(1,0,5)(0,1,1)[24] : aic=165516.586
  ARIMA(1,0,5)(0,1,2)[24] : aic=164264.622
  ARIMA(1,0,5)(1,1,0)[24] : aic=170998.472
  ARIMA(1,0,5)(1,1,1)[24] : aic=166454.035
  ARIMA(1,0,5)(1,1,2)[24] : aic=164287.871
  ARIMA(1,0,5)(2,1,0)[24] : aic=168762.597
  ARIMA(1,0,5)(2,1,1)[24] : aic=164507.173
  ARIMA(1,0,5)(2,1,2)[24] : aic=164318.475
  ARIMA(2,0,0)(0,1,0)[24] : aic=174678.111
  ARIMA(2,0,0)(0,1,1)[24] : aic=165360.244
  ARIMA(2,0,0)(0,1,2)[24] : aic=164208.630
  ARIMA(2,0,0)(1,1,0)[24] : aic=171225.073
  ARIMA(2,0,0)(1,1,1)[24] : aic=167373.380
  ARIMA(2,0,0)(1,1,2)[24] : aic=164198.441
  ARIMA(2,0,0)(2,1,0)[24] : aic=169029.758
  ARIMA(2,0,0)(2,1,1)[24] : aic=165311.115
  ARIMA(2,0,0)(2,1,2)[24] : aic=163932.440
  ARIMA(2,0,1)(0,1,0)[24] : aic=174670.902
  ARIMA(2,0,1)(0,1,1)[24] : aic=165045.904
  ARIMA(2,0,1)(0,1,2)[24] : aic=164143.092
  ARIMA(2,0,1)(1,1,0)[24] : aic=171196.487
  ARIMA(2,0,1)(1,1,1)[24] : aic=166203.045
  ARIMA(2,0,1)(1,1,2)[24] : aic=164128.438
  ARIMA(2,0,1)(2,1,0)[24] : aic=168989.033
  ARIMA(2,0,1)(2,1,1)[24] : aic=164693.251
  ARIMA(2,0,1)(2,1,2)[24] : aic=163856.045
  ARIMA(2,0,2)(0,1,0)[24] : aic=174610.430
  ARIMA(2,0,2)(0,1,1)[24] : aic=165487.018
  ARIMA(2,0,2)(0,1,2)[24] : aic=164093.894
  ARIMA(2,0,2)(1,1,0)[24] : aic=171130.570
  ARIMA(2,0,2)(1,1,1)[24] : aic=166868.476
  ARIMA(2,0,2)(1,1,2)[24] : aic=164079.514
  ARIMA(2,0,2)(2,1,0)[24] : aic=168916.469
  ARIMA(2,0,2)(2,1,1)[24] : aic=164005.096
  ARIMA(2,0,2)(2,1,2)[24] : aic=163837.937
  ARIMA(2,0,3)(0,1,0)[24] : aic=174602.511
  ARIMA(2,0,3)(0,1,1)[24] : aic=164963.158
  ARIMA(2,0,3)(0,1,2)[24] : aic=164433.785
  ARIMA(2,0,3)(1,1,0)[24] : aic=171112.049
  ARIMA(2,0,3)(1,1,1)[24] : aic=166884.100
  ARIMA(2,0,3)(1,1,2)[24] : aic=163941.325
  ARIMA(2,0,3)(2,1,0)[24] : aic=168911.189
  ARIMA(2,0,3)(2,1,1)[24] : aic=165107.240
  ARIMA(2,0,3)(2,1,2)[24] : aic=164063.474
  ARIMA(2,0,4)(0,1,0)[24] : aic=174516.858
  ARIMA(2,0,4)(0,1,1)[24] : aic=165359.567
  ARIMA(2,0,4)(0,1,2)[24] : aic=165032.745
  ARIMA(2,0,4)(1,1,0)[24] : aic=171115.069
  ARIMA(2,0,4)(1,1,1)[24] : aic=166849.506
  ARIMA(2,0,4)(1,1,2)[24] : aic=164811.148
  ARIMA(2,0,4)(2,1,0)[24] : aic=168757.022
  ARIMA(2,0,4)(2,1,1)[24] : aic=165139.380
  ARIMA(2,0,4)(2,1,2)[24] : aic=165114.610
  ARIMA(2,0,5)(0,1,0)[24] : aic=174557.973
  ARIMA(2,0,5)(0,1,1)[24] : aic=165231.974
  ARIMA(2,0,5)(0,1,2)[24] : aic=165000.552
  ARIMA(2,0,5)(1,1,0)[24] : aic=171073.553
  ARIMA(2,0,5)(1,1,1)[24] : aic=167065.275
  ARIMA(2,0,5)(1,1,2)[24] : aic=164683.016
  ARIMA(2,0,5)(2,1,0)[24] : aic=168945.368
  ARIMA(2,0,5)(2,1,1)[24] : aic=165048.791
  ARIMA(2,0,5)(2,1,2)[24] : aic=164962.559
  ARIMA(3,0,0)(0,1,0)[24] : aic=174663.093
  ARIMA(3,0,0)(0,1,1)[24] : aic=165920.168
  ARIMA(3,0,0)(0,1,2)[24] : aic=164034.834
  ARIMA(3,0,0)(1,1,0)[24] : aic=171171.617
  ARIMA(3,0,0)(1,1,1)[24] : aic=167343.781
  ARIMA(3,0,0)(1,1,2)[24] : aic=164022.656
  ARIMA(3,0,0)(2,1,0)[24] : aic=168952.117
  ARIMA(3,0,0)(2,1,1)[24] : aic=165240.532
  ARIMA(3,0,0)(2,1,2)[24] : aic=163808.055
  ARIMA(3,0,1)(0,1,0)[24] : aic=174664.995
  ARIMA(3,0,1)(0,1,1)[24] : aic=166363.003
  ARIMA(3,0,1)(0,1,2)[24] : aic=164619.341
  ARIMA(3,0,1)(1,1,0)[24] : aic=171182.645
  ARIMA(3,0,1)(1,1,1)[24] : aic=166863.436
  ARIMA(3,0,1)(1,1,2)[24] : aic=165011.449
  ARIMA(3,0,1)(2,1,0)[24] : aic=169043.532
  ARIMA(3,0,1)(2,1,1)[24] : aic=165370.380
  ARIMA(3,0,1)(2,1,2)[24] : aic=165210.531
  ARIMA(3,0,2)(0,1,0)[24] : aic=174662.596
  ARIMA(3,0,2)(0,1,1)[24] : aic=166080.255
  ARIMA(3,0,2)(0,1,2)[24] : aic=165016.700
  ARIMA(3,0,2)(1,1,0)[24] : aic=171187.618
  ARIMA(3,0,2)(1,1,1)[24] : aic=165787.213
  ARIMA(3,0,2)(1,1,2)[24] : aic=164351.170
  ARIMA(3,0,2)(2,1,0)[24] : aic=169011.686
  ARIMA(3,0,2)(2,1,1)[24] : aic=164946.398
  ARIMA(3,0,2)(2,1,2)[24] : aic=164626.587
  ARIMA(3,0,3)(0,1,0)[24] : aic=174568.674
  ARIMA(3,0,3)(0,1,1)[24] : aic=166085.189
  ARIMA(3,0,3)(0,1,2)[24] : aic=165016.640
  ARIMA(3,0,3)(1,1,0)[24] : aic=171061.149
  ARIMA(3,0,3)(1,1,1)[24] : aic=166837.715
  ARIMA(3,0,3)(1,1,2)[24] : aic=164415.456
  ARIMA(3,0,3)(2,1,0)[24] : aic=168780.062
  ARIMA(3,0,3)(2,1,1)[24] : aic=164890.920
  ARIMA(3,0,3)(2,1,2)[24] : aic=163882.916
  ARIMA(3,0,4)(0,1,0)[24] : aic=174566.967
  ARIMA(3,0,4)(0,1,1)[24] : aic=165570.268
  ARIMA(3,0,4)(0,1,2)[24] : aic=165076.038
  ARIMA(3,0,4)(1,1,0)[24] : aic=171009.801
  ARIMA(3,0,4)(1,1,1)[24] : aic=166968.507
  ARIMA(3,0,4)(1,1,2)[24] : aic=164020.473
  ARIMA(3,0,4)(2,1,0)[24] : aic=168828.779
  ARIMA(3,0,4)(2,1,1)[24] : aic=164458.070
  ARIMA(3,0,4)(2,1,2)[24] : aic=164665.077
  ARIMA(3,0,5)(0,1,0)[24] : aic=174547.811
  ARIMA(3,0,5)(0,1,1)[24] : aic=165884.992
  ARIMA(3,0,5)(0,1,2)[24] : aic=165505.226
  ARIMA(3,0,5)(1,1,0)[24] : aic=171063.759
  ARIMA(3,0,5)(1,1,1)[24] : aic=166846.482
  ARIMA(3,0,5)(1,1,2)[24] : aic=164263.589
  ARIMA(3,0,5)(2,1,0)[24] : aic=168590.126
  ARIMA(3,0,5)(2,1,1)[24] : aic=164940.543
  ARIMA(3,0,5)(2,1,2)[24] : aic=164867.247
  ARIMA(4,0,0)(0,1,0)[24] : aic=174515.457
  ARIMA(4,0,0)(0,1,1)[24] : aic=167306.570
  ARIMA(4,0,0)(0,1,2)[24] : aic=163698.717
  ARIMA(4,0,0)(1,1,0)[24] : aic=170988.450
  ARIMA(4,0,0)(1,1,1)[24] : aic=166896.109
  ARIMA(4,0,0)(1,1,2)[24] : aic=163686.099
  ARIMA(4,0,0)(2,1,0)[24] : aic=168736.017
  ARIMA(4,0,0)(2,1,1)[24] : aic=165663.249
  ARIMA(4,0,0)(2,1,2)[24] : aic=163471.808
  ARIMA(4,0,1)(0,1,0)[24] : aic=174517.454
  ARIMA(4,0,1)(0,1,1)[24] : aic=164746.550
  ARIMA(4,0,1)(0,1,2)[24] : aic=164918.919
  ARIMA(4,0,1)(1,1,0)[24] : aic=171002.309
  ARIMA(4,0,1)(1,1,1)[24] : aic=166496.024
  ARIMA(4,0,1)(1,1,2)[24] : aic=164534.385
  ARIMA(4,0,1)(2,1,0)[24] : aic=168821.482
  ARIMA(4,0,1)(2,1,1)[24] : aic=164890.702
  ARIMA(4,0,1)(2,1,2)[24] : aic=163687.188
  ARIMA(4,0,2)(0,1,0)[24] : aic=174519.453
  ARIMA(4,0,2)(0,1,1)[24] : aic=165708.482
  ARIMA(4,0,2)(0,1,2)[24] : aic=164654.830
  ARIMA(4,0,2)(1,1,0)[24] : aic=171004.570
  ARIMA(4,0,2)(1,1,1)[24] : aic=166516.220
  ARIMA(4,0,2)(1,1,2)[24] : aic=164288.855
  ARIMA(4,0,2)(2,1,0)[24] : aic=168753.172
  ARIMA(4,0,2)(2,1,1)[24] : aic=164131.056
  ARIMA(4,0,2)(2,1,2)[24] : aic=163969.717
  ARIMA(4,0,3)(0,1,0)[24] : aic=174519.003
  ARIMA(4,0,3)(0,1,1)[24] : aic=166279.104
  ARIMA(4,0,3)(0,1,2)[24] : aic=164429.306
  ARIMA(4,0,3)(1,1,0)[24] : aic=170988.899
  ARIMA(4,0,3)(1,1,1)[24] : aic=166603.208
  ARIMA(4,0,3)(1,1,2)[24] : aic=165268.012
  ARIMA(4,0,3)(2,1,0)[24] : aic=168752.611
  ARIMA(4,0,3)(2,1,1)[24] : aic=164150.437
  ARIMA(4,0,3)(2,1,2)[24] : aic=163805.604
  ARIMA(4,0,4)(0,1,0)[24] : aic=174523.375
  ARIMA(4,0,4)(0,1,1)[24] : aic=166613.563
  ARIMA(4,0,4)(0,1,2)[24] : aic=163735.375
  ARIMA(4,0,4)(1,1,0)[24] : aic=170931.414
  ARIMA(4,0,4)(1,1,1)[24] : aic=165801.816
  ARIMA(4,0,4)(1,1,2)[24] : aic=163715.251
  ARIMA(4,0,4)(2,1,0)[24] : aic=168662.546
  ARIMA(4,0,4)(2,1,1)[24] : aic=164609.132
  ARIMA(4,0,4)(2,1,2)[24] : aic=163514.187
  ARIMA(4,0,5)(0,1,0)[24] : aic=173231.392
  ARIMA(4,0,5)(0,1,1)[24] : aic=165522.803
  ARIMA(4,0,5)(0,1,2)[24] : aic=164585.532
  ARIMA(4,0,5)(1,1,0)[24] : aic=171010.248
  ARIMA(4,0,5)(1,1,1)[24] : aic=166242.429
  ARIMA(4,0,5)(1,1,2)[24] : aic=165681.536
  ARIMA(4,0,5)(2,1,0)[24] : aic=168617.545
  ARIMA(4,0,5)(2,1,1)[24] : aic=164567.529
  ARIMA(4,0,5)(2,1,2)[24] : aic=164187.484
  ARIMA(5,0,0)(0,1,0)[24] : aic=174516.895
  ARIMA(5,0,0)(0,1,1)[24] : aic=165832.713
  ARIMA(5,0,0)(0,1,2)[24] : aic=163673.477
  ARIMA(5,0,0)(1,1,0)[24] : aic=170987.104
  ARIMA(5,0,0)(1,1,1)[24] : aic=166844.107
  ARIMA(5,0,0)(1,1,2)[24] : aic=163661.228
  ARIMA(5,0,0)(2,1,0)[24] : aic=168732.610
  ARIMA(5,0,0)(2,1,1)[24] : aic=165603.064
  ARIMA(5,0,0)(2,1,2)[24] : aic=163447.163
  ARIMA(5,0,1)(0,1,0)[24] : aic=174518.895
  ARIMA(5,0,1)(0,1,1)[24] : aic=167073.930
  ARIMA(5,0,1)(0,1,2)[24] : aic=164757.939
  ARIMA(5,0,1)(1,1,0)[24] : aic=170989.142
  ARIMA(5,0,1)(1,1,1)[24] : aic=166429.568
  ARIMA(5,0,1)(1,1,2)[24] : aic=164444.871
  ARIMA(5,0,1)(2,1,0)[24] : aic=168815.899
  ARIMA(5,0,1)(2,1,1)[24] : aic=164823.469
  ARIMA(5,0,1)(2,1,2)[24] : aic=164697.918
  ARIMA(5,0,2)(0,1,0)[24] : aic=174520.676
  ARIMA(5,0,2)(0,1,1)[24] : aic=166963.646
  ARIMA(5,0,2)(0,1,2)[24] : aic=163938.141
  ARIMA(5,0,2)(1,1,0)[24] : aic=170990.999
  ARIMA(5,0,2)(1,1,1)[24] : aic=166515.580
  ARIMA(5,0,2)(1,1,2)[24] : aic=163891.533
  ARIMA(5,0,2)(2,1,0)[24] : aic=168744.629
  ARIMA(5,0,2)(2,1,1)[24] : aic=164679.877
  ARIMA(5,0,2)(2,1,2)[24] : aic=164319.364
  ARIMA(5,0,3)(0,1,0)[24] : aic=173515.353
  ARIMA(5,0,3)(0,1,1)[24] : aic=167398.880
  ARIMA(5,0,3)(0,1,2)[24] : aic=164713.154
  ARIMA(5,0,3)(1,1,0)[24] : aic=170943.987
  ARIMA(5,0,3)(1,1,1)[24] : aic=166458.328
  ARIMA(5,0,3)(1,1,2)[24] : aic=164080.571
  ARIMA(5,0,3)(2,1,0)[24] : aic=168685.867
  ARIMA(5,0,3)(2,1,1)[24] : aic=164611.889
  ARIMA(5,0,3)(2,1,2)[24] : aic=166378.982
  ARIMA(5,0,4)(0,1,0)[24] : aic=173619.362
  ARIMA(5,0,4)(0,1,1)[24] : aic=165356.778
  ARIMA(5,0,4)(0,1,2)[24] : aic=163686.986
  ARIMA(5,0,4)(1,1,0)[24] : aic=170373.038
  ARIMA(5,0,4)(1,1,1)[24] : aic=166199.515
  ARIMA(5,0,4)(1,1,2)[24] : aic=163644.440
  ARIMA(5,0,4)(2,1,0)[24] : aic=168328.698
  ARIMA(5,0,4)(2,1,1)[24] : aic=163520.420
  ARIMA(5,0,4)(2,1,2)[24] : aic=163527.222
  ARIMA(5,0,5)(0,1,0)[24] : aic=172731.024
  ARIMA(5,0,5)(0,1,1)[24] : aic=165108.979
  ARIMA(5,0,5)(0,1,2)[24] : aic=163647.689
  ARIMA(5,0,5)(1,1,0)[24] : aic=170236.809
  ARIMA(5,0,5)(1,1,1)[24] : aic=166196.828
  ARIMA(5,0,5)(1,1,2)[24] : aic=163622.501
  ARIMA(5,0,5)(2,1,0)[24] : aic=168124.905
  ARIMA(5,0,5)(2,1,1)[24] : aic=163587.838
  ARIMA(5,0,5)(2,1,2)[24] : aic=163584.649
