/Users/lab2/Documents/GitHub/Rust-python-arima2/rustima/python/rustima/auto.py:401: UserWarning: near-cancellation detected in fitted ARMA(2,1) parameters (min inverted-root distance < 0.05). Model may be non-identifiable.
  raw_results = rustima.sarimax_grid_search(
/Users/lab2/Documents/GitHub/Rust-python-arima2/rustima/python/rustima/auto.py:401: UserWarning: near-cancellation detected in fitted ARMA(2,2) parameters (min inverted-root distance < 0.05). Model may be non-identifiable.
  raw_results = rustima.sarimax_grid_search(
/Users/lab2/Documents/GitHub/Rust-python-arima2/rustima/python/rustima/auto.py:401: UserWarning: near-cancellation detected in fitted ARMA(3,3) parameters (min inverted-root distance < 0.05). Model may be non-identifiable.
  raw_results = rustima.sarimax_grid_search(
/Users/lab2/Documents/GitHub/Rust-python-arima2/rustima/python/rustima/auto.py:401: UserWarning: near-cancellation detected in fitted ARMA(4,4) parameters (min inverted-root distance < 0.05). Model may be non-identifiable.
  raw_results = rustima.sarimax_grid_search(
/Users/lab2/Documents/GitHub/Rust-python-arima2/rustima/python/rustima/auto.py:401: UserWarning: near-cancellation detected in fitted ARMA(5,2) parameters (min inverted-root distance < 0.05). Model may be non-identifiable.
  raw_results = rustima.sarimax_grid_search(
/Users/lab2/Documents/GitHub/Rust-python-arima2/rustima/python/rustima/auto.py:401: UserWarning: near-cancellation detected in fitted ARMA(5,3) parameters (min inverted-root distance < 0.05). Model may be non-identifiable.
  raw_results = rustima.sarimax_grid_search(
  ARIMA(0,0,0)(0,1,0)[24] : aic=207799.279
  ARIMA(0,0,0)(0,1,1)[24] : aic=205596.107
  ARIMA(0,0,0)(0,1,2)[24] : aic=204950.070
  ARIMA(0,0,0)(1,1,0)[24] : aic=206237.218
  ARIMA(0,0,0)(1,1,1)[24] : aic=204977.722
  ARIMA(0,0,0)(1,1,2)[24] : aic=204766.245
  ARIMA(0,0,0)(2,1,0)[24] : aic=205819.173
  ARIMA(0,0,0)(2,1,1)[24] : aic=204780.172
  ARIMA(0,0,0)(2,1,2)[24] : aic=204955.764
  ARIMA(0,0,1)(0,1,0)[24] : aic=188204.668
  ARIMA(0,0,1)(0,1,1)[24] : aic=184455.897
  ARIMA(0,0,1)(0,1,2)[24] : aic=183709.702
  ARIMA(0,0,1)(1,1,0)[24] : aic=185825.018
  ARIMA(0,0,1)(1,1,1)[24] : aic=183517.019
  ARIMA(0,0,1)(1,1,2)[24] : aic=183513.951
  ARIMA(0,0,1)(2,1,0)[24] : aic=184998.718
  ARIMA(0,0,1)(2,1,1)[24] : aic=183509.441
  ARIMA(0,0,1)(2,1,2)[24] : aic=183505.612
  ARIMA(0,0,2)(0,1,0)[24] : aic=179845.190
  ARIMA(0,0,2)(0,1,1)[24] : aic=174503.031
  ARIMA(0,0,2)(0,1,2)[24] : aic=173675.345
  ARIMA(0,0,2)(1,1,0)[24] : aic=176918.727
  ARIMA(0,0,2)(1,1,1)[24] : aic=173602.601
  ARIMA(0,0,2)(1,1,2)[24] : aic=173606.331
  ARIMA(0,0,2)(2,1,0)[24] : aic=175596.976
  ARIMA(0,0,2)(2,1,1)[24] : aic=173603.113
  ARIMA(0,0,2)(2,1,2)[24] : aic=173606.541
  ARIMA(0,0,3)(0,1,0)[24] : aic=177114.237
  ARIMA(0,0,3)(0,1,1)[24] : aic=170565.763
  ARIMA(0,0,3)(0,1,2)[24] : aic=169727.193
  ARIMA(0,0,3)(1,1,0)[24] : aic=173894.576
  ARIMA(0,0,3)(1,1,1)[24] : aic=169716.157
  ARIMA(0,0,3)(1,1,2)[24] : aic=169705.737
  ARIMA(0,0,3)(2,1,0)[24] : aic=172261.630
  ARIMA(0,0,3)(2,1,1)[24] : aic=169703.713
  ARIMA(0,0,3)(2,1,2)[24] : aic=169703.010
  ARIMA(0,0,4)(0,1,0)[24] : aic=176038.192
  ARIMA(0,0,4)(0,1,1)[24] : aic=168769.032
  ARIMA(0,0,4)(0,1,2)[24] : aic=167903.966
  ARIMA(0,0,4)(1,1,0)[24] : aic=172734.535
  ARIMA(0,0,4)(1,1,1)[24] : aic=167929.939
  ARIMA(0,0,4)(1,1,2)[24] : aic=167901.995
  ARIMA(0,0,4)(2,1,0)[24] : aic=170890.840
  ARIMA(0,0,4)(2,1,1)[24] : aic=167890.106
  ARIMA(0,0,4)(2,1,2)[24] : aic=167900.388
  ARIMA(0,0,5)(0,1,0)[24] : aic=175381.468
  ARIMA(0,0,5)(0,1,1)[24] : aic=167493.903
  ARIMA(0,0,5)(0,1,2)[24] : aic=166654.835
  ARIMA(0,0,5)(1,1,0)[24] : aic=171996.961
  ARIMA(0,0,5)(1,1,1)[24] : aic=166698.971
  ARIMA(0,0,5)(1,1,2)[24] : aic=166656.571
  ARIMA(0,0,5)(2,1,0)[24] : aic=170060.645
  ARIMA(0,0,5)(2,1,1)[24] : aic=166638.173
  ARIMA(0,0,5)(2,1,2)[24] : aic=166632.305
  ARIMA(1,0,0)(0,1,0)[24] : aic=175523.245
  ARIMA(1,0,0)(0,1,1)[24] : aic=166194.589
  ARIMA(1,0,0)(0,1,2)[24] : aic=165109.340
  ARIMA(1,0,0)(1,1,0)[24] : aic=172364.514
  ARIMA(1,0,0)(1,1,1)[24] : aic=165272.521
  ARIMA(1,0,0)(1,1,2)[24] : aic=165104.790
  ARIMA(1,0,0)(2,1,0)[24] : aic=170217.817
  ARIMA(1,0,0)(2,1,1)[24] : aic=165013.026
  ARIMA(1,0,0)(2,1,2)[24] : aic=164743.509
  ARIMA(1,0,1)(0,1,0)[24] : aic=174696.867
  ARIMA(1,0,1)(0,1,1)[24] : aic=164959.214
  ARIMA(1,0,1)(0,1,2)[24] : aic=164146.761
  ARIMA(1,0,1)(1,1,0)[24] : aic=171225.818
  ARIMA(1,0,1)(1,1,1)[24] : aic=164259.124
  ARIMA(1,0,1)(1,1,2)[24] : aic=164131.684
  ARIMA(1,0,1)(2,1,0)[24] : aic=169014.713
  ARIMA(1,0,1)(2,1,1)[24] : aic=164058.512
  ARIMA(1,0,1)(2,1,2)[24] : aic=163870.043
  ARIMA(1,0,2)(0,1,0)[24] : aic=174646.063
  ARIMA(1,0,2)(0,1,1)[24] : aic=164958.015
  ARIMA(1,0,2)(0,1,2)[24] : aic=164142.653
  ARIMA(1,0,2)(1,1,0)[24] : aic=171168.989
  ARIMA(1,0,2)(1,1,1)[24] : aic=164259.362
  ARIMA(1,0,2)(1,1,2)[24] : aic=164128.330
  ARIMA(1,0,2)(2,1,0)[24] : aic=168963.489
  ARIMA(1,0,2)(2,1,1)[24] : aic=164059.932
  ARIMA(1,0,2)(2,1,2)[24] : aic=163864.251
  ARIMA(1,0,3)(0,1,0)[24] : aic=174542.555
  ARIMA(1,0,3)(0,1,1)[24] : aic=164561.413
  ARIMA(1,0,3)(0,1,2)[24] : aic=163761.957
  ARIMA(1,0,3)(1,1,0)[24] : aic=171038.830
  ARIMA(1,0,3)(1,1,1)[24] : aic=163881.145
  ARIMA(1,0,3)(1,1,2)[24] : aic=163744.537
  ARIMA(1,0,3)(2,1,0)[24] : aic=168797.574
  ARIMA(1,0,3)(2,1,1)[24] : aic=163669.616
  ARIMA(1,0,3)(2,1,2)[24] : aic=163518.797
  ARIMA(1,0,4)(0,1,0)[24] : aic=174522.139
  ARIMA(1,0,4)(0,1,1)[24] : aic=164374.962
  ARIMA(1,0,4)(0,1,2)[24] : aic=163570.269
  ARIMA(1,0,4)(1,1,0)[24] : aic=170990.307
  ARIMA(1,0,4)(1,1,1)[24] : aic=163718.488
  ARIMA(1,0,4)(1,1,2)[24] : aic=163585.065
  ARIMA(1,0,4)(2,1,0)[24] : aic=168736.399
  ARIMA(1,0,4)(2,1,1)[24] : aic=163512.131
  ARIMA(1,0,4)(2,1,2)[24] : aic=163364.080
  ARIMA(1,0,5)(0,1,0)[24] : aic=174523.942
  ARIMA(1,0,5)(0,1,1)[24] : aic=164220.030
  ARIMA(1,0,5)(0,1,2)[24] : aic=163508.881
  ARIMA(1,0,5)(1,1,0)[24] : aic=170992.068
  ARIMA(1,0,5)(1,1,1)[24] : aic=163621.925
  ARIMA(1,0,5)(1,1,2)[24] : aic=163490.236
  ARIMA(1,0,5)(2,1,0)[24] : aic=168733.206
  ARIMA(1,0,5)(2,1,1)[24] : aic=163419.177
  ARIMA(1,0,5)(2,1,2)[24] : aic=163269.726
  ARIMA(2,0,0)(0,1,0)[24] : aic=174680.222
  ARIMA(2,0,0)(0,1,1)[24] : aic=165069.352
  ARIMA(2,0,0)(0,1,2)[24] : aic=164172.588
  ARIMA(2,0,0)(1,1,0)[24] : aic=171227.235
  ARIMA(2,0,0)(1,1,1)[24] : aic=164342.982
  ARIMA(2,0,0)(1,1,2)[24] : aic=164205.162
  ARIMA(2,0,0)(2,1,0)[24] : aic=169031.966
  ARIMA(2,0,0)(2,1,1)[24] : aic=164134.026
  ARIMA(2,0,0)(2,1,2)[24] : aic=163941.732
  ARIMA(2,0,1)(0,1,0)[24] : aic=174673.004
  ARIMA(2,0,1)(0,1,1)[24] : aic=164960.266
  ARIMA(2,0,1)(0,1,2)[24] : aic=164149.230
  ARIMA(2,0,1)(1,1,0)[24] : aic=171198.628
  ARIMA(2,0,1)(1,1,1)[24] : aic=164260.238
  ARIMA(2,0,1)(1,1,2)[24] : aic=164134.114
  ARIMA(2,0,1)(2,1,0)[24] : aic=168991.210
  ARIMA(2,0,1)(2,1,1)[24] : aic=164054.479
  ARIMA(2,0,1)(2,1,2)[24] : aic=163863.900
  ARIMA(2,0,2)(0,1,0)[24] : aic=174612.491
  ARIMA(2,0,2)(0,1,1)[24] : aic=164907.875
  ARIMA(2,0,2)(0,1,2)[24] : aic=164098.497
  ARIMA(2,0,2)(1,1,0)[24] : aic=171132.658
  ARIMA(2,0,2)(1,1,1)[24] : aic=164214.219
  ARIMA(2,0,2)(1,1,2)[24] : aic=164083.839
  ARIMA(2,0,2)(2,1,0)[24] : aic=168918.578
  ARIMA(2,0,2)(2,1,1)[24] : aic=164009.809
  ARIMA(2,0,2)(2,1,2)[24] : aic=163820.434
  ARIMA(2,0,3)(0,1,0)[24] : aic=174526.098
  ARIMA(2,0,3)(0,1,1)[24] : aic=163977.526
  ARIMA(2,0,3)(0,1,2)[24] : aic=163269.743
  ARIMA(2,0,3)(1,1,0)[24] : aic=170988.621
  ARIMA(2,0,3)(1,1,1)[24] : aic=163393.792
  ARIMA(2,0,3)(1,1,2)[24] : aic=163243.042
  ARIMA(2,0,3)(2,1,0)[24] : aic=168718.212
  ARIMA(2,0,3)(2,1,1)[24] : aic=163190.904
  ARIMA(2,0,3)(2,1,2)[24] : aic=163117.877
  ARIMA(2,0,4)(0,1,0)[24] : aic=174518.924
  ARIMA(2,0,4)(0,1,1)[24] : aic=163975.128
  ARIMA(2,0,4)(0,1,2)[24] : aic=163277.589
  ARIMA(2,0,4)(1,1,0)[24] : aic=170990.459
  ARIMA(2,0,4)(1,1,1)[24] : aic=163395.661
  ARIMA(2,0,4)(1,1,2)[24] : aic=163251.640
  ARIMA(2,0,4)(2,1,0)[24] : aic=168724.148
  ARIMA(2,0,4)(2,1,1)[24] : aic=163212.229
  ARIMA(2,0,4)(2,1,2)[24] : aic=163063.558
  ARIMA(2,0,5)(0,1,0)[24] : aic=174524.718
  ARIMA(2,0,5)(0,1,1)[24] : aic=163968.478
  ARIMA(2,0,5)(0,1,2)[24] : aic=163270.629
  ARIMA(2,0,5)(1,1,0)[24] : aic=170993.962
  ARIMA(2,0,5)(1,1,1)[24] : aic=163390.136
  ARIMA(2,0,5)(1,1,2)[24] : aic=163245.394
  ARIMA(2,0,5)(2,1,0)[24] : aic=168736.393
  ARIMA(2,0,5)(2,1,1)[24] : aic=163184.194
  ARIMA(2,0,5)(2,1,2)[24] : aic=163054.481
  ARIMA(3,0,0)(0,1,0)[24] : aic=174665.202
  ARIMA(3,0,0)(0,1,1)[24] : aic=164838.548
  ARIMA(3,0,0)(0,1,2)[24] : aic=164041.768
  ARIMA(3,0,0)(1,1,0)[24] : aic=171173.773
  ARIMA(3,0,0)(1,1,1)[24] : aic=164164.207
  ARIMA(3,0,0)(1,1,2)[24] : aic=164029.165
  ARIMA(3,0,0)(2,1,0)[24] : aic=168954.314
  ARIMA(3,0,0)(2,1,1)[24] : aic=163960.968
  ARIMA(3,0,0)(2,1,2)[24] : aic=163816.308
  ARIMA(3,0,1)(0,1,0)[24] : aic=174602.098
  ARIMA(3,0,1)(0,1,1)[24] : aic=164109.931
  ARIMA(3,0,1)(0,1,2)[24] : aic=163446.572
  ARIMA(3,0,1)(1,1,0)[24] : aic=171052.393
  ARIMA(3,0,1)(1,1,1)[24] : aic=163535.942
  ARIMA(3,0,1)(1,1,2)[24] : aic=163393.168
  ARIMA(3,0,1)(2,1,0)[24] : aic=168777.945
  ARIMA(3,0,1)(2,1,1)[24] : aic=163342.795
  ARIMA(3,0,1)(2,1,2)[24] : aic=163386.601
  ARIMA(3,0,2)(0,1,0)[24] : aic=174520.140
  ARIMA(3,0,2)(0,1,1)[24] : aic=164111.631
  ARIMA(3,0,2)(0,1,2)[24] : aic=163412.793
  ARIMA(3,0,2)(1,1,0)[24] : aic=170987.267
  ARIMA(3,0,2)(1,1,1)[24] : aic=163537.809
  ARIMA(3,0,2)(1,1,2)[24] : aic=163382.404
  ARIMA(3,0,2)(2,1,0)[24] : aic=168735.130
  ARIMA(3,0,2)(2,1,1)[24] : aic=163639.644
  ARIMA(3,0,2)(2,1,2)[24] : aic=163538.286
  ARIMA(3,0,3)(0,1,0)[24] : aic=174523.800
  ARIMA(3,0,3)(0,1,1)[24] : aic=163961.574
  ARIMA(3,0,3)(0,1,2)[24] : aic=163245.763
  ARIMA(3,0,3)(1,1,0)[24] : aic=170994.823
  ARIMA(3,0,3)(1,1,1)[24] : aic=163370.796
  ARIMA(3,0,3)(1,1,2)[24] : aic=163221.075
  ARIMA(3,0,3)(2,1,0)[24] : aic=168699.319
  ARIMA(3,0,3)(2,1,1)[24] : aic=163151.088
  ARIMA(3,0,3)(2,1,2)[24] : aic=163039.191
  ARIMA(3,0,4)(0,1,0)[24] : aic=174526.163
  ARIMA(3,0,4)(0,1,1)[24] : aic=163847.401
  ARIMA(3,0,4)(0,1,2)[24] : aic=163174.341
  ARIMA(3,0,4)(1,1,0)[24] : aic=170647.894
  ARIMA(3,0,4)(1,1,1)[24] : aic=163241.062
  ARIMA(3,0,4)(1,1,2)[24] : aic=163143.340
  ARIMA(3,0,4)(2,1,0)[24] : aic=168691.730
  ARIMA(3,0,4)(2,1,1)[24] : aic=163098.459
  ARIMA(3,0,4)(2,1,2)[24] : aic=162983.105
  ARIMA(3,0,5)(0,1,0)[24] : aic=174522.820
  ARIMA(3,0,5)(0,1,1)[24] : aic=163836.143
  ARIMA(3,0,5)(0,1,2)[24] : aic=163098.106
  ARIMA(3,0,5)(1,1,0)[24] : aic=170965.983
  ARIMA(3,0,5)(1,1,1)[24] : aic=163224.670
  ARIMA(3,0,5)(1,1,2)[24] : aic=163067.467
  ARIMA(3,0,5)(2,1,0)[24] : aic=168592.310
  ARIMA(3,0,5)(2,1,1)[24] : aic=163097.495
  ARIMA(3,0,5)(2,1,2)[24] : aic=162922.395
  ARIMA(4,0,0)(0,1,0)[24] : aic=174517.559
  ARIMA(4,0,0)(0,1,1)[24] : aic=164493.652
  ARIMA(4,0,0)(0,1,2)[24] : aic=163705.343
  ARIMA(4,0,0)(1,1,0)[24] : aic=170990.593
  ARIMA(4,0,0)(1,1,1)[24] : aic=163829.596
  ARIMA(4,0,0)(1,1,2)[24] : aic=163692.319
  ARIMA(4,0,0)(2,1,0)[24] : aic=168738.197
  ARIMA(4,0,0)(2,1,1)[24] : aic=163622.767
  ARIMA(4,0,0)(2,1,2)[24] : aic=163479.614
  ARIMA(4,0,1)(0,1,0)[24] : aic=174519.555
  ARIMA(4,0,1)(0,1,1)[24] : aic=164112.722
  ARIMA(4,0,1)(0,1,2)[24] : aic=163451.447
  ARIMA(4,0,1)(1,1,0)[24] : aic=170989.166
  ARIMA(4,0,1)(1,1,1)[24] : aic=163534.912
  ARIMA(4,0,1)(1,1,2)[24] : aic=163396.319
  ARIMA(4,0,1)(2,1,0)[24] : aic=168733.779
  ARIMA(4,0,1)(2,1,1)[24] : aic=163322.278
  ARIMA(4,0,1)(2,1,2)[24] : aic=163236.878
  ARIMA(4,0,2)(0,1,0)[24] : aic=174521.555
  ARIMA(4,0,2)(0,1,1)[24] : aic=163935.861
  ARIMA(4,0,2)(0,1,2)[24] : aic=163369.693
  ARIMA(4,0,2)(1,1,0)[24] : aic=170991.171
  ARIMA(4,0,2)(1,1,1)[24] : aic=163356.659
  ARIMA(4,0,2)(1,1,2)[24] : aic=163463.976
  ARIMA(4,0,2)(2,1,0)[24] : aic=168735.082
  ARIMA(4,0,2)(2,1,1)[24] : aic=163231.031
  ARIMA(4,0,2)(2,1,2)[24] : aic=163115.213
  ARIMA(4,0,3)(0,1,0)[24] : aic=174523.529
  ARIMA(4,0,3)(0,1,1)[24] : aic=163937.536
  ARIMA(4,0,3)(0,1,2)[24] : aic=163247.229
  ARIMA(4,0,3)(1,1,0)[24] : aic=170991.028
  ARIMA(4,0,3)(1,1,1)[24] : aic=163355.715
  ARIMA(4,0,3)(1,1,2)[24] : aic=163222.645
  ARIMA(4,0,3)(2,1,0)[24] : aic=168685.424
  ARIMA(4,0,3)(2,1,1)[24] : aic=163154.382
  ARIMA(4,0,3)(2,1,2)[24] : aic=163026.480
  ARIMA(4,0,4)(0,1,0)[24] : aic=173745.417
  ARIMA(4,0,4)(0,1,1)[24] : aic=163831.501
  ARIMA(4,0,4)(0,1,2)[24] : aic=163740.348
  ARIMA(4,0,4)(1,1,0)[24] : aic=170933.510
  ARIMA(4,0,4)(1,1,1)[24] : aic=163205.943
  ARIMA(4,0,4)(1,1,2)[24] : aic=163719.743
  ARIMA(4,0,4)(2,1,0)[24] : aic=168664.416
  ARIMA(4,0,4)(2,1,1)[24] : aic=163654.125
  ARIMA(4,0,4)(2,1,2)[24] : aic=163520.715
  ARIMA(4,0,5)(0,1,0)[24] : aic=173233.518
  ARIMA(4,0,5)(0,1,1)[24] : aic=163681.870
  ARIMA(4,0,5)(0,1,2)[24] : aic=163132.118
  ARIMA(4,0,5)(1,1,0)[24] : aic=170748.605
  ARIMA(4,0,5)(1,1,1)[24] : aic=163215.335
  ARIMA(4,0,5)(1,1,2)[24] : aic=163096.019
  ARIMA(4,0,5)(2,1,0)[24] : aic=168619.951
  ARIMA(4,0,5)(2,1,1)[24] : aic=163482.262
  ARIMA(4,0,5)(2,1,2)[24] : aic=162863.911
  ARIMA(5,0,0)(0,1,0)[24] : aic=174518.996
  ARIMA(5,0,0)(0,1,1)[24] : aic=164468.799
  ARIMA(5,0,0)(0,1,2)[24] : aic=163679.995
  ARIMA(5,0,0)(1,1,0)[24] : aic=170989.246
  ARIMA(5,0,0)(1,1,1)[24] : aic=163804.990
  ARIMA(5,0,0)(1,1,2)[24] : aic=163667.362
  ARIMA(5,0,0)(2,1,0)[24] : aic=168734.788
  ARIMA(5,0,0)(2,1,1)[24] : aic=163598.991
  ARIMA(5,0,0)(2,1,2)[24] : aic=163400.922
  ARIMA(5,0,1)(0,1,0)[24] : aic=174520.996
  ARIMA(5,0,1)(0,1,1)[24] : aic=164087.417
  ARIMA(5,0,1)(0,1,2)[24] : aic=163398.937
  ARIMA(5,0,1)(1,1,0)[24] : aic=170991.280
  ARIMA(5,0,1)(1,1,1)[24] : aic=163508.119
  ARIMA(5,0,1)(1,1,2)[24] : aic=163359.122
  ARIMA(5,0,1)(2,1,0)[24] : aic=168672.765
  ARIMA(5,0,1)(2,1,1)[24] : aic=163287.721
  ARIMA(5,0,1)(2,1,2)[24] : aic=163178.146
  ARIMA(5,0,2)(0,1,0)[24] : aic=174522.994
  ARIMA(5,0,2)(0,1,1)[24] : aic=163935.207
  ARIMA(5,0,2)(0,1,2)[24] : aic=163374.983
  ARIMA(5,0,2)(1,1,0)[24] : aic=170993.139
  ARIMA(5,0,2)(1,1,1)[24] : aic=163359.491
  ARIMA(5,0,2)(1,1,2)[24] : aic=163321.441
  ARIMA(5,0,2)(2,1,0)[24] : aic=168737.272
  ARIMA(5,0,2)(2,1,1)[24] : aic=163224.558
  ARIMA(5,0,2)(2,1,2)[24] : aic=163102.898
  ARIMA(5,0,3)(0,1,0)[24] : aic=173517.461
  ARIMA(5,0,3)(0,1,1)[24] : aic=163905.930
  ARIMA(5,0,3)(0,1,2)[24] : aic=163154.212
  ARIMA(5,0,3)(1,1,0)[24] : aic=170946.104
  ARIMA(5,0,3)(1,1,1)[24] : aic=163262.186
  ARIMA(5,0,3)(1,1,2)[24] : aic=163120.520
  ARIMA(5,0,3)(2,1,0)[24] : aic=168688.007
  ARIMA(5,0,3)(2,1,1)[24] : aic=163069.482
  ARIMA(5,0,3)(2,1,2)[24] : aic=162937.181
  ARIMA(5,0,4)(0,1,0)[24] : aic=173621.327
  ARIMA(5,0,4)(0,1,1)[24] : aic=163810.814
  ARIMA(5,0,4)(0,1,2)[24] : aic=163691.115
  ARIMA(5,0,4)(1,1,0)[24] : aic=170375.114
  ARIMA(5,0,4)(1,1,1)[24] : aic=163320.632
  ARIMA(5,0,4)(1,1,2)[24] : aic=163648.160
  ARIMA(5,0,4)(2,1,0)[24] : aic=168330.561
  ARIMA(5,0,4)(2,1,1)[24] : aic=163524.518
  ARIMA(5,0,4)(2,1,2)[24] : aic=163510.591
  ARIMA(5,0,5)(0,1,0)[24] : aic=172733.047
  ARIMA(5,0,5)(0,1,1)[24] : aic=163793.400
  ARIMA(5,0,5)(0,1,2)[24] : aic=163651.573
  ARIMA(5,0,5)(1,1,0)[24] : aic=170217.498
  ARIMA(5,0,5)(1,1,1)[24] : aic=163212.565
  ARIMA(5,0,5)(1,1,2)[24] : aic=163626.115
  ARIMA(5,0,5)(2,1,0)[24] : aic=168135.419
  ARIMA(5,0,5)(2,1,1)[24] : aic=163585.490
  ARIMA(5,0,5)(2,1,2)[24] : aic=163588.505
