/Users/lab2/Documents/GitHub/Rust-python-arima2/rustima/python/rustima/auto.py:401: UserWarning: near-cancellation detected in fitted ARMA(4,1) parameters (min inverted-root distance < 0.05). Model may be non-identifiable.
  raw_results = rustima.sarimax_grid_search(
  ARIMA(0,1,0)(0,0,0)[0] : aic=277.503
  ARIMA(0,1,1)(0,0,0)[0] : aic=279.126
  ARIMA(0,1,2)(0,0,0)[0] : aic=280.729
  ARIMA(0,1,3)(0,0,0)[0] : aic=281.798
  ARIMA(0,1,4)(0,0,0)[0] : aic=283.788
  ARIMA(0,1,5)(0,0,0)[0] : aic=285.788
  ARIMA(1,1,0)(0,0,0)[0] : aic=279.179
  ARIMA(1,1,1)(0,0,0)[0] : aic=281.028
  ARIMA(1,1,2)(0,0,0)[0] : aic=282.163
  ARIMA(1,1,3)(0,0,0)[0] : aic=283.790
  ARIMA(1,1,4)(0,0,0)[0] : aic=285.788
  ARIMA(1,1,5)(0,0,0)[0] : aic=287.788
  ARIMA(2,1,0)(0,0,0)[0] : aic=280.592
  ARIMA(2,1,1)(0,0,0)[0] : aic=282.006
  ARIMA(2,1,2)(0,0,0)[0] : aic=283.924
  ARIMA(2,1,3)(0,0,0)[0] : aic=285.790
  ARIMA(2,1,4)(0,0,0)[0] : aic=283.139
  ARIMA(2,1,5)(0,0,0)[0] : aic=284.731
  ARIMA(3,1,0)(0,0,0)[0] : aic=281.862
  ARIMA(3,1,1)(0,0,0)[0] : aic=283.862
  ARIMA(3,1,2)(0,0,0)[0] : aic=285.830
  ARIMA(3,1,3)(0,0,0)[0] : aic=282.602
  ARIMA(3,1,4)(0,0,0)[0] : aic=284.585
  ARIMA(3,1,5)(0,0,0)[0] : aic=285.890
  ARIMA(4,1,0)(0,0,0)[0] : aic=283.862
  ARIMA(4,1,1)(0,0,0)[0] : aic=285.861
  ARIMA(4,1,2)(0,0,0)[0] : aic=282.367
  ARIMA(4,1,3)(0,0,0)[0] : aic=284.228
  ARIMA(4,1,4)(0,0,0)[0] : aic=285.866
  ARIMA(4,1,5)(0,0,0)[0] : aic=287.722
  ARIMA(5,1,0)(0,0,0)[0] : aic=285.834
  ARIMA(5,1,1)(0,0,0)[0] : aic=287.761
  ARIMA(5,1,2)(0,0,0)[0] : aic=284.691
  ARIMA(5,1,3)(0,0,0)[0] : aic=291.787
  ARIMA(5,1,4)(0,0,0)[0] : aic=287.638
  ARIMA(5,1,5)(0,0,0)[0] : aic=284.124
