/Users/lab2/Documents/GitHub/Rust-python-arima2/rustima/python/rustima/auto.py:401: UserWarning: near-cancellation detected in fitted ARMA(4,1) parameters (min inverted-root distance < 0.05). Model may be non-identifiable.
  raw_results = rustima.sarimax_grid_search(
  ARIMA(0,1,0)(0,0,0)[0] : aic=279.492
  ARIMA(0,1,1)(0,0,0)[0] : aic=281.115
  ARIMA(0,1,2)(0,0,0)[0] : aic=282.718
  ARIMA(0,1,3)(0,0,0)[0] : aic=283.787
  ARIMA(0,1,4)(0,0,0)[0] : aic=285.777
  ARIMA(0,1,5)(0,0,0)[0] : aic=287.777
  ARIMA(1,1,0)(0,0,0)[0] : aic=281.169
  ARIMA(1,1,1)(0,0,0)[0] : aic=283.013
  ARIMA(1,1,2)(0,0,0)[0] : aic=284.157
  ARIMA(1,1,3)(0,0,0)[0] : aic=285.780
  ARIMA(1,1,4)(0,0,0)[0] : aic=287.778
  ARIMA(1,1,5)(0,0,0)[0] : aic=289.778
  ARIMA(2,1,0)(0,0,0)[0] : aic=282.584
  ARIMA(2,1,1)(0,0,0)[0] : aic=284.002
  ARIMA(2,1,2)(0,0,0)[0] : aic=285.922
  ARIMA(2,1,3)(0,0,0)[0] : aic=287.780
  ARIMA(2,1,4)(0,0,0)[0] : aic=285.133
  ARIMA(2,1,5)(0,0,0)[0] : aic=286.801
  ARIMA(3,1,0)(0,0,0)[0] : aic=283.851
  ARIMA(3,1,1)(0,0,0)[0] : aic=285.852
  ARIMA(3,1,2)(0,0,0)[0] : aic=287.814
  ARIMA(3,1,3)(0,0,0)[0] : aic=284.599
  ARIMA(3,1,4)(0,0,0)[0] : aic=286.478
  ARIMA(3,1,5)(0,0,0)[0] : aic=287.925
  ARIMA(4,1,0)(0,0,0)[0] : aic=285.851
  ARIMA(4,1,1)(0,0,0)[0] : aic=287.851
  ARIMA(4,1,2)(0,0,0)[0] : aic=285.185
  ARIMA(4,1,3)(0,0,0)[0] : aic=286.083
  ARIMA(4,1,4)(0,0,0)[0] : aic=288.038
  ARIMA(4,1,5)(0,0,0)[0] : aic=288.730
  ARIMA(5,1,0)(0,0,0)[0] : aic=287.823
  ARIMA(5,1,1)(0,0,0)[0] : aic=289.753
  ARIMA(5,1,2)(0,0,0)[0] : aic=286.444
  ARIMA(5,1,3)(0,0,0)[0] : aic=293.779
  ARIMA(5,1,4)(0,0,0)[0] : aic=289.125
  ARIMA(5,1,5)(0,0,0)[0] : aic=287.113
