  ARIMA(0,1,0)(0,0,0)[0] : aic=278.911
  ARIMA(0,1,1)(0,0,0)[0] : aic=280.482
  ARIMA(0,1,2)(0,0,0)[0] : aic=282.047
  ARIMA(0,1,3)(0,0,0)[0] : aic=283.175
  ARIMA(0,1,4)(0,0,0)[0] : aic=285.161
  ARIMA(0,1,5)(0,0,0)[0] : aic=287.160
  ARIMA(1,1,0)(0,0,0)[0] : aic=280.546
  ARIMA(1,1,1)(0,0,0)[0] : aic=282.361
  ARIMA(1,1,2)(0,0,0)[0] : aic=283.496
  ARIMA(1,1,3)(0,0,0)[0] : aic=285.164
  ARIMA(1,1,4)(0,0,0)[0] : aic=287.162
  ARIMA(1,1,5)(0,0,0)[0] : aic=289.161
  ARIMA(2,1,0)(0,0,0)[0] : aic=281.906
  ARIMA(2,1,1)(0,0,0)[0] : aic=283.342
  ARIMA(2,1,2)(0,0,0)[0] : aic=286.226
  ARIMA(2,1,3)(0,0,0)[0] : aic=283.008
  ARIMA(2,1,4)(0,0,0)[0] : aic=284.458
  ARIMA(2,1,5)(0,0,0)[0] : aic=286.123
  ARIMA(3,1,0)(0,0,0)[0] : aic=283.235
  ARIMA(3,1,1)(0,0,0)[0] : aic=285.233
  ARIMA(3,1,2)(0,0,0)[0] : aic=281.737
  ARIMA(3,1,3)(0,0,0)[0] : aic=284.435
  ARIMA(3,1,4)(0,0,0)[0] : aic=286.033
  ARIMA(3,1,5)(0,0,0)[0] : aic=293.164
  ARIMA(4,1,0)(0,0,0)[0] : aic=285.233
  ARIMA(4,1,1)(0,0,0)[0] : aic=287.233
  ARIMA(4,1,2)(0,0,0)[0] : aic=284.547
  ARIMA(4,1,3)(0,0,0)[0] : aic=285.596
  ARIMA(4,1,4)(0,0,0)[0] : aic=293.218
  ARIMA(4,1,5)(0,0,0)[0] : aic=289.750
  ARIMA(5,1,0)(0,0,0)[0] : aic=287.207
  ARIMA(5,1,1)(0,0,0)[0] : aic=289.137
  ARIMA(5,1,2)(0,0,0)[0] : aic=286.085
  ARIMA(5,1,3)(0,0,0)[0] : aic=287.236
  ARIMA(5,1,4)(0,0,0)[0] : aic=295.200
  ARIMA(5,1,5)(0,0,0)[0] : aic=297.022
