/Users/lab2/Documents/GitHub/Rust-python-arima2/rustima/python/rustima/auto.py:401: UserWarning: near-cancellation detected in fitted ARMA(5,1) parameters (min inverted-root distance < 0.05). Model may be non-identifiable.
  raw_results = rustima.sarimax_grid_search(
  ARIMA(0,1,0)(0,0,0)[0] : aic=279.676
  ARIMA(0,1,1)(0,0,0)[0] : aic=281.084
  ARIMA(0,1,2)(0,0,0)[0] : aic=282.526
  ARIMA(0,1,3)(0,0,0)[0] : aic=283.825
  ARIMA(0,1,4)(0,0,0)[0] : aic=285.774
  ARIMA(0,1,5)(0,0,0)[0] : aic=287.744
  ARIMA(1,1,0)(0,0,0)[0] : aic=281.166
  ARIMA(1,1,1)(0,0,0)[0] : aic=282.972
  ARIMA(1,1,2)(0,0,0)[0] : aic=283.934
  ARIMA(1,1,3)(0,0,0)[0] : aic=285.754
  ARIMA(1,1,4)(0,0,0)[0] : aic=287.765
  ARIMA(1,1,5)(0,0,0)[0] : aic=289.733
  ARIMA(2,1,0)(0,0,0)[0] : aic=282.322
  ARIMA(2,1,1)(0,0,0)[0] : aic=283.750
  ARIMA(2,1,2)(0,0,0)[0] : aic=285.861
  ARIMA(2,1,3)(0,0,0)[0] : aic=287.717
  ARIMA(2,1,4)(0,0,0)[0] : aic=285.759
  ARIMA(2,1,5)(0,0,0)[0] : aic=284.552
  ARIMA(3,1,0)(0,0,0)[0] : aic=283.835
  ARIMA(3,1,1)(0,0,0)[0] : aic=285.716
  ARIMA(3,1,2)(0,0,0)[0] : aic=287.838
  ARIMA(3,1,3)(0,0,0)[0] : aic=286.514
  ARIMA(3,1,4)(0,0,0)[0] : aic=287.137
  ARIMA(3,1,5)(0,0,0)[0] : aic=289.354
  ARIMA(4,1,0)(0,0,0)[0] : aic=285.813
  ARIMA(4,1,1)(0,0,0)[0] : aic=287.816
  ARIMA(4,1,2)(0,0,0)[0] : aic=286.619
  ARIMA(4,1,3)(0,0,0)[0] : aic=288.790
  ARIMA(4,1,4)(0,0,0)[0] : aic=287.836
  ARIMA(4,1,5)(0,0,0)[0] : aic=287.740
  ARIMA(5,1,0)(0,0,0)[0] : aic=287.809
  ARIMA(5,1,1)(0,0,0)[0] : aic=289.681
  ARIMA(5,1,2)(0,0,0)[0] : aic=284.228
  ARIMA(5,1,3)(0,0,0)[0] : aic=293.697
  ARIMA(5,1,4)(0,0,0)[0] : aic=287.625
  ARIMA(5,1,5)(0,0,0)[0] : aic=285.501
