 ARIMA(0,0,0)(0,0,0)[24] intercept   : AIC=578.790, Time=0.00 sec
 ARIMA(0,0,0)(0,0,1)[24] intercept   : AIC=548.914, Time=0.02 sec
 ARIMA(0,0,0)(0,0,2)[24] intercept   : AIC=inf, Time=0.20 sec
 ARIMA(0,0,0)(1,0,0)[24] intercept   : AIC=535.608, Time=0.01 sec
 ARIMA(0,0,0)(1,0,1)[24] intercept   : AIC=inf, Time=0.16 sec
 ARIMA(0,0,0)(1,0,2)[24] intercept   : AIC=inf, Time=0.42 sec
 ARIMA(0,0,0)(2,0,0)[24] intercept   : AIC=533.667, Time=0.06 sec
 ARIMA(0,0,0)(2,0,1)[24] intercept   : AIC=inf, Time=0.38 sec
 ARIMA(0,0,0)(2,0,2)[24] intercept   : AIC=inf, Time=0.72 sec
 ARIMA(0,0,1)(0,0,0)[24] intercept   : AIC=471.930, Time=0.00 sec
 ARIMA(0,0,1)(0,0,1)[24] intercept   : AIC=449.792, Time=0.04 sec
 ARIMA(0,0,1)(0,0,2)[24] intercept   : AIC=442.057, Time=0.14 sec
 ARIMA(0,0,1)(1,0,0)[24] intercept   : AIC=440.882, Time=0.05 sec
 ARIMA(0,0,1)(1,0,1)[24] intercept   : AIC=inf, Time=0.19 sec
 ARIMA(0,0,1)(1,0,2)[24] intercept   : AIC=inf, Time=0.59 sec
 ARIMA(0,0,1)(2,0,0)[24] intercept   : AIC=440.448, Time=0.11 sec
 ARIMA(0,0,1)(2,0,1)[24] intercept   : AIC=inf, Time=0.61 sec
 ARIMA(0,0,1)(2,0,2)[24] intercept   : AIC=inf, Time=0.65 sec
 ARIMA(0,0,2)(0,0,0)[24] intercept   : AIC=413.931, Time=0.01 sec
 ARIMA(0,0,2)(0,0,1)[24] intercept   : AIC=399.116, Time=0.09 sec
 ARIMA(0,0,2)(0,0,2)[24] intercept   : AIC=393.722, Time=0.17 sec
 ARIMA(0,0,2)(1,0,0)[24] intercept   : AIC=393.520, Time=0.07 sec
 ARIMA(0,0,2)(1,0,1)[24] intercept   : AIC=393.673, Time=0.19 sec
 ARIMA(0,0,2)(1,0,2)[24] intercept   : AIC=395.674, Time=0.44 sec
 ARIMA(0,0,2)(2,0,0)[24] intercept   : AIC=393.684, Time=0.15 sec
 ARIMA(0,0,2)(2,0,1)[24] intercept   : AIC=inf, Time=0.52 sec
 ARIMA(0,0,3)(0,0,0)[24] intercept   : AIC=376.187, Time=0.03 sec
 ARIMA(0,0,3)(0,0,1)[24] intercept   : AIC=370.101, Time=0.27 sec
 ARIMA(0,0,3)(0,0,2)[24] intercept   : AIC=369.155, Time=0.51 sec
 ARIMA(0,0,3)(1,0,0)[24] intercept   : AIC=367.855, Time=0.14 sec
 ARIMA(0,0,3)(1,0,1)[24] intercept   : AIC=368.155, Time=0.38 sec
 ARIMA(0,0,3)(2,0,0)[24] intercept   : AIC=368.510, Time=0.48 sec
 ARIMA(0,0,4)(0,0,0)[24] intercept   : AIC=inf, Time=0.04 sec
 ARIMA(0,0,4)(0,0,1)[24] intercept   : AIC=inf, Time=0.35 sec
 ARIMA(0,0,4)(1,0,0)[24] intercept   : AIC=inf, Time=0.23 sec
 ARIMA(0,0,5)(0,0,0)[24] intercept   : AIC=339.598, Time=0.01 sec
 ARIMA(1,0,0)(0,0,0)[24] intercept   : AIC=282.904, Time=0.00 sec
 ARIMA(1,0,0)(0,0,1)[24] intercept   : AIC=284.842, Time=0.04 sec
 ARIMA(1,0,0)(0,0,2)[24] intercept   : AIC=285.983, Time=0.12 sec
 ARIMA(1,0,0)(1,0,0)[24] intercept   : AIC=284.852, Time=0.04 sec
 ARIMA(1,0,0)(1,0,1)[24] intercept   : AIC=inf, Time=0.18 sec
 ARIMA(1,0,0)(1,0,2)[24] intercept   : AIC=inf, Time=0.46 sec
 ARIMA(1,0,0)(2,0,0)[24] intercept   : AIC=286.061, Time=0.10 sec
 ARIMA(1,0,0)(2,0,1)[24] intercept   : AIC=inf, Time=0.50 sec
 ARIMA(1,0,0)(2,0,2)[24] intercept   : AIC=inf, Time=0.62 sec
 ARIMA(1,0,1)(0,0,0)[24] intercept   : AIC=284.659, Time=0.01 sec
 ARIMA(1,0,1)(0,0,1)[24] intercept   : AIC=286.593, Time=0.05 sec
 ARIMA(1,0,1)(0,0,2)[24] intercept   : AIC=287.664, Time=0.15 sec
 ARIMA(1,0,1)(1,0,0)[24] intercept   : AIC=286.605, Time=0.05 sec
 ARIMA(1,0,1)(1,0,1)[24] intercept   : AIC=inf, Time=0.24 sec
 ARIMA(1,0,1)(1,0,2)[24] intercept   : AIC=inf, Time=0.38 sec
 ARIMA(1,0,1)(2,0,0)[24] intercept   : AIC=287.749, Time=0.15 sec
 ARIMA(1,0,1)(2,0,1)[24] intercept   : AIC=inf, Time=0.65 sec
 ARIMA(1,0,2)(0,0,0)[24] intercept   : AIC=286.357, Time=0.01 sec
 ARIMA(1,0,2)(0,0,1)[24] intercept   : AIC=288.329, Time=0.06 sec
 ARIMA(1,0,2)(0,0,2)[24] intercept   : AIC=289.344, Time=0.16 sec
 ARIMA(1,0,2)(1,0,0)[24] intercept   : AIC=288.334, Time=0.06 sec
 ARIMA(1,0,2)(1,0,1)[24] intercept   : AIC=inf, Time=0.29 sec
 ARIMA(1,0,2)(2,0,0)[24] intercept   : AIC=289.416, Time=0.17 sec
 ARIMA(1,0,3)(0,0,0)[24] intercept   : AIC=287.247, Time=0.01 sec
 ARIMA(1,0,3)(0,0,1)[24] intercept   : AIC=289.222, Time=0.07 sec
 ARIMA(1,0,3)(1,0,0)[24] intercept   : AIC=289.227, Time=0.08 sec
 ARIMA(1,0,4)(0,0,0)[24] intercept   : AIC=289.247, Time=0.01 sec
 ARIMA(2,0,0)(0,0,0)[24] intercept   : AIC=284.690, Time=0.00 sec
 ARIMA(2,0,0)(0,0,1)[24] intercept   : AIC=286.622, Time=0.04 sec
 ARIMA(2,0,0)(0,0,2)[24] intercept   : AIC=287.705, Time=0.14 sec
 ARIMA(2,0,0)(1,0,0)[24] intercept   : AIC=286.634, Time=0.05 sec
 ARIMA(2,0,0)(1,0,1)[24] intercept   : AIC=inf, Time=0.25 sec
 ARIMA(2,0,0)(1,0,2)[24] intercept   : AIC=inf, Time=0.57 sec
 ARIMA(2,0,0)(2,0,0)[24] intercept   : AIC=287.790, Time=0.13 sec
 ARIMA(2,0,0)(2,0,1)[24] intercept   : AIC=inf, Time=0.61 sec
 ARIMA(2,0,1)(0,0,0)[24] intercept   : AIC=286.774, Time=0.01 sec
 ARIMA(2,0,1)(0,0,1)[24] intercept   : AIC=288.708, Time=0.07 sec
 ARIMA(2,0,1)(0,0,2)[24] intercept   : AIC=289.807, Time=0.21 sec
 ARIMA(2,0,1)(1,0,0)[24] intercept   : AIC=288.719, Time=0.08 sec
 ARIMA(2,0,1)(1,0,1)[24] intercept   : AIC=inf, Time=0.28 sec
 ARIMA(2,0,1)(2,0,0)[24] intercept   : AIC=289.887, Time=0.25 sec
 ARIMA(2,0,2)(0,0,0)[24] intercept   : AIC=287.780, Time=0.01 sec
 ARIMA(2,0,2)(0,0,1)[24] intercept   : AIC=289.734, Time=0.09 sec
 ARIMA(2,0,2)(1,0,0)[24] intercept   : AIC=289.743, Time=0.10 sec
 ARIMA(2,0,3)(0,0,0)[24] intercept   : AIC=289.247, Time=0.01 sec
 ARIMA(3,0,0)(0,0,0)[24] intercept   : AIC=286.238, Time=0.01 sec
 ARIMA(3,0,0)(0,0,1)[24] intercept   : AIC=288.217, Time=0.05 sec
 ARIMA(3,0,0)(0,0,2)[24] intercept   : AIC=289.210, Time=0.17 sec
 ARIMA(3,0,0)(1,0,0)[24] intercept   : AIC=288.221, Time=0.07 sec
 ARIMA(3,0,0)(1,0,1)[24] intercept   : AIC=inf, Time=0.28 sec
 ARIMA(3,0,0)(2,0,0)[24] intercept   : AIC=289.279, Time=0.17 sec
 ARIMA(3,0,1)(0,0,0)[24] intercept   : AIC=287.623, Time=0.01 sec
 ARIMA(3,0,1)(0,0,1)[24] intercept   : AIC=289.577, Time=0.09 sec
 ARIMA(3,0,1)(1,0,0)[24] intercept   : AIC=289.587, Time=0.10 sec
 ARIMA(3,0,2)(0,0,0)[24] intercept   : AIC=289.501, Time=0.02 sec
 ARIMA(4,0,0)(0,0,0)[24] intercept   : AIC=287.332, Time=0.01 sec
 ARIMA(4,0,0)(0,0,1)[24] intercept   : AIC=289.305, Time=0.06 sec
 ARIMA(4,0,0)(1,0,0)[24] intercept   : AIC=289.311, Time=0.08 sec
 ARIMA(4,0,1)(0,0,0)[24] intercept   : AIC=289.320, Time=0.02 sec
 ARIMA(5,0,0)(0,0,0)[24] intercept   : AIC=289.326, Time=0.01 sec

Best model:  ARIMA(1,0,0)(0,0,0)[24] intercept
Total fit time: 17.172 seconds
