/Users/lab2/Documents/GitHub/Rust-python-arima2/rustima/python/rustima/auto.py:401: UserWarning: near-cancellation detected in fitted ARMA(1,4) parameters (min inverted-root distance < 0.05). Model may be non-identifiable.
  raw_results = rustima.sarimax_grid_search(
/Users/lab2/Documents/GitHub/Rust-python-arima2/rustima/python/rustima/auto.py:401: UserWarning: near-cancellation detected in fitted ARMA(1,5) parameters (min inverted-root distance < 0.05). Model may be non-identifiable.
  raw_results = rustima.sarimax_grid_search(
/Users/lab2/Documents/GitHub/Rust-python-arima2/rustima/python/rustima/auto.py:401: UserWarning: near-cancellation detected in fitted ARMA(2,3) parameters (min inverted-root distance < 0.05). Model may be non-identifiable.
  raw_results = rustima.sarimax_grid_search(
/Users/lab2/Documents/GitHub/Rust-python-arima2/rustima/python/rustima/auto.py:401: UserWarning: near-cancellation detected in fitted ARMA(3,5) parameters (min inverted-root distance < 0.05). Model may be non-identifiable.
  raw_results = rustima.sarimax_grid_search(
/Users/lab2/Documents/GitHub/Rust-python-arima2/rustima/python/rustima/auto.py:401: UserWarning: near-cancellation detected in fitted ARMA(4,1) parameters (min inverted-root distance < 0.05). Model may be non-identifiable.
  raw_results = rustima.sarimax_grid_search(
/Users/lab2/Documents/GitHub/Rust-python-arima2/rustima/python/rustima/auto.py:401: UserWarning: near-cancellation detected in fitted ARMA(4,4) parameters (min inverted-root distance < 0.05). Model may be non-identifiable.
  raw_results = rustima.sarimax_grid_search(
  ARIMA(0,1,0)(0,0,0)[24] : aic=277.503
  ARIMA(0,1,0)(0,0,1)[24] : aic=279.365
  ARIMA(0,1,0)(0,0,2)[24] : aic=280.092
  ARIMA(0,1,0)(1,0,0)[24] : aic=279.393
  ARIMA(0,1,0)(1,0,1)[24] : aic=280.137
  ARIMA(0,1,0)(1,0,2)[24] : aic=281.541
  ARIMA(0,1,0)(2,0,0)[24] : aic=280.246
  ARIMA(0,1,0)(2,0,1)[24] : aic=281.481
  ARIMA(0,1,0)(2,0,2)[24] : aic=283.385
  ARIMA(0,1,1)(0,0,0)[24] : aic=279.126
  ARIMA(0,1,1)(0,0,1)[24] : aic=280.994
  ARIMA(0,1,1)(0,0,2)[24] : aic=281.629
  ARIMA(0,1,1)(1,0,0)[24] : aic=281.022
  ARIMA(0,1,1)(1,0,1)[24] : aic=281.715
  ARIMA(0,1,1)(1,0,2)[24] : aic=283.056
  ARIMA(0,1,1)(2,0,0)[24] : aic=281.799
  ARIMA(0,1,1)(2,0,1)[24] : aic=282.958
  ARIMA(0,1,1)(2,0,2)[24] : aic=284.848
  ARIMA(0,1,2)(0,0,0)[24] : aic=280.729
  ARIMA(0,1,2)(0,0,1)[24] : aic=282.667
  ARIMA(0,1,2)(0,0,2)[24] : aic=283.230
  ARIMA(0,1,2)(1,0,0)[24] : aic=282.681
  ARIMA(0,1,2)(1,0,1)[24] : aic=283.433
  ARIMA(0,1,2)(1,0,2)[24] : aic=284.611
  ARIMA(0,1,2)(2,0,0)[24] : aic=283.370
  ARIMA(0,1,2)(2,0,1)[24] : aic=284.511
  ARIMA(0,1,2)(2,0,2)[24] : aic=286.400
  ARIMA(0,1,3)(0,0,0)[24] : aic=281.798
  ARIMA(0,1,3)(0,0,1)[24] : aic=283.743
  ARIMA(0,1,3)(0,0,2)[24] : aic=284.491
  ARIMA(0,1,3)(1,0,0)[24] : aic=283.755
  ARIMA(0,1,3)(1,0,1)[24] : aic=284.631
  ARIMA(0,1,3)(1,0,2)[24] : aic=286.936
  ARIMA(0,1,3)(2,0,0)[24] : aic=284.580
  ARIMA(0,1,3)(2,0,1)[24] : aic=286.387
  ARIMA(0,1,3)(2,0,2)[24] : aic=288.902
  ARIMA(0,1,4)(0,0,0)[24] : aic=283.788
  ARIMA(0,1,4)(0,0,1)[24] : aic=285.716
  ARIMA(0,1,4)(0,0,2)[24] : aic=286.440
  ARIMA(0,1,4)(1,0,0)[24] : aic=285.731
  ARIMA(0,1,4)(1,0,1)[24] : aic=287.730
  ARIMA(0,1,4)(1,0,2)[24] : aic=287.765
  ARIMA(0,1,4)(2,0,0)[24] : aic=286.500
  ARIMA(0,1,4)(2,0,1)[24] : aic=289.058
  ARIMA(0,1,4)(2,0,2)[24] : aic=289.803
  ARIMA(0,1,5)(0,0,0)[24] : aic=285.788
  ARIMA(0,1,5)(0,0,1)[24] : aic=287.717
  ARIMA(0,1,5)(0,0,2)[24] : aic=288.353
  ARIMA(0,1,5)(1,0,0)[24] : aic=287.731
  ARIMA(0,1,5)(1,0,1)[24] : aic=288.975
  ARIMA(0,1,5)(1,0,2)[24] : aic=289.747
  ARIMA(0,1,5)(2,0,0)[24] : aic=288.491
  ARIMA(0,1,5)(2,0,1)[24] : aic=289.671
  ARIMA(0,1,5)(2,0,2)[24] : aic=291.730
  ARIMA(1,1,0)(0,0,0)[24] : aic=279.179
  ARIMA(1,1,0)(0,0,1)[24] : aic=281.041
  ARIMA(1,1,0)(0,0,2)[24] : aic=281.693
  ARIMA(1,1,0)(1,0,0)[24] : aic=281.070
  ARIMA(1,1,0)(1,0,1)[24] : aic=281.758
  ARIMA(1,1,0)(1,0,2)[24] : aic=283.106
  ARIMA(1,1,0)(2,0,0)[24] : aic=281.863
  ARIMA(1,1,0)(2,0,1)[24] : aic=283.038
  ARIMA(1,1,0)(2,0,2)[24] : aic=284.927
  ARIMA(1,1,1)(0,0,0)[24] : aic=281.028
  ARIMA(1,1,1)(0,0,1)[24] : aic=282.917
  ARIMA(1,1,1)(0,0,2)[24] : aic=283.870
  ARIMA(1,1,1)(1,0,0)[24] : aic=282.940
  ARIMA(1,1,1)(1,0,1)[24] : aic=283.243
  ARIMA(1,1,1)(1,0,2)[24] : aic=284.946
  ARIMA(1,1,1)(2,0,0)[24] : aic=283.703
  ARIMA(1,1,1)(2,0,1)[24] : aic=284.883
  ARIMA(1,1,1)(2,0,2)[24] : aic=286.733
  ARIMA(1,1,2)(0,0,0)[24] : aic=282.163
  ARIMA(1,1,2)(0,0,1)[24] : aic=284.093
  ARIMA(1,1,2)(0,0,2)[24] : aic=284.791
  ARIMA(1,1,2)(1,0,0)[24] : aic=284.099
  ARIMA(1,1,2)(1,0,1)[24] : aic=284.919
  ARIMA(1,1,2)(1,0,2)[24] : aic=286.226
  ARIMA(1,1,2)(2,0,0)[24] : aic=284.903
  ARIMA(1,1,2)(2,0,1)[24] : aic=286.242
  ARIMA(1,1,2)(2,0,2)[24] : aic=288.162
  ARIMA(1,1,3)(0,0,0)[24] : aic=283.790
  ARIMA(1,1,3)(0,0,1)[24] : aic=285.718
  ARIMA(1,1,3)(0,0,2)[24] : aic=286.496
  ARIMA(1,1,3)(1,0,0)[24] : aic=285.741
  ARIMA(1,1,3)(1,0,1)[24] : aic=286.585
  ARIMA(1,1,3)(1,0,2)[24] : aic=287.896
  ARIMA(1,1,3)(2,0,0)[24] : aic=286.550
  ARIMA(1,1,3)(2,0,1)[24] : aic=287.799
  ARIMA(1,1,3)(2,0,2)[24] : aic=290.635
  ARIMA(1,1,4)(0,0,0)[24] : aic=285.788
  ARIMA(1,1,4)(0,0,1)[24] : aic=287.711
  ARIMA(1,1,4)(0,0,2)[24] : aic=288.458
  ARIMA(1,1,4)(1,0,0)[24] : aic=287.730
  ARIMA(1,1,4)(1,0,1)[24] : aic=289.724
  ARIMA(1,1,4)(1,0,2)[24] : aic=288.967
  ARIMA(1,1,4)(2,0,0)[24] : aic=288.499
  ARIMA(1,1,4)(2,0,1)[24] : aic=289.737
  ARIMA(1,1,4)(2,0,2)[24] : aic=291.598
  ARIMA(1,1,5)(0,0,0)[24] : aic=287.788
  ARIMA(1,1,5)(0,0,1)[24] : aic=289.717
  ARIMA(1,1,5)(0,0,2)[24] : aic=290.386
  ARIMA(1,1,5)(1,0,0)[24] : aic=289.730
  ARIMA(1,1,5)(1,0,1)[24] : aic=290.580
  ARIMA(1,1,5)(1,0,2)[24] : aic=291.741
  ARIMA(1,1,5)(2,0,0)[24] : aic=290.497
  ARIMA(1,1,5)(2,0,1)[24] : aic=291.776
  ARIMA(1,1,5)(2,0,2)[24] : aic=293.963
  ARIMA(2,1,0)(0,0,0)[24] : aic=280.592
  ARIMA(2,1,0)(0,0,1)[24] : aic=282.544
  ARIMA(2,1,0)(0,0,2)[24] : aic=283.088
  ARIMA(2,1,0)(1,0,0)[24] : aic=282.555
  ARIMA(2,1,0)(1,0,1)[24] : aic=283.309
  ARIMA(2,1,0)(1,0,2)[24] : aic=284.454
  ARIMA(2,1,0)(2,0,0)[24] : aic=283.225
  ARIMA(2,1,0)(2,0,1)[24] : aic=284.304
  ARIMA(2,1,0)(2,0,2)[24] : aic=286.150
  ARIMA(2,1,1)(0,0,0)[24] : aic=282.006
  ARIMA(2,1,1)(0,0,1)[24] : aic=283.926
  ARIMA(2,1,1)(0,0,2)[24] : aic=284.587
  ARIMA(2,1,1)(1,0,0)[24] : aic=283.942
  ARIMA(2,1,1)(1,0,1)[24] : aic=284.763
  ARIMA(2,1,1)(1,0,2)[24] : aic=286.003
  ARIMA(2,1,1)(2,0,0)[24] : aic=284.674
  ARIMA(2,1,1)(2,0,1)[24] : aic=286.040
  ARIMA(2,1,1)(2,0,2)[24] : aic=288.179
  ARIMA(2,1,2)(0,0,0)[24] : aic=283.924
  ARIMA(2,1,2)(0,0,1)[24] : aic=281.569
  ARIMA(2,1,2)(0,0,2)[24] : aic=286.445
  ARIMA(2,1,2)(1,0,0)[24] : aic=285.840
  ARIMA(2,1,2)(1,0,1)[24] : aic=287.922
  ARIMA(2,1,2)(1,0,2)[24] : aic=287.866
  ARIMA(2,1,2)(2,0,0)[24] : aic=286.540
  ARIMA(2,1,2)(2,0,1)[24] : aic=285.321
  ARIMA(2,1,2)(2,0,2)[24] : aic=289.766
  ARIMA(2,1,3)(0,0,0)[24] : aic=285.790
  ARIMA(2,1,3)(0,0,1)[24] : aic=287.718
  ARIMA(2,1,3)(0,0,2)[24] : aic=288.484
  ARIMA(2,1,3)(1,0,0)[24] : aic=287.736
  ARIMA(2,1,3)(1,0,1)[24] : aic=289.791
  ARIMA(2,1,3)(1,0,2)[24] : aic=289.781
  ARIMA(2,1,3)(2,0,0)[24] : aic=288.602
  ARIMA(2,1,3)(2,0,1)[24] : aic=289.668
  ARIMA(2,1,3)(2,0,2)[24] : aic=292.424
  ARIMA(2,1,4)(0,0,0)[24] : aic=283.139
  ARIMA(2,1,4)(0,0,1)[24] : aic=289.720
  ARIMA(2,1,4)(0,0,2)[24] : aic=290.447
  ARIMA(2,1,4)(1,0,0)[24] : aic=289.734
  ARIMA(2,1,4)(1,0,1)[24] : aic=291.809
  ARIMA(2,1,4)(1,0,2)[24] : aic=291.812
  ARIMA(2,1,4)(2,0,0)[24] : aic=290.496
  ARIMA(2,1,4)(2,0,1)[24] : aic=290.993
  ARIMA(2,1,4)(2,0,2)[24] : aic=293.594
  ARIMA(2,1,5)(0,0,0)[24] : aic=284.731
  ARIMA(2,1,5)(0,0,1)[24] : aic=286.541
  ARIMA(2,1,5)(0,0,2)[24] : aic=292.441
  ARIMA(2,1,5)(1,0,0)[24] : aic=290.388
  ARIMA(2,1,5)(1,0,1)[24] : aic=288.768
  ARIMA(2,1,5)(1,0,2)[24] : aic=294.992
  ARIMA(2,1,5)(2,0,0)[24] : aic=292.489
  ARIMA(2,1,5)(2,0,1)[24] : aic=294.142
  ARIMA(2,1,5)(2,0,2)[24] : aic=299.621
  ARIMA(3,1,0)(0,0,0)[24] : aic=281.862
  ARIMA(3,1,0)(0,0,1)[24] : aic=283.806
  ARIMA(3,1,0)(0,0,2)[24] : aic=284.554
  ARIMA(3,1,0)(1,0,0)[24] : aic=283.818
  ARIMA(3,1,0)(1,0,1)[24] : aic=284.703
  ARIMA(3,1,0)(1,0,2)[24] : aic=285.805
  ARIMA(3,1,0)(2,0,0)[24] : aic=284.606
  ARIMA(3,1,0)(2,0,1)[24] : aic=285.792
  ARIMA(3,1,0)(2,0,2)[24] : aic=287.771
  ARIMA(3,1,1)(0,0,0)[24] : aic=283.862
  ARIMA(3,1,1)(0,0,1)[24] : aic=285.776
  ARIMA(3,1,1)(0,0,2)[24] : aic=286.327
  ARIMA(3,1,1)(1,0,0)[24] : aic=285.818
  ARIMA(3,1,1)(1,0,1)[24] : aic=286.595
  ARIMA(3,1,1)(1,0,2)[24] : aic=287.788
  ARIMA(3,1,1)(2,0,0)[24] : aic=286.609
  ARIMA(3,1,1)(2,0,1)[24] : aic=287.755
  ARIMA(3,1,1)(2,0,2)[24] : aic=289.705
  ARIMA(3,1,2)(0,0,0)[24] : aic=285.830
  ARIMA(3,1,2)(0,0,1)[24] : aic=287.773
  ARIMA(3,1,2)(0,0,2)[24] : aic=288.446
  ARIMA(3,1,2)(1,0,0)[24] : aic=287.768
  ARIMA(3,1,2)(1,0,1)[24] : aic=288.546
  ARIMA(3,1,2)(1,0,2)[24] : aic=289.969
  ARIMA(3,1,2)(2,0,0)[24] : aic=288.471
  ARIMA(3,1,2)(2,0,1)[24] : aic=290.095
  ARIMA(3,1,2)(2,0,2)[24] : aic=291.635
  ARIMA(3,1,3)(0,0,0)[24] : aic=282.602
  ARIMA(3,1,3)(0,0,1)[24] : aic=289.716
  ARIMA(3,1,3)(0,0,2)[24] : aic=289.808
  ARIMA(3,1,3)(1,0,0)[24] : aic=289.745
  ARIMA(3,1,3)(1,0,1)[24] : aic=291.788
  ARIMA(3,1,3)(1,0,2)[24] : aic=291.500
  ARIMA(3,1,3)(2,0,0)[24] : aic=290.597
  ARIMA(3,1,3)(2,0,1)[24] : aic=290.055
  ARIMA(3,1,3)(2,0,2)[24] : aic=290.366
  ARIMA(3,1,4)(0,0,0)[24] : aic=284.585
  ARIMA(3,1,4)(0,0,1)[24] : aic=291.712
  ARIMA(3,1,4)(0,0,2)[24] : aic=290.494
  ARIMA(3,1,4)(1,0,0)[24] : aic=291.732
  ARIMA(3,1,4)(1,0,1)[24] : aic=293.786
  ARIMA(3,1,4)(1,0,2)[24] : aic=292.083
  ARIMA(3,1,4)(2,0,0)[24] : aic=292.517
  ARIMA(3,1,4)(2,0,1)[24] : aic=294.297
  ARIMA(3,1,4)(2,0,2)[24] : aic=290.362
  ARIMA(3,1,5)(0,0,0)[24] : aic=285.890
  ARIMA(3,1,5)(0,0,1)[24] : aic=288.680
  ARIMA(3,1,5)(0,0,2)[24] : aic=294.008
  ARIMA(3,1,5)(1,0,0)[24] : aic=293.732
  ARIMA(3,1,5)(1,0,1)[24] : aic=290.712
  ARIMA(3,1,5)(1,0,2)[24] : aic=294.375
  ARIMA(3,1,5)(2,0,0)[24] : aic=294.492
  ARIMA(3,1,5)(2,0,1)[24] : aic=294.778
  ARIMA(3,1,5)(2,0,2)[24] : aic=295.916
  ARIMA(4,1,0)(0,0,0)[24] : aic=283.862
  ARIMA(4,1,0)(0,0,1)[24] : aic=285.797
  ARIMA(4,1,0)(0,0,2)[24] : aic=286.471
  ARIMA(4,1,0)(1,0,0)[24] : aic=285.812
  ARIMA(4,1,0)(1,0,1)[24] : aic=286.627
  ARIMA(4,1,0)(1,0,2)[24] : aic=288.469
  ARIMA(4,1,0)(2,0,0)[24] : aic=286.541
  ARIMA(4,1,0)(2,0,1)[24] : aic=287.742
  ARIMA(4,1,0)(2,0,2)[24] : aic=289.671
  ARIMA(4,1,1)(0,0,0)[24] : aic=285.861
  ARIMA(4,1,1)(0,0,1)[24] : aic=287.803
  ARIMA(4,1,1)(0,0,2)[24] : aic=288.478
  ARIMA(4,1,1)(1,0,0)[24] : aic=287.812
  ARIMA(4,1,1)(1,0,1)[24] : aic=288.109
  ARIMA(4,1,1)(1,0,2)[24] : aic=289.271
  ARIMA(4,1,1)(2,0,0)[24] : aic=288.551
  ARIMA(4,1,1)(2,0,1)[24] : aic=289.217
  ARIMA(4,1,1)(2,0,2)[24] : aic=292.097
  ARIMA(4,1,2)(0,0,0)[24] : aic=282.367
  ARIMA(4,1,2)(0,0,1)[24] : aic=289.768
  ARIMA(4,1,2)(0,0,2)[24] : aic=290.416
  ARIMA(4,1,2)(1,0,0)[24] : aic=289.773
  ARIMA(4,1,2)(1,0,1)[24] : aic=286.993
  ARIMA(4,1,2)(1,0,2)[24] : aic=291.832
  ARIMA(4,1,2)(2,0,0)[24] : aic=286.646
  ARIMA(4,1,2)(2,0,1)[24] : aic=291.980
  ARIMA(4,1,2)(2,0,2)[24] : aic=292.476
  ARIMA(4,1,3)(0,0,0)[24] : aic=284.228
  ARIMA(4,1,3)(0,0,1)[24] : aic=291.724
  ARIMA(4,1,3)(0,0,2)[24] : aic=291.138
  ARIMA(4,1,3)(1,0,0)[24] : aic=291.732
  ARIMA(4,1,3)(1,0,1)[24] : aic=292.687
  ARIMA(4,1,3)(1,0,2)[24] : aic=167.254
  ARIMA(4,1,3)(2,0,0)[24] : aic=292.480
  ARIMA(4,1,3)(2,0,1)[24] : aic=161.953
  ARIMA(4,1,3)(2,0,2)[24] : aic=289.999
  ARIMA(4,1,4)(0,0,0)[24] : aic=285.866
  ARIMA(4,1,4)(0,0,1)[24] : aic=287.731
  ARIMA(4,1,4)(0,0,2)[24] : aic=162.860
  ARIMA(4,1,4)(1,0,0)[24] : aic=288.360
  ARIMA(4,1,4)(1,0,1)[24] : aic=290.125
  ARIMA(4,1,4)(1,0,2)[24] : aic=164.777
  ARIMA(4,1,4)(2,0,0)[24] : aic=294.518
  ARIMA(4,1,4)(2,0,1)[24] : aic=165.997
  ARIMA(4,1,4)(2,0,2)[24] : aic=163.457
  ARIMA(4,1,5)(0,0,0)[24] : aic=287.722
  ARIMA(4,1,5)(0,0,1)[24] : aic=290.674
  ARIMA(4,1,5)(0,0,2)[24] : aic=160.992
  ARIMA(4,1,5)(1,0,0)[24] : aic=290.099
  ARIMA(4,1,5)(1,0,1)[24] : aic=292.671
  ARIMA(4,1,5)(1,0,2)[24] : aic=162.227
  ARIMA(4,1,5)(2,0,0)[24] : aic=296.493
  ARIMA(4,1,5)(2,0,1)[24] : aic=164.604
  ARIMA(4,1,5)(2,0,2)[24] : aic=160.614
  ARIMA(5,1,0)(0,0,0)[24] : aic=285.834
  ARIMA(5,1,0)(0,0,1)[24] : aic=287.772
  ARIMA(5,1,0)(0,0,2)[24] : aic=288.427
  ARIMA(5,1,0)(1,0,0)[24] : aic=287.784
  ARIMA(5,1,0)(1,0,1)[24] : aic=288.576
  ARIMA(5,1,0)(1,0,2)[24] : aic=289.800
  ARIMA(5,1,0)(2,0,0)[24] : aic=288.476
  ARIMA(5,1,0)(2,0,1)[24] : aic=289.763
  ARIMA(5,1,0)(2,0,2)[24] : aic=291.621
  ARIMA(5,1,1)(0,0,0)[24] : aic=287.761
  ARIMA(5,1,1)(0,0,1)[24] : aic=289.797
  ARIMA(5,1,1)(0,0,2)[24] : aic=290.406
  ARIMA(5,1,1)(1,0,0)[24] : aic=289.785
  ARIMA(5,1,1)(1,0,1)[24] : aic=290.508
  ARIMA(5,1,1)(1,0,2)[24] : aic=292.879
  ARIMA(5,1,1)(2,0,0)[24] : aic=290.474
  ARIMA(5,1,1)(2,0,1)[24] : aic=292.770
  ARIMA(5,1,1)(2,0,2)[24] : aic=264.360
  ARIMA(5,1,2)(0,0,0)[24] : aic=284.691
  ARIMA(5,1,2)(0,0,1)[24] : aic=291.731
  ARIMA(5,1,2)(0,0,2)[24] : aic=292.407
  ARIMA(5,1,2)(1,0,0)[24] : aic=290.635
  ARIMA(5,1,2)(1,0,1)[24] : aic=288.641
  ARIMA(5,1,2)(1,0,2)[24] : aic=292.956
  ARIMA(5,1,2)(2,0,0)[24] : aic=292.477
  ARIMA(5,1,2)(2,0,1)[24] : aic=293.823
  ARIMA(5,1,2)(2,0,2)[24] : aic=295.310
  ARIMA(5,1,3)(0,0,0)[24] : aic=291.787
  ARIMA(5,1,3)(0,0,1)[24] : aic=293.752
  ARIMA(5,1,3)(0,0,2)[24] : aic=162.208
  ARIMA(5,1,3)(1,0,0)[24] : aic=293.730
  ARIMA(5,1,3)(1,0,1)[24] : aic=290.682
  ARIMA(5,1,3)(1,0,2)[24] : aic=163.991
  ARIMA(5,1,3)(2,0,0)[24] : aic=294.490
  ARIMA(5,1,3)(2,0,1)[24] : aic=163.394
  ARIMA(5,1,3)(2,0,2)[24] : aic=291.739
  ARIMA(5,1,4)(0,0,0)[24] : aic=287.638
  ARIMA(5,1,4)(0,0,1)[24] : aic=290.612
  ARIMA(5,1,4)(0,0,2)[24] : aic=164.741
  ARIMA(5,1,4)(1,0,0)[24] : aic=290.034
  ARIMA(5,1,4)(1,0,1)[24] : aic=292.669
  ARIMA(5,1,4)(1,0,2)[24] : aic=165.324
  ARIMA(5,1,4)(2,0,0)[24] : aic=296.475
  ARIMA(5,1,4)(2,0,1)[24] : aic=161.100
  ARIMA(5,1,4)(2,0,2)[24] : aic=167.514
  ARIMA(5,1,5)(0,0,0)[24] : aic=284.124
  ARIMA(5,1,5)(0,0,1)[24] : aic=291.185
  ARIMA(5,1,5)(0,0,2)[24] : aic=162.065
  ARIMA(5,1,5)(1,0,0)[24] : aic=289.907
  ARIMA(5,1,5)(1,0,1)[24] : aic=294.276
  ARIMA(5,1,5)(1,0,2)[24] : aic=164.055
  ARIMA(5,1,5)(2,0,0)[24] : aic=292.374
  ARIMA(5,1,5)(2,0,1)[24] : aic=168.316
  ARIMA(5,1,5)(2,0,2)[24] : aic=165.993
