 ARIMA(0,0,0)(0,0,0)[24] intercept   : AIC=457.719, Time=0.00 sec
 ARIMA(0,0,0)(0,0,1)[24] intercept   : AIC=453.758, Time=0.02 sec
 ARIMA(0,0,0)(0,0,2)[24] intercept   : AIC=inf, Time=0.23 sec
 ARIMA(0,0,0)(1,0,0)[24] intercept   : AIC=457.142, Time=0.04 sec
 ARIMA(0,0,0)(1,0,1)[24] intercept   : AIC=inf, Time=0.22 sec
 ARIMA(0,0,0)(1,0,2)[24] intercept   : AIC=inf, Time=0.48 sec
 ARIMA(0,0,0)(2,0,0)[24] intercept   : AIC=440.906, Time=0.12 sec
 ARIMA(0,0,0)(2,0,1)[24] intercept   : AIC=441.564, Time=0.35 sec
 ARIMA(0,0,0)(2,0,2)[24] intercept   : AIC=inf, Time=0.35 sec
 ARIMA(0,0,1)(0,0,0)[24] intercept   : AIC=374.685, Time=0.00 sec
 ARIMA(0,0,1)(0,0,1)[24] intercept   : AIC=372.536, Time=0.03 sec
 ARIMA(0,0,1)(0,0,2)[24] intercept   : AIC=inf, Time=0.29 sec
 ARIMA(0,0,1)(1,0,0)[24] intercept   : AIC=374.853, Time=0.05 sec
 ARIMA(0,0,1)(1,0,1)[24] intercept   : AIC=inf, Time=0.23 sec
 ARIMA(0,0,1)(1,0,2)[24] intercept   : AIC=inf, Time=0.57 sec
 ARIMA(0,0,1)(2,0,0)[24] intercept   : AIC=363.615, Time=0.18 sec
 ARIMA(0,0,1)(2,0,1)[24] intercept   : AIC=365.558, Time=0.30 sec
 ARIMA(0,0,1)(2,0,2)[24] intercept   : AIC=inf, Time=0.82 sec
 ARIMA(0,0,2)(0,0,0)[24] intercept   : AIC=342.826, Time=0.01 sec
 ARIMA(0,0,2)(0,0,1)[24] intercept   : AIC=343.795, Time=0.05 sec
 ARIMA(0,0,2)(0,0,2)[24] intercept   : AIC=340.975, Time=0.12 sec
 ARIMA(0,0,2)(1,0,0)[24] intercept   : AIC=344.195, Time=0.07 sec
 ARIMA(0,0,2)(1,0,1)[24] intercept   : AIC=inf, Time=0.29 sec
 ARIMA(0,0,2)(1,0,2)[24] intercept   : AIC=342.967, Time=0.38 sec
 ARIMA(0,0,2)(2,0,0)[24] intercept   : AIC=340.624, Time=0.19 sec
 ARIMA(0,0,2)(2,0,1)[24] intercept   : AIC=342.461, Time=0.25 sec
 ARIMA(0,0,3)(0,0,0)[24] intercept   : AIC=324.045, Time=0.01 sec
 ARIMA(0,0,3)(0,0,1)[24] intercept   : AIC=323.119, Time=0.07 sec
 ARIMA(0,0,3)(0,0,2)[24] intercept   : AIC=inf, Time=0.17 sec
 ARIMA(0,0,3)(1,0,0)[24] intercept   : AIC=324.570, Time=0.09 sec
 ARIMA(0,0,3)(1,0,1)[24] intercept   : AIC=inf, Time=0.31 sec
 ARIMA(0,0,3)(2,0,0)[24] intercept   : AIC=318.571, Time=0.23 sec
 ARIMA(0,0,4)(0,0,0)[24] intercept   : AIC=311.530, Time=0.01 sec
 ARIMA(0,0,4)(0,0,1)[24] intercept   : AIC=312.169, Time=0.10 sec
 ARIMA(0,0,4)(1,0,0)[24] intercept   : AIC=312.816, Time=0.11 sec
 ARIMA(0,0,5)(0,0,0)[24] intercept   : AIC=306.705, Time=0.02 sec
 ARIMA(1,0,0)(0,0,0)[24] intercept   : AIC=282.642, Time=0.00 sec
 ARIMA(1,0,0)(0,0,1)[24] intercept   : AIC=284.481, Time=0.04 sec
 ARIMA(1,0,0)(0,0,2)[24] intercept   : AIC=284.854, Time=0.12 sec
 ARIMA(1,0,0)(1,0,0)[24] intercept   : AIC=284.517, Time=0.06 sec
 ARIMA(1,0,0)(1,0,1)[24] intercept   : AIC=inf, Time=0.20 sec
 ARIMA(1,0,0)(1,0,2)[24] intercept   : AIC=inf, Time=0.56 sec
 ARIMA(1,0,0)(2,0,0)[24] intercept   : AIC=285.007, Time=0.17 sec
 ARIMA(1,0,0)(2,0,1)[24] intercept   : AIC=inf, Time=0.68 sec
 ARIMA(1,0,0)(2,0,2)[24] intercept   : AIC=inf, Time=0.54 sec
 ARIMA(1,0,1)(0,0,0)[24] intercept   : AIC=284.577, Time=0.01 sec
 ARIMA(1,0,1)(0,0,1)[24] intercept   : AIC=286.417, Time=0.06 sec
 ARIMA(1,0,1)(0,0,2)[24] intercept   : AIC=286.770, Time=0.15 sec
 ARIMA(1,0,1)(1,0,0)[24] intercept   : AIC=286.454, Time=0.07 sec
 ARIMA(1,0,1)(1,0,1)[24] intercept   : AIC=inf, Time=0.26 sec
 ARIMA(1,0,1)(1,0,2)[24] intercept   : AIC=inf, Time=0.64 sec
 ARIMA(1,0,1)(2,0,0)[24] intercept   : AIC=286.927, Time=0.21 sec
 ARIMA(1,0,1)(2,0,1)[24] intercept   : AIC=inf, Time=0.69 sec
 ARIMA(1,0,2)(0,0,0)[24] intercept   : AIC=286.411, Time=0.01 sec
 ARIMA(1,0,2)(0,0,1)[24] intercept   : AIC=288.303, Time=0.07 sec
 ARIMA(1,0,2)(0,0,2)[24] intercept   : AIC=288.629, Time=0.18 sec
 ARIMA(1,0,2)(1,0,0)[24] intercept   : AIC=288.329, Time=0.10 sec
 ARIMA(1,0,2)(1,0,1)[24] intercept   : AIC=inf, Time=0.29 sec
 ARIMA(1,0,2)(2,0,0)[24] intercept   : AIC=288.771, Time=0.24 sec
 ARIMA(1,0,3)(0,0,0)[24] intercept   : AIC=286.953, Time=0.01 sec
 ARIMA(1,0,3)(0,0,1)[24] intercept   : AIC=288.821, Time=0.08 sec
 ARIMA(1,0,3)(1,0,0)[24] intercept   : AIC=288.854, Time=0.11 sec
 ARIMA(1,0,4)(0,0,0)[24] intercept   : AIC=288.918, Time=0.01 sec
 ARIMA(2,0,0)(0,0,0)[24] intercept   : AIC=284.584, Time=0.01 sec
 ARIMA(2,0,0)(0,0,1)[24] intercept   : AIC=286.422, Time=0.05 sec
 ARIMA(2,0,0)(0,0,2)[24] intercept   : AIC=286.778, Time=0.14 sec
 ARIMA(2,0,0)(1,0,0)[24] intercept   : AIC=286.459, Time=0.07 sec
 ARIMA(2,0,0)(1,0,1)[24] intercept   : AIC=inf, Time=0.25 sec
 ARIMA(2,0,0)(1,0,2)[24] intercept   : AIC=inf, Time=0.67 sec
 ARIMA(2,0,0)(2,0,0)[24] intercept   : AIC=286.935, Time=0.20 sec
 ARIMA(2,0,0)(2,0,1)[24] intercept   : AIC=inf, Time=0.65 sec
 ARIMA(2,0,1)(0,0,0)[24] intercept   : AIC=inf, Time=0.03 sec
 ARIMA(2,0,1)(0,0,1)[24] intercept   : AIC=286.804, Time=0.25 sec
 ARIMA(2,0,1)(0,0,2)[24] intercept   : AIC=inf, Time=0.63 sec
 ARIMA(2,0,1)(1,0,0)[24] intercept   : AIC=inf, Time=0.30 sec
 ARIMA(2,0,1)(1,0,1)[24] intercept   : AIC=inf, Time=0.32 sec
 ARIMA(2,0,1)(2,0,0)[24] intercept   : AIC=inf, Time=0.63 sec
 ARIMA(2,0,2)(0,0,0)[24] intercept   : AIC=287.837, Time=0.01 sec
 ARIMA(2,0,2)(0,0,1)[24] intercept   : AIC=289.702, Time=0.10 sec
 ARIMA(2,0,2)(1,0,0)[24] intercept   : AIC=289.736, Time=0.16 sec
 ARIMA(2,0,3)(0,0,0)[24] intercept   : AIC=288.811, Time=0.02 sec
 ARIMA(3,0,0)(0,0,0)[24] intercept   : AIC=286.345, Time=0.01 sec
 ARIMA(3,0,0)(0,0,1)[24] intercept   : AIC=288.250, Time=0.07 sec
 ARIMA(3,0,0)(0,0,2)[24] intercept   : AIC=288.561, Time=0.17 sec
 ARIMA(3,0,0)(1,0,0)[24] intercept   : AIC=288.272, Time=0.09 sec
 ARIMA(3,0,0)(1,0,1)[24] intercept   : AIC=inf, Time=0.32 sec
 ARIMA(3,0,0)(2,0,0)[24] intercept   : AIC=288.700, Time=0.25 sec
 ARIMA(3,0,1)(0,0,0)[24] intercept   : AIC=287.702, Time=0.01 sec
 ARIMA(3,0,1)(0,0,1)[24] intercept   : AIC=289.570, Time=0.11 sec
 ARIMA(3,0,1)(1,0,0)[24] intercept   : AIC=289.604, Time=0.19 sec
 ARIMA(3,0,2)(0,0,0)[24] intercept   : AIC=285.792, Time=0.05 sec
 ARIMA(4,0,0)(0,0,0)[24] intercept   : AIC=287.031, Time=0.01 sec
 ARIMA(4,0,0)(0,0,1)[24] intercept   : AIC=288.893, Time=0.08 sec
 ARIMA(4,0,0)(1,0,0)[24] intercept   : AIC=288.929, Time=0.12 sec
 ARIMA(4,0,1)(0,0,0)[24] intercept   : AIC=288.833, Time=0.03 sec
 ARIMA(5,0,0)(0,0,0)[24] intercept   : AIC=288.946, Time=0.01 sec

Best model:  ARIMA(1,0,0)(0,0,0)[24] intercept
Total fit time: 18.359 seconds
