/Users/lab2/Documents/GitHub/Rust-python-arima2/rustima/python/rustima/auto.py:401: UserWarning: near-cancellation detected in fitted ARMA(1,5) parameters (min inverted-root distance < 0.05). Model may be non-identifiable.
  raw_results = rustima.sarimax_grid_search(
/Users/lab2/Documents/GitHub/Rust-python-arima2/rustima/python/rustima/auto.py:401: UserWarning: near-cancellation detected in fitted ARMA(3,2) parameters (min inverted-root distance < 0.05). Model may be non-identifiable.
  raw_results = rustima.sarimax_grid_search(
/Users/lab2/Documents/GitHub/Rust-python-arima2/rustima/python/rustima/auto.py:401: UserWarning: near-cancellation detected in fitted ARMA(3,5) parameters (min inverted-root distance < 0.05). Model may be non-identifiable.
  raw_results = rustima.sarimax_grid_search(
/Users/lab2/Documents/GitHub/Rust-python-arima2/rustima/python/rustima/auto.py:401: UserWarning: near-cancellation detected in fitted ARMA(4,1) parameters (min inverted-root distance < 0.05). Model may be non-identifiable.
  raw_results = rustima.sarimax_grid_search(
/Users/lab2/Documents/GitHub/Rust-python-arima2/rustima/python/rustima/auto.py:401: UserWarning: near-cancellation detected in fitted ARMA(4,4) parameters (min inverted-root distance < 0.05). Model may be non-identifiable.
  raw_results = rustima.sarimax_grid_search(
/Users/lab2/Documents/GitHub/Rust-python-arima2/rustima/python/rustima/auto.py:401: UserWarning: near-cancellation detected in fitted ARMA(5,1) parameters (min inverted-root distance < 0.05). Model may be non-identifiable.
  raw_results = rustima.sarimax_grid_search(
  ARIMA(0,1,0)(0,0,0)[24] : aic=279.492
  ARIMA(0,1,0)(0,0,1)[24] : aic=281.356
  ARIMA(0,1,0)(0,0,2)[24] : aic=282.090
  ARIMA(0,1,0)(1,0,0)[24] : aic=281.385
  ARIMA(0,1,0)(1,0,1)[24] : aic=281.976
  ARIMA(0,1,0)(1,0,2)[24] : aic=283.474
  ARIMA(0,1,0)(2,0,0)[24] : aic=282.246
  ARIMA(0,1,0)(2,0,1)[24] : aic=283.415
  ARIMA(0,1,0)(2,0,2)[24] : aic=285.263
  ARIMA(0,1,1)(0,0,0)[24] : aic=281.115
  ARIMA(0,1,1)(0,0,1)[24] : aic=282.986
  ARIMA(0,1,1)(0,0,2)[24] : aic=283.628
  ARIMA(0,1,1)(1,0,0)[24] : aic=283.014
  ARIMA(0,1,1)(1,0,1)[24] : aic=283.548
  ARIMA(0,1,1)(1,0,2)[24] : aic=285.045
  ARIMA(0,1,1)(2,0,0)[24] : aic=283.798
  ARIMA(0,1,1)(2,0,1)[24] : aic=284.905
  ARIMA(0,1,1)(2,0,2)[24] : aic=286.697
  ARIMA(0,1,2)(0,0,0)[24] : aic=282.718
  ARIMA(0,1,2)(0,0,1)[24] : aic=284.658
  ARIMA(0,1,2)(0,0,2)[24] : aic=285.230
  ARIMA(0,1,2)(1,0,0)[24] : aic=284.672
  ARIMA(0,1,2)(1,0,1)[24] : aic=285.244
  ARIMA(0,1,2)(1,0,2)[24] : aic=286.514
  ARIMA(0,1,2)(2,0,0)[24] : aic=285.368
  ARIMA(0,1,2)(2,0,1)[24] : aic=286.455
  ARIMA(0,1,2)(2,0,2)[24] : aic=288.296
  ARIMA(0,1,3)(0,0,0)[24] : aic=283.787
  ARIMA(0,1,3)(0,0,1)[24] : aic=285.733
  ARIMA(0,1,3)(0,0,2)[24] : aic=286.529
  ARIMA(0,1,3)(1,0,0)[24] : aic=285.746
  ARIMA(0,1,3)(1,0,1)[24] : aic=286.412
  ARIMA(0,1,3)(1,0,2)[24] : aic=287.767
  ARIMA(0,1,3)(2,0,0)[24] : aic=286.580
  ARIMA(0,1,3)(2,0,1)[24] : aic=288.156
  ARIMA(0,1,3)(2,0,2)[24] : aic=289.516
  ARIMA(0,1,4)(0,0,0)[24] : aic=285.777
  ARIMA(0,1,4)(0,0,1)[24] : aic=287.707
  ARIMA(0,1,4)(0,0,2)[24] : aic=288.353
  ARIMA(0,1,4)(1,0,0)[24] : aic=287.722
  ARIMA(0,1,4)(1,0,1)[24] : aic=289.723
  ARIMA(0,1,4)(1,0,2)[24] : aic=289.639
  ARIMA(0,1,4)(2,0,0)[24] : aic=288.499
  ARIMA(0,1,4)(2,0,1)[24] : aic=289.753
  ARIMA(0,1,4)(2,0,2)[24] : aic=291.617
  ARIMA(0,1,5)(0,0,0)[24] : aic=287.777
  ARIMA(0,1,5)(0,0,1)[24] : aic=289.708
  ARIMA(0,1,5)(0,0,2)[24] : aic=290.437
  ARIMA(0,1,5)(1,0,0)[24] : aic=289.723
  ARIMA(0,1,5)(1,0,1)[24] : aic=290.345
  ARIMA(0,1,5)(1,0,2)[24] : aic=291.703
  ARIMA(0,1,5)(2,0,0)[24] : aic=290.497
  ARIMA(0,1,5)(2,0,1)[24] : aic=291.577
  ARIMA(0,1,5)(2,0,2)[24] : aic=293.590
  ARIMA(1,1,0)(0,0,0)[24] : aic=281.169
  ARIMA(1,1,0)(0,0,1)[24] : aic=283.033
  ARIMA(1,1,0)(0,0,2)[24] : aic=283.692
  ARIMA(1,1,0)(1,0,0)[24] : aic=283.063
  ARIMA(1,1,0)(1,0,1)[24] : aic=283.600
  ARIMA(1,1,0)(1,0,2)[24] : aic=285.042
  ARIMA(1,1,0)(2,0,0)[24] : aic=283.861
  ARIMA(1,1,0)(2,0,1)[24] : aic=284.975
  ARIMA(1,1,0)(2,0,2)[24] : aic=286.798
  ARIMA(1,1,1)(0,0,0)[24] : aic=283.013
  ARIMA(1,1,1)(0,0,1)[24] : aic=284.905
  ARIMA(1,1,1)(0,0,2)[24] : aic=285.590
  ARIMA(1,1,1)(1,0,0)[24] : aic=284.929
  ARIMA(1,1,1)(1,0,1)[24] : aic=285.121
  ARIMA(1,1,1)(1,0,2)[24] : aic=286.940
  ARIMA(1,1,1)(2,0,0)[24] : aic=285.700
  ARIMA(1,1,1)(2,0,1)[24] : aic=286.560
  ARIMA(1,1,1)(2,0,2)[24] : aic=289.538
  ARIMA(1,1,2)(0,0,0)[24] : aic=284.157
  ARIMA(1,1,2)(0,0,1)[24] : aic=286.079
  ARIMA(1,1,2)(0,0,2)[24] : aic=286.748
  ARIMA(1,1,2)(1,0,0)[24] : aic=286.095
  ARIMA(1,1,2)(1,0,1)[24] : aic=286.711
  ARIMA(1,1,2)(1,0,2)[24] : aic=288.604
  ARIMA(1,1,2)(2,0,0)[24] : aic=286.919
  ARIMA(1,1,2)(2,0,1)[24] : aic=288.469
  ARIMA(1,1,2)(2,0,2)[24] : aic=290.234
  ARIMA(1,1,3)(0,0,0)[24] : aic=285.780
  ARIMA(1,1,3)(0,0,1)[24] : aic=287.710
  ARIMA(1,1,3)(0,0,2)[24] : aic=288.456
  ARIMA(1,1,3)(1,0,0)[24] : aic=287.733
  ARIMA(1,1,3)(1,0,1)[24] : aic=288.366
  ARIMA(1,1,3)(1,0,2)[24] : aic=289.686
  ARIMA(1,1,3)(2,0,0)[24] : aic=288.552
  ARIMA(1,1,3)(2,0,1)[24] : aic=289.633
  ARIMA(1,1,3)(2,0,2)[24] : aic=292.439
  ARIMA(1,1,4)(0,0,0)[24] : aic=287.778
  ARIMA(1,1,4)(0,0,1)[24] : aic=289.693
  ARIMA(1,1,4)(0,0,2)[24] : aic=290.436
  ARIMA(1,1,4)(1,0,0)[24] : aic=289.723
  ARIMA(1,1,4)(1,0,1)[24] : aic=291.705
  ARIMA(1,1,4)(1,0,2)[24] : aic=291.447
  ARIMA(1,1,4)(2,0,0)[24] : aic=290.499
  ARIMA(1,1,4)(2,0,1)[24] : aic=291.611
  ARIMA(1,1,4)(2,0,2)[24] : aic=292.482
  ARIMA(1,1,5)(0,0,0)[24] : aic=289.778
  ARIMA(1,1,5)(0,0,1)[24] : aic=291.709
  ARIMA(1,1,5)(0,0,2)[24] : aic=292.342
  ARIMA(1,1,5)(1,0,0)[24] : aic=291.723
  ARIMA(1,1,5)(1,0,1)[24] : aic=292.376
  ARIMA(1,1,5)(1,0,2)[24] : aic=294.785
  ARIMA(1,1,5)(2,0,0)[24] : aic=292.497
  ARIMA(1,1,5)(2,0,1)[24] : aic=293.648
  ARIMA(1,1,5)(2,0,2)[24] : aic=295.357
  ARIMA(2,1,0)(0,0,0)[24] : aic=282.584
  ARIMA(2,1,0)(0,0,1)[24] : aic=284.536
  ARIMA(2,1,0)(0,0,2)[24] : aic=285.088
  ARIMA(2,1,0)(1,0,0)[24] : aic=284.548
  ARIMA(2,1,0)(1,0,1)[24] : aic=285.124
  ARIMA(2,1,0)(1,0,2)[24] : aic=286.346
  ARIMA(2,1,0)(2,0,0)[24] : aic=285.222
  ARIMA(2,1,0)(2,0,1)[24] : aic=286.246
  ARIMA(2,1,0)(2,0,2)[24] : aic=288.001
  ARIMA(2,1,1)(0,0,0)[24] : aic=284.002
  ARIMA(2,1,1)(0,0,1)[24] : aic=285.923
  ARIMA(2,1,1)(0,0,2)[24] : aic=286.622
  ARIMA(2,1,1)(1,0,0)[24] : aic=285.939
  ARIMA(2,1,1)(1,0,1)[24] : aic=286.579
  ARIMA(2,1,1)(1,0,2)[24] : aic=287.884
  ARIMA(2,1,1)(2,0,0)[24] : aic=286.675
  ARIMA(2,1,1)(2,0,1)[24] : aic=287.910
  ARIMA(2,1,1)(2,0,2)[24] : aic=289.792
  ARIMA(2,1,2)(0,0,0)[24] : aic=285.922
  ARIMA(2,1,2)(0,0,1)[24] : aic=281.996
  ARIMA(2,1,2)(0,0,2)[24] : aic=288.449
  ARIMA(2,1,2)(1,0,0)[24] : aic=287.839
  ARIMA(2,1,2)(1,0,1)[24] : aic=289.920
  ARIMA(2,1,2)(1,0,2)[24] : aic=286.702
  ARIMA(2,1,2)(2,0,0)[24] : aic=289.211
  ARIMA(2,1,2)(2,0,1)[24] : aic=289.723
  ARIMA(2,1,2)(2,0,2)[24] : aic=291.625
  ARIMA(2,1,3)(0,0,0)[24] : aic=287.780
  ARIMA(2,1,3)(0,0,1)[24] : aic=289.711
  ARIMA(2,1,3)(0,0,2)[24] : aic=290.347
  ARIMA(2,1,3)(1,0,0)[24] : aic=289.727
  ARIMA(2,1,3)(1,0,1)[24] : aic=291.787
  ARIMA(2,1,3)(1,0,2)[24] : aic=291.656
  ARIMA(2,1,3)(2,0,0)[24] : aic=290.601
  ARIMA(2,1,3)(2,0,1)[24] : aic=291.918
  ARIMA(2,1,3)(2,0,2)[24] : aic=293.760
  ARIMA(2,1,4)(0,0,0)[24] : aic=285.133
  ARIMA(2,1,4)(0,0,1)[24] : aic=291.705
  ARIMA(2,1,4)(0,0,2)[24] : aic=292.400
  ARIMA(2,1,4)(1,0,0)[24] : aic=291.728
  ARIMA(2,1,4)(1,0,1)[24] : aic=293.784
  ARIMA(2,1,4)(1,0,2)[24] : aic=293.392
  ARIMA(2,1,4)(2,0,0)[24] : aic=292.496
  ARIMA(2,1,4)(2,0,1)[24] : aic=293.171
  ARIMA(2,1,4)(2,0,2)[24] : aic=297.383
  ARIMA(2,1,5)(0,0,0)[24] : aic=286.801
  ARIMA(2,1,5)(0,0,1)[24] : aic=288.507
  ARIMA(2,1,5)(0,0,2)[24] : aic=294.437
  ARIMA(2,1,5)(1,0,0)[24] : aic=292.350
  ARIMA(2,1,5)(1,0,1)[24] : aic=290.325
  ARIMA(2,1,5)(1,0,2)[24] : aic=295.773
  ARIMA(2,1,5)(2,0,0)[24] : aic=294.488
  ARIMA(2,1,5)(2,0,1)[24] : aic=296.118
  ARIMA(2,1,5)(2,0,2)[24] : aic=298.539
  ARIMA(3,1,0)(0,0,0)[24] : aic=283.851
  ARIMA(3,1,0)(0,0,1)[24] : aic=285.796
  ARIMA(3,1,0)(0,0,2)[24] : aic=286.552
  ARIMA(3,1,0)(1,0,0)[24] : aic=285.809
  ARIMA(3,1,0)(1,0,1)[24] : aic=286.437
  ARIMA(3,1,0)(1,0,2)[24] : aic=287.703
  ARIMA(3,1,0)(2,0,0)[24] : aic=286.606
  ARIMA(3,1,0)(2,0,1)[24] : aic=287.684
  ARIMA(3,1,0)(2,0,2)[24] : aic=289.612
  ARIMA(3,1,1)(0,0,0)[24] : aic=285.852
  ARIMA(3,1,1)(0,0,1)[24] : aic=287.787
  ARIMA(3,1,1)(0,0,2)[24] : aic=288.554
  ARIMA(3,1,1)(1,0,0)[24] : aic=287.810
  ARIMA(3,1,1)(1,0,1)[24] : aic=288.381
  ARIMA(3,1,1)(1,0,2)[24] : aic=290.936
  ARIMA(3,1,1)(2,0,0)[24] : aic=288.609
  ARIMA(3,1,1)(2,0,1)[24] : aic=289.833
  ARIMA(3,1,1)(2,0,2)[24] : aic=291.739
  ARIMA(3,1,2)(0,0,0)[24] : aic=287.814
  ARIMA(3,1,2)(0,0,1)[24] : aic=289.737
  ARIMA(3,1,2)(0,0,2)[24] : aic=290.420
  ARIMA(3,1,2)(1,0,0)[24] : aic=289.755
  ARIMA(3,1,2)(1,0,1)[24] : aic=289.631
  ARIMA(3,1,2)(1,0,2)[24] : aic=292.278
  ARIMA(3,1,2)(2,0,0)[24] : aic=290.468
  ARIMA(3,1,2)(2,0,1)[24] : aic=291.683
  ARIMA(3,1,2)(2,0,2)[24] : aic=293.624
  ARIMA(3,1,3)(0,0,0)[24] : aic=284.599
  ARIMA(3,1,3)(0,0,1)[24] : aic=291.711
  ARIMA(3,1,3)(0,0,2)[24] : aic=291.825
  ARIMA(3,1,3)(1,0,0)[24] : aic=291.738
  ARIMA(3,1,3)(1,0,1)[24] : aic=293.787
  ARIMA(3,1,3)(1,0,2)[24] : aic=294.211
  ARIMA(3,1,3)(2,0,0)[24] : aic=292.539
  ARIMA(3,1,3)(2,0,1)[24] : aic=294.122
  ARIMA(3,1,3)(2,0,2)[24] : aic=291.257
  ARIMA(3,1,4)(0,0,0)[24] : aic=286.478
  ARIMA(3,1,4)(0,0,1)[24] : aic=293.708
  ARIMA(3,1,4)(0,0,2)[24] : aic=292.381
  ARIMA(3,1,4)(1,0,0)[24] : aic=293.722
  ARIMA(3,1,4)(1,0,1)[24] : aic=295.786
  ARIMA(3,1,4)(1,0,2)[24] : aic=295.166
  ARIMA(3,1,4)(2,0,0)[24] : aic=294.516
  ARIMA(3,1,4)(2,0,1)[24] : aic=294.269
  ARIMA(3,1,4)(2,0,2)[24] : aic=294.139
  ARIMA(3,1,5)(0,0,0)[24] : aic=287.925
  ARIMA(3,1,5)(0,0,1)[24] : aic=290.616
  ARIMA(3,1,5)(0,0,2)[24] : aic=295.588
  ARIMA(3,1,5)(1,0,0)[24] : aic=295.726
  ARIMA(3,1,5)(1,0,1)[24] : aic=292.646
  ARIMA(3,1,5)(1,0,2)[24] : aic=297.961
  ARIMA(3,1,5)(2,0,0)[24] : aic=296.492
  ARIMA(3,1,5)(2,0,1)[24] : aic=297.895
  ARIMA(3,1,5)(2,0,2)[24] : aic=299.536
  ARIMA(4,1,0)(0,0,0)[24] : aic=285.851
  ARIMA(4,1,0)(0,0,1)[24] : aic=287.791
  ARIMA(4,1,0)(0,0,2)[24] : aic=288.469
  ARIMA(4,1,0)(1,0,0)[24] : aic=287.804
  ARIMA(4,1,0)(1,0,1)[24] : aic=288.430
  ARIMA(4,1,0)(1,0,2)[24] : aic=289.852
  ARIMA(4,1,0)(2,0,0)[24] : aic=288.535
  ARIMA(4,1,0)(2,0,1)[24] : aic=289.654
  ARIMA(4,1,0)(2,0,2)[24] : aic=291.629
  ARIMA(4,1,1)(0,0,0)[24] : aic=287.851
  ARIMA(4,1,1)(0,0,1)[24] : aic=289.790
  ARIMA(4,1,1)(0,0,2)[24] : aic=290.403
  ARIMA(4,1,1)(1,0,0)[24] : aic=289.804
  ARIMA(4,1,1)(1,0,1)[24] : aic=291.788
  ARIMA(4,1,1)(1,0,2)[24] : aic=292.889
  ARIMA(4,1,1)(2,0,0)[24] : aic=290.532
  ARIMA(4,1,1)(2,0,1)[24] : aic=291.231
  ARIMA(4,1,1)(2,0,2)[24] : aic=293.584
  ARIMA(4,1,2)(0,0,0)[24] : aic=285.185
  ARIMA(4,1,2)(0,0,1)[24] : aic=291.751
  ARIMA(4,1,2)(0,0,2)[24] : aic=292.406
  ARIMA(4,1,2)(1,0,0)[24] : aic=291.755
  ARIMA(4,1,2)(1,0,1)[24] : aic=291.913
  ARIMA(4,1,2)(1,0,2)[24] : aic=294.820
  ARIMA(4,1,2)(2,0,0)[24] : aic=287.184
  ARIMA(4,1,2)(2,0,1)[24] : aic=294.122
  ARIMA(4,1,2)(2,0,2)[24] : aic=295.428
  ARIMA(4,1,3)(0,0,0)[24] : aic=286.083
  ARIMA(4,1,3)(0,0,1)[24] : aic=293.721
  ARIMA(4,1,3)(0,0,2)[24] : aic=293.258
  ARIMA(4,1,3)(1,0,0)[24] : aic=293.725
  ARIMA(4,1,3)(1,0,1)[24] : aic=294.235
  ARIMA(4,1,3)(1,0,2)[24] : aic=173.372
  ARIMA(4,1,3)(2,0,0)[24] : aic=294.473
  ARIMA(4,1,3)(2,0,1)[24] : aic=163.145
  ARIMA(4,1,3)(2,0,2)[24] : aic=296.525
  ARIMA(4,1,4)(0,0,0)[24] : aic=288.038
  ARIMA(4,1,4)(0,0,1)[24] : aic=295.138
  ARIMA(4,1,4)(0,0,2)[24] : aic=166.803
  ARIMA(4,1,4)(1,0,0)[24] : aic=290.708
  ARIMA(4,1,4)(1,0,1)[24] : aic=291.755
  ARIMA(4,1,4)(1,0,2)[24] : aic=166.095
  ARIMA(4,1,4)(2,0,0)[24] : aic=296.485
  ARIMA(4,1,4)(2,0,1)[24] : aic=166.949
  ARIMA(4,1,4)(2,0,2)[24] : aic=170.794
  ARIMA(4,1,5)(0,0,0)[24] : aic=288.730
  ARIMA(4,1,5)(0,0,1)[24] : aic=292.649
  ARIMA(4,1,5)(0,0,2)[24] : aic=162.391
  ARIMA(4,1,5)(1,0,0)[24] : aic=291.888
  ARIMA(4,1,5)(1,0,1)[24] : aic=294.594
  ARIMA(4,1,5)(1,0,2)[24] : aic=163.911
  ARIMA(4,1,5)(2,0,0)[24] : aic=298.486
  ARIMA(4,1,5)(2,0,1)[24] : aic=166.557
  ARIMA(4,1,5)(2,0,2)[24] : aic=164.775
  ARIMA(5,1,0)(0,0,0)[24] : aic=287.823
  ARIMA(5,1,0)(0,0,1)[24] : aic=289.762
  ARIMA(5,1,0)(0,0,2)[24] : aic=290.425
  ARIMA(5,1,0)(1,0,0)[24] : aic=289.776
  ARIMA(5,1,0)(1,0,1)[24] : aic=291.749
  ARIMA(5,1,0)(1,0,2)[24] : aic=291.710
  ARIMA(5,1,0)(2,0,0)[24] : aic=290.491
  ARIMA(5,1,0)(2,0,1)[24] : aic=291.631
  ARIMA(5,1,0)(2,0,2)[24] : aic=293.559
  ARIMA(5,1,1)(0,0,0)[24] : aic=289.753
  ARIMA(5,1,1)(0,0,1)[24] : aic=291.785
  ARIMA(5,1,1)(0,0,2)[24] : aic=292.375
  ARIMA(5,1,1)(1,0,0)[24] : aic=291.776
  ARIMA(5,1,1)(1,0,1)[24] : aic=292.310
  ARIMA(5,1,1)(1,0,2)[24] : aic=293.667
  ARIMA(5,1,1)(2,0,0)[24] : aic=292.482
  ARIMA(5,1,1)(2,0,1)[24] : aic=293.639
  ARIMA(5,1,1)(2,0,2)[24] : aic=294.836
  ARIMA(5,1,2)(0,0,0)[24] : aic=286.444
  ARIMA(5,1,2)(0,0,1)[24] : aic=293.722
  ARIMA(5,1,2)(0,0,2)[24] : aic=294.409
  ARIMA(5,1,2)(1,0,0)[24] : aic=292.342
  ARIMA(5,1,2)(1,0,1)[24] : aic=290.476
  ARIMA(5,1,2)(1,0,2)[24] : aic=296.545
  ARIMA(5,1,2)(2,0,0)[24] : aic=294.481
  ARIMA(5,1,2)(2,0,1)[24] : aic=295.766
  ARIMA(5,1,2)(2,0,2)[24] : aic=296.832
  ARIMA(5,1,3)(0,0,0)[24] : aic=293.779
  ARIMA(5,1,3)(0,0,1)[24] : aic=291.175
  ARIMA(5,1,3)(0,0,2)[24] : aic=164.597
  ARIMA(5,1,3)(1,0,0)[24] : aic=295.724
  ARIMA(5,1,3)(1,0,1)[24] : aic=292.546
  ARIMA(5,1,3)(1,0,2)[24] : aic=167.536
  ARIMA(5,1,3)(2,0,0)[24] : aic=296.506
  ARIMA(5,1,3)(2,0,1)[24] : aic=163.161
  ARIMA(5,1,3)(2,0,2)[24] : aic=298.342
  ARIMA(5,1,4)(0,0,0)[24] : aic=289.125
  ARIMA(5,1,4)(0,0,1)[24] : aic=292.530
  ARIMA(5,1,4)(0,0,2)[24] : aic=165.128
  ARIMA(5,1,4)(1,0,0)[24] : aic=291.616
  ARIMA(5,1,4)(1,0,1)[24] : aic=294.633
  ARIMA(5,1,4)(1,0,2)[24] : aic=168.423
  ARIMA(5,1,4)(2,0,0)[24] : aic=298.477
  ARIMA(5,1,4)(2,0,1)[24] : aic=165.682
  ARIMA(5,1,4)(2,0,2)[24] : aic=180.059
  ARIMA(5,1,5)(0,0,0)[24] : aic=287.113
  ARIMA(5,1,5)(0,0,1)[24] : aic=296.143
  ARIMA(5,1,5)(0,0,2)[24] : aic=163.175
  ARIMA(5,1,5)(1,0,0)[24] : aic=289.198
  ARIMA(5,1,5)(1,0,1)[24] : aic=295.667
  ARIMA(5,1,5)(1,0,2)[24] : aic=165.175
  ARIMA(5,1,5)(2,0,0)[24] : aic=295.028
  ARIMA(5,1,5)(2,0,1)[24] : aic=169.031
  ARIMA(5,1,5)(2,0,2)[24] : aic=167.081
