 ARIMA(0,0,0)(0,0,0)[24] intercept   : AIC=486.627, Time=0.00 sec
 ARIMA(0,0,0)(0,0,1)[24] intercept   : AIC=487.613, Time=0.04 sec
 ARIMA(0,0,0)(0,0,2)[24] intercept   : AIC=488.180, Time=0.16 sec
 ARIMA(0,0,0)(1,0,0)[24] intercept   : AIC=482.196, Time=0.06 sec
 ARIMA(0,0,0)(1,0,1)[24] intercept   : AIC=inf, Time=0.19 sec
 ARIMA(0,0,0)(1,0,2)[24] intercept   : AIC=inf, Time=0.54 sec
 ARIMA(0,0,0)(2,0,0)[24] intercept   : AIC=482.874, Time=0.20 sec
 ARIMA(0,0,0)(2,0,1)[24] intercept   : AIC=inf, Time=0.56 sec
 ARIMA(0,0,0)(2,0,2)[24] intercept   : AIC=inf, Time=0.68 sec
 ARIMA(0,0,1)(0,0,0)[24] intercept   : AIC=397.781, Time=0.01 sec
 ARIMA(0,0,1)(0,0,1)[24] intercept   : AIC=398.979, Time=0.07 sec
 ARIMA(0,0,1)(0,0,2)[24] intercept   : AIC=400.919, Time=0.27 sec
 ARIMA(0,0,1)(1,0,0)[24] intercept   : AIC=395.786, Time=0.09 sec
 ARIMA(0,0,1)(1,0,1)[24] intercept   : AIC=inf, Time=0.23 sec
 ARIMA(0,0,1)(1,0,2)[24] intercept   : AIC=inf, Time=0.60 sec
 ARIMA(0,0,1)(2,0,0)[24] intercept   : AIC=395.396, Time=0.25 sec
 ARIMA(0,0,1)(2,0,1)[24] intercept   : AIC=inf, Time=0.49 sec
 ARIMA(0,0,1)(2,0,2)[24] intercept   : AIC=inf, Time=0.69 sec
 ARIMA(0,0,2)(0,0,0)[24] intercept   : AIC=359.868, Time=0.01 sec
 ARIMA(0,0,2)(0,0,1)[24] intercept   : AIC=361.799, Time=0.11 sec
 ARIMA(0,0,2)(0,0,2)[24] intercept   : AIC=363.636, Time=0.22 sec
 ARIMA(0,0,2)(1,0,0)[24] intercept   : AIC=360.867, Time=0.10 sec
 ARIMA(0,0,2)(1,0,1)[24] intercept   : AIC=inf, Time=0.28 sec
 ARIMA(0,0,2)(1,0,2)[24] intercept   : AIC=inf, Time=0.75 sec
 ARIMA(0,0,2)(2,0,0)[24] intercept   : AIC=362.102, Time=0.23 sec
 ARIMA(0,0,2)(2,0,1)[24] intercept   : AIC=inf, Time=0.53 sec
 ARIMA(0,0,3)(0,0,0)[24] intercept   : AIC=337.650, Time=0.02 sec
 ARIMA(0,0,3)(0,0,1)[24] intercept   : AIC=338.905, Time=0.19 sec
 ARIMA(0,0,3)(0,0,2)[24] intercept   : AIC=340.505, Time=0.35 sec
 ARIMA(0,0,3)(1,0,0)[24] intercept   : AIC=337.682, Time=0.14 sec
 ARIMA(0,0,3)(1,0,1)[24] intercept   : AIC=inf, Time=0.31 sec
 ARIMA(0,0,3)(2,0,0)[24] intercept   : AIC=336.905, Time=0.40 sec
 ARIMA(0,0,4)(0,0,0)[24] intercept   : AIC=321.817, Time=0.03 sec
 ARIMA(0,0,4)(0,0,1)[24] intercept   : AIC=323.464, Time=0.17 sec
 ARIMA(0,0,4)(1,0,0)[24] intercept   : AIC=322.867, Time=0.19 sec
 ARIMA(0,0,5)(0,0,0)[24] intercept   : AIC=315.479, Time=0.02 sec
 ARIMA(1,0,0)(0,0,0)[24] intercept   : AIC=284.564, Time=0.01 sec
 ARIMA(1,0,0)(0,0,1)[24] intercept   : AIC=286.491, Time=0.13 sec
 ARIMA(1,0,0)(0,0,2)[24] intercept   : AIC=287.458, Time=0.44 sec
 ARIMA(1,0,0)(1,0,0)[24] intercept   : AIC=286.493, Time=0.13 sec
 ARIMA(1,0,0)(1,0,1)[24] intercept   : AIC=288.463, Time=0.16 sec
 ARIMA(1,0,0)(1,0,2)[24] intercept   : AIC=289.247, Time=0.59 sec
 ARIMA(1,0,0)(2,0,0)[24] intercept   : AIC=287.689, Time=0.25 sec
 ARIMA(1,0,0)(2,0,1)[24] intercept   : AIC=289.286, Time=0.59 sec
 ARIMA(1,0,0)(2,0,2)[24] intercept   : AIC=291.244, Time=0.71 sec
 ARIMA(1,0,1)(0,0,0)[24] intercept   : AIC=286.414, Time=0.02 sec
 ARIMA(1,0,1)(0,0,1)[24] intercept   : AIC=288.340, Time=0.18 sec
 ARIMA(1,0,1)(0,0,2)[24] intercept   : AIC=289.460, Time=0.40 sec
 ARIMA(1,0,1)(1,0,0)[24] intercept   : AIC=288.344, Time=0.23 sec
 ARIMA(1,0,1)(1,0,1)[24] intercept   : AIC=290.327, Time=0.26 sec
 ARIMA(1,0,1)(1,0,2)[24] intercept   : AIC=inf, Time=0.68 sec
 ARIMA(1,0,1)(2,0,0)[24] intercept   : AIC=289.547, Time=0.50 sec
 ARIMA(1,0,1)(2,0,1)[24] intercept   : AIC=290.986, Time=0.68 sec
 ARIMA(1,0,2)(0,0,0)[24] intercept   : AIC=288.179, Time=0.03 sec
 ARIMA(1,0,2)(0,0,1)[24] intercept   : AIC=290.142, Time=0.28 sec
 ARIMA(1,0,2)(0,0,2)[24] intercept   : AIC=291.421, Time=0.33 sec
 ARIMA(1,0,2)(1,0,0)[24] intercept   : AIC=290.603, Time=0.24 sec
 ARIMA(1,0,2)(1,0,1)[24] intercept   : AIC=292.101, Time=0.30 sec
 ARIMA(1,0,2)(2,0,0)[24] intercept   : AIC=291.351, Time=0.66 sec
 ARIMA(1,0,3)(0,0,0)[24] intercept   : AIC=288.907, Time=0.03 sec
 ARIMA(1,0,3)(0,0,1)[24] intercept   : AIC=290.878, Time=0.25 sec
 ARIMA(1,0,3)(1,0,0)[24] intercept   : AIC=290.938, Time=0.31 sec
 ARIMA(1,0,4)(0,0,0)[24] intercept   : AIC=291.426, Time=0.02 sec
 ARIMA(2,0,0)(0,0,0)[24] intercept   : AIC=286.431, Time=0.02 sec
 ARIMA(2,0,0)(0,0,1)[24] intercept   : AIC=288.355, Time=0.20 sec
 ARIMA(2,0,0)(0,0,2)[24] intercept   : AIC=289.295, Time=0.41 sec
 ARIMA(2,0,0)(1,0,0)[24] intercept   : AIC=288.359, Time=0.23 sec
 ARIMA(2,0,0)(1,0,1)[24] intercept   : AIC=290.342, Time=0.24 sec
 ARIMA(2,0,0)(1,0,2)[24] intercept   : AIC=291.424, Time=0.68 sec
 ARIMA(2,0,0)(2,0,0)[24] intercept   : AIC=289.292, Time=0.59 sec
 ARIMA(2,0,0)(2,0,1)[24] intercept   : AIC=291.692, Time=0.65 sec
 ARIMA(2,0,1)(0,0,0)[24] intercept   : AIC=288.389, Time=0.02 sec
 ARIMA(2,0,1)(0,0,1)[24] intercept   : AIC=290.313, Time=0.19 sec
 ARIMA(2,0,1)(0,0,2)[24] intercept   : AIC=291.212, Time=0.52 sec
 ARIMA(2,0,1)(1,0,0)[24] intercept   : AIC=290.315, Time=0.19 sec
 ARIMA(2,0,1)(1,0,1)[24] intercept   : AIC=292.282, Time=0.18 sec
 ARIMA(2,0,1)(2,0,0)[24] intercept   : AIC=291.202, Time=0.46 sec
 ARIMA(2,0,2)(0,0,0)[24] intercept   : AIC=289.592, Time=0.04 sec
 ARIMA(2,0,2)(0,0,1)[24] intercept   : AIC=291.817, Time=0.23 sec
 ARIMA(2,0,2)(1,0,0)[24] intercept   : AIC=291.767, Time=0.40 sec
 ARIMA(2,0,3)(0,0,0)[24] intercept   : AIC=290.894, Time=0.03 sec
 ARIMA(3,0,0)(0,0,0)[24] intercept   : AIC=288.076, Time=0.04 sec
 ARIMA(3,0,0)(0,0,1)[24] intercept   : AIC=290.048, Time=0.20 sec
 ARIMA(3,0,0)(0,0,2)[24] intercept   : AIC=291.215, Time=0.59 sec
 ARIMA(3,0,0)(1,0,0)[24] intercept   : AIC=290.398, Time=0.26 sec
 ARIMA(3,0,0)(1,0,1)[24] intercept   : AIC=291.977, Time=0.32 sec
 ARIMA(3,0,0)(2,0,0)[24] intercept   : AIC=290.963, Time=0.68 sec
 ARIMA(3,0,1)(0,0,0)[24] intercept   : AIC=289.844, Time=0.04 sec
 ARIMA(3,0,1)(0,0,1)[24] intercept   : AIC=291.825, Time=0.31 sec
 ARIMA(3,0,1)(1,0,0)[24] intercept   : AIC=291.838, Time=0.28 sec
 ARIMA(3,0,2)(0,0,0)[24] intercept   : AIC=291.347, Time=0.04 sec
 ARIMA(4,0,0)(0,0,0)[24] intercept   : AIC=288.997, Time=0.03 sec
 ARIMA(4,0,0)(0,0,1)[24] intercept   : AIC=290.959, Time=0.26 sec
 ARIMA(4,0,0)(1,0,0)[24] intercept   : AIC=291.116, Time=0.30 sec
 ARIMA(4,0,1)(0,0,0)[24] intercept   : AIC=291.027, Time=0.04 sec
 ARIMA(5,0,0)(0,0,0)[24] intercept   : AIC=290.966, Time=0.05 sec

Best model:  ARIMA(1,0,0)(0,0,0)[24] intercept
Total fit time: 26.321 seconds
