/Users/lab2/Documents/GitHub/Rust-python-arima2/rustima/python/rustima/auto.py:401: UserWarning: near-cancellation detected in fitted ARMA(2,3) parameters (min inverted-root distance < 0.05). Model may be non-identifiable.
  raw_results = rustima.sarimax_grid_search(
/Users/lab2/Documents/GitHub/Rust-python-arima2/rustima/python/rustima/auto.py:401: UserWarning: near-cancellation detected in fitted ARMA(2,4) parameters (min inverted-root distance < 0.05). Model may be non-identifiable.
  raw_results = rustima.sarimax_grid_search(
/Users/lab2/Documents/GitHub/Rust-python-arima2/rustima/python/rustima/auto.py:401: UserWarning: near-cancellation detected in fitted ARMA(3,3) parameters (min inverted-root distance < 0.05). Model may be non-identifiable.
  raw_results = rustima.sarimax_grid_search(
/Users/lab2/Documents/GitHub/Rust-python-arima2/rustima/python/rustima/auto.py:401: UserWarning: near-cancellation detected in fitted ARMA(3,5) parameters (min inverted-root distance < 0.05). Model may be non-identifiable.
  raw_results = rustima.sarimax_grid_search(
/Users/lab2/Documents/GitHub/Rust-python-arima2/rustima/python/rustima/auto.py:401: UserWarning: near-cancellation detected in fitted ARMA(4,1) parameters (min inverted-root distance < 0.05). Model may be non-identifiable.
  raw_results = rustima.sarimax_grid_search(
/Users/lab2/Documents/GitHub/Rust-python-arima2/rustima/python/rustima/auto.py:401: UserWarning: near-cancellation detected in fitted ARMA(5,2) parameters (min inverted-root distance < 0.05). Model may be non-identifiable.
  raw_results = rustima.sarimax_grid_search(
/Users/lab2/Documents/GitHub/Rust-python-arima2/rustima/python/rustima/auto.py:401: UserWarning: near-cancellation detected in fitted ARMA(5,3) parameters (min inverted-root distance < 0.05). Model may be non-identifiable.
  raw_results = rustima.sarimax_grid_search(
  ARIMA(0,1,0)(0,0,0)[24] : aic=278.911
  ARIMA(0,1,0)(0,0,1)[24] : aic=280.782
  ARIMA(0,1,0)(0,0,2)[24] : aic=281.707
  ARIMA(0,1,0)(1,0,0)[24] : aic=280.814
  ARIMA(0,1,0)(1,0,1)[24] : aic=281.452
  ARIMA(0,1,0)(1,0,2)[24] : aic=283.038
  ARIMA(0,1,0)(2,0,0)[24] : aic=281.884
  ARIMA(0,1,0)(2,0,1)[24] : aic=282.984
  ARIMA(0,1,0)(2,0,2)[24] : aic=285.410
  ARIMA(0,1,1)(0,0,0)[24] : aic=280.482
  ARIMA(0,1,1)(0,0,1)[24] : aic=282.362
  ARIMA(0,1,1)(0,0,2)[24] : aic=283.219
  ARIMA(0,1,1)(1,0,0)[24] : aic=282.393
  ARIMA(0,1,1)(1,0,1)[24] : aic=282.955
  ARIMA(0,1,1)(1,0,2)[24] : aic=284.795
  ARIMA(0,1,1)(2,0,0)[24] : aic=283.412
  ARIMA(0,1,1)(2,0,1)[24] : aic=284.430
  ARIMA(0,1,1)(2,0,2)[24] : aic=286.297
  ARIMA(0,1,2)(0,0,0)[24] : aic=282.047
  ARIMA(0,1,2)(0,0,1)[24] : aic=283.995
  ARIMA(0,1,2)(0,0,2)[24] : aic=284.800
  ARIMA(0,1,2)(1,0,0)[24] : aic=284.012
  ARIMA(0,1,2)(1,0,1)[24] : aic=286.097
  ARIMA(0,1,2)(1,0,2)[24] : aic=286.070
  ARIMA(0,1,2)(2,0,0)[24] : aic=284.968
  ARIMA(0,1,2)(2,0,1)[24] : aic=285.983
  ARIMA(0,1,2)(2,0,2)[24] : aic=287.788
  ARIMA(0,1,3)(0,0,0)[24] : aic=283.175
  ARIMA(0,1,3)(0,0,1)[24] : aic=285.129
  ARIMA(0,1,3)(0,0,2)[24] : aic=286.082
  ARIMA(0,1,3)(1,0,0)[24] : aic=285.143
  ARIMA(0,1,3)(1,0,1)[24] : aic=287.218
  ARIMA(0,1,3)(1,0,2)[24] : aic=288.478
  ARIMA(0,1,3)(2,0,0)[24] : aic=286.177
  ARIMA(0,1,3)(2,0,1)[24] : aic=287.232
  ARIMA(0,1,3)(2,0,2)[24] : aic=289.532
  ARIMA(0,1,4)(0,0,0)[24] : aic=285.161
  ARIMA(0,1,4)(0,0,1)[24] : aic=287.096
  ARIMA(0,1,4)(0,0,2)[24] : aic=287.990
  ARIMA(0,1,4)(1,0,0)[24] : aic=287.115
  ARIMA(0,1,4)(1,0,1)[24] : aic=289.206
  ARIMA(0,1,4)(1,0,2)[24] : aic=289.311
  ARIMA(0,1,4)(2,0,0)[24] : aic=288.131
  ARIMA(0,1,4)(2,0,1)[24] : aic=290.468
  ARIMA(0,1,4)(2,0,2)[24] : aic=293.001
  ARIMA(0,1,5)(0,0,0)[24] : aic=287.160
  ARIMA(0,1,5)(0,0,1)[24] : aic=289.092
  ARIMA(0,1,5)(0,0,2)[24] : aic=289.970
  ARIMA(0,1,5)(1,0,0)[24] : aic=289.113
  ARIMA(0,1,5)(1,0,1)[24] : aic=291.205
  ARIMA(0,1,5)(1,0,2)[24] : aic=292.357
  ARIMA(0,1,5)(2,0,0)[24] : aic=290.102
  ARIMA(0,1,5)(2,0,1)[24] : aic=292.460
  ARIMA(0,1,5)(2,0,2)[24] : aic=294.582
  ARIMA(1,1,0)(0,0,0)[24] : aic=280.546
  ARIMA(1,1,0)(0,0,1)[24] : aic=282.418
  ARIMA(1,1,0)(0,0,2)[24] : aic=283.288
  ARIMA(1,1,0)(1,0,0)[24] : aic=282.451
  ARIMA(1,1,0)(1,0,1)[24] : aic=284.579
  ARIMA(1,1,0)(1,0,2)[24] : aic=284.578
  ARIMA(1,1,0)(2,0,0)[24] : aic=283.481
  ARIMA(1,1,0)(2,0,1)[24] : aic=284.545
  ARIMA(1,1,0)(2,0,2)[24] : aic=286.334
  ARIMA(1,1,1)(0,0,0)[24] : aic=282.361
  ARIMA(1,1,1)(0,0,1)[24] : aic=284.277
  ARIMA(1,1,1)(0,0,2)[24] : aic=285.306
  ARIMA(1,1,1)(1,0,0)[24] : aic=284.298
  ARIMA(1,1,1)(1,0,1)[24] : aic=286.397
  ARIMA(1,1,1)(1,0,2)[24] : aic=287.456
  ARIMA(1,1,1)(2,0,0)[24] : aic=285.531
  ARIMA(1,1,1)(2,0,1)[24] : aic=287.449
  ARIMA(1,1,1)(2,0,2)[24] : aic=288.400
  ARIMA(1,1,2)(0,0,0)[24] : aic=283.496
  ARIMA(1,1,2)(0,0,1)[24] : aic=285.437
  ARIMA(1,1,2)(0,0,2)[24] : aic=286.665
  ARIMA(1,1,2)(1,0,0)[24] : aic=285.444
  ARIMA(1,1,2)(1,0,1)[24] : aic=287.496
  ARIMA(1,1,2)(1,0,2)[24] : aic=289.130
  ARIMA(1,1,2)(2,0,0)[24] : aic=286.480
  ARIMA(1,1,2)(2,0,1)[24] : aic=288.408
  ARIMA(1,1,2)(2,0,2)[24] : aic=291.354
  ARIMA(1,1,3)(0,0,0)[24] : aic=285.164
  ARIMA(1,1,3)(0,0,1)[24] : aic=287.105
  ARIMA(1,1,3)(0,0,2)[24] : aic=288.055
  ARIMA(1,1,3)(1,0,0)[24] : aic=287.129
  ARIMA(1,1,3)(1,0,1)[24] : aic=289.208
  ARIMA(1,1,3)(1,0,2)[24] : aic=290.459
  ARIMA(1,1,3)(2,0,0)[24] : aic=288.190
  ARIMA(1,1,3)(2,0,1)[24] : aic=290.485
  ARIMA(1,1,3)(2,0,2)[24] : aic=293.046
  ARIMA(1,1,4)(0,0,0)[24] : aic=287.162
  ARIMA(1,1,4)(0,0,1)[24] : aic=289.100
  ARIMA(1,1,4)(0,0,2)[24] : aic=289.956
  ARIMA(1,1,4)(1,0,0)[24] : aic=289.115
  ARIMA(1,1,4)(1,0,1)[24] : aic=291.208
  ARIMA(1,1,4)(1,0,2)[24] : aic=292.463
  ARIMA(1,1,4)(2,0,0)[24] : aic=290.143
  ARIMA(1,1,4)(2,0,1)[24] : aic=291.204
  ARIMA(1,1,4)(2,0,2)[24] : aic=294.965
  ARIMA(1,1,5)(0,0,0)[24] : aic=289.161
  ARIMA(1,1,5)(0,0,1)[24] : aic=291.096
  ARIMA(1,1,5)(0,0,2)[24] : aic=292.005
  ARIMA(1,1,5)(1,0,0)[24] : aic=291.113
  ARIMA(1,1,5)(1,0,1)[24] : aic=293.207
  ARIMA(1,1,5)(1,0,2)[24] : aic=294.346
  ARIMA(1,1,5)(2,0,0)[24] : aic=291.669
  ARIMA(1,1,5)(2,0,1)[24] : aic=293.324
  ARIMA(1,1,5)(2,0,2)[24] : aic=295.269
  ARIMA(2,1,0)(0,0,0)[24] : aic=281.906
  ARIMA(2,1,0)(0,0,1)[24] : aic=283.866
  ARIMA(2,1,0)(0,0,2)[24] : aic=284.657
  ARIMA(2,1,0)(1,0,0)[24] : aic=283.880
  ARIMA(2,1,0)(1,0,1)[24] : aic=285.953
  ARIMA(2,1,0)(1,0,2)[24] : aic=285.849
  ARIMA(2,1,0)(2,0,0)[24] : aic=284.821
  ARIMA(2,1,0)(2,0,1)[24] : aic=285.988
  ARIMA(2,1,0)(2,0,2)[24] : aic=287.495
  ARIMA(2,1,1)(0,0,0)[24] : aic=283.342
  ARIMA(2,1,1)(0,0,1)[24] : aic=285.272
  ARIMA(2,1,1)(0,0,2)[24] : aic=286.519
  ARIMA(2,1,1)(1,0,0)[24] : aic=285.300
  ARIMA(2,1,1)(1,0,1)[24] : aic=287.334
  ARIMA(2,1,1)(1,0,2)[24] : aic=288.990
  ARIMA(2,1,1)(2,0,0)[24] : aic=286.268
  ARIMA(2,1,1)(2,0,1)[24] : aic=287.540
  ARIMA(2,1,1)(2,0,2)[24] : aic=289.418
  ARIMA(2,1,2)(0,0,0)[24] : aic=286.226
  ARIMA(2,1,2)(0,0,1)[24] : aic=283.316
  ARIMA(2,1,2)(0,0,2)[24] : aic=288.659
  ARIMA(2,1,2)(1,0,0)[24] : aic=287.215
  ARIMA(2,1,2)(1,0,1)[24] : aic=289.457
  ARIMA(2,1,2)(1,0,2)[24] : aic=291.222
  ARIMA(2,1,2)(2,0,0)[24] : aic=288.136
  ARIMA(2,1,2)(2,0,1)[24] : aic=291.329
  ARIMA(2,1,2)(2,0,2)[24] : aic=291.390
  ARIMA(2,1,3)(0,0,0)[24] : aic=283.008
  ARIMA(2,1,3)(0,0,1)[24] : aic=289.194
  ARIMA(2,1,3)(0,0,2)[24] : aic=290.043
  ARIMA(2,1,3)(1,0,0)[24] : aic=289.154
  ARIMA(2,1,3)(1,0,1)[24] : aic=291.214
  ARIMA(2,1,3)(1,0,2)[24] : aic=292.487
  ARIMA(2,1,3)(2,0,0)[24] : aic=290.187
  ARIMA(2,1,3)(2,0,1)[24] : aic=292.601
  ARIMA(2,1,3)(2,0,2)[24] : aic=295.438
  ARIMA(2,1,4)(0,0,0)[24] : aic=284.458
  ARIMA(2,1,4)(0,0,1)[24] : aic=288.974
  ARIMA(2,1,4)(0,0,2)[24] : aic=291.998
  ARIMA(2,1,4)(1,0,0)[24] : aic=291.119
  ARIMA(2,1,4)(1,0,1)[24] : aic=288.356
  ARIMA(2,1,4)(1,0,2)[24] : aic=294.457
  ARIMA(2,1,4)(2,0,0)[24] : aic=292.135
  ARIMA(2,1,4)(2,0,1)[24] : aic=293.291
  ARIMA(2,1,4)(2,0,2)[24] : aic=298.150
  ARIMA(2,1,5)(0,0,0)[24] : aic=286.123
  ARIMA(2,1,5)(0,0,1)[24] : aic=287.973
  ARIMA(2,1,5)(0,0,2)[24] : aic=293.995
  ARIMA(2,1,5)(1,0,0)[24] : aic=293.117
  ARIMA(2,1,5)(1,0,1)[24] : aic=291.214
  ARIMA(2,1,5)(1,0,2)[24] : aic=295.301
  ARIMA(2,1,5)(2,0,0)[24] : aic=294.137
  ARIMA(2,1,5)(2,0,1)[24] : aic=296.496
  ARIMA(2,1,5)(2,0,2)[24] : aic=300.904
  ARIMA(3,1,0)(0,0,0)[24] : aic=283.235
  ARIMA(3,1,0)(0,0,1)[24] : aic=285.188
  ARIMA(3,1,0)(0,0,2)[24] : aic=286.123
  ARIMA(3,1,0)(1,0,0)[24] : aic=285.202
  ARIMA(3,1,0)(1,0,1)[24] : aic=287.278
  ARIMA(3,1,0)(1,0,2)[24] : aic=288.483
  ARIMA(3,1,0)(2,0,0)[24] : aic=286.237
  ARIMA(3,1,0)(2,0,1)[24] : aic=288.523
  ARIMA(3,1,0)(2,0,2)[24] : aic=289.302
  ARIMA(3,1,1)(0,0,0)[24] : aic=285.233
  ARIMA(3,1,1)(0,0,1)[24] : aic=287.177
  ARIMA(3,1,1)(0,0,2)[24] : aic=288.125
  ARIMA(3,1,1)(1,0,0)[24] : aic=287.202
  ARIMA(3,1,1)(1,0,1)[24] : aic=289.276
  ARIMA(3,1,1)(1,0,2)[24] : aic=290.501
  ARIMA(3,1,1)(2,0,0)[24] : aic=288.239
  ARIMA(3,1,1)(2,0,1)[24] : aic=290.517
  ARIMA(3,1,1)(2,0,2)[24] : aic=291.261
  ARIMA(3,1,2)(0,0,0)[24] : aic=281.737
  ARIMA(3,1,2)(0,0,1)[24] : aic=289.138
  ARIMA(3,1,2)(0,0,2)[24] : aic=290.007
  ARIMA(3,1,2)(1,0,0)[24] : aic=289.202
  ARIMA(3,1,2)(1,0,1)[24] : aic=291.238
  ARIMA(3,1,2)(1,0,2)[24] : aic=292.485
  ARIMA(3,1,2)(2,0,0)[24] : aic=290.098
  ARIMA(3,1,2)(2,0,1)[24] : aic=292.416
  ARIMA(3,1,2)(2,0,2)[24] : aic=293.424
  ARIMA(3,1,3)(0,0,0)[24] : aic=284.435
  ARIMA(3,1,3)(0,0,1)[24] : aic=291.100
  ARIMA(3,1,3)(0,0,2)[24] : aic=302.331
  ARIMA(3,1,3)(1,0,0)[24] : aic=291.195
  ARIMA(3,1,3)(1,0,1)[24] : aic=293.241
  ARIMA(3,1,3)(1,0,2)[24] : aic=294.823
  ARIMA(3,1,3)(2,0,0)[24] : aic=292.184
  ARIMA(3,1,3)(2,0,1)[24] : aic=290.326
  ARIMA(3,1,3)(2,0,2)[24] : aic=295.011
  ARIMA(3,1,4)(0,0,0)[24] : aic=286.033
  ARIMA(3,1,4)(0,0,1)[24] : aic=294.042
  ARIMA(3,1,4)(0,0,2)[24] : aic=295.159
  ARIMA(3,1,4)(1,0,0)[24] : aic=293.114
  ARIMA(3,1,4)(1,0,1)[24] : aic=295.203
  ARIMA(3,1,4)(1,0,2)[24] : aic=296.120
  ARIMA(3,1,4)(2,0,0)[24] : aic=294.097
  ARIMA(3,1,4)(2,0,1)[24] : aic=296.288
  ARIMA(3,1,4)(2,0,2)[24] : aic=299.196
  ARIMA(3,1,5)(0,0,0)[24] : aic=293.164
  ARIMA(3,1,5)(0,0,1)[24] : aic=290.197
  ARIMA(3,1,5)(0,0,2)[24] : aic=295.463
  ARIMA(3,1,5)(1,0,0)[24] : aic=295.168
  ARIMA(3,1,5)(1,0,1)[24] : aic=292.190
  ARIMA(3,1,5)(1,0,2)[24] : aic=297.813
  ARIMA(3,1,5)(2,0,0)[24] : aic=296.125
  ARIMA(3,1,5)(2,0,1)[24] : aic=292.019
  ARIMA(3,1,5)(2,0,2)[24] : aic=298.995
  ARIMA(4,1,0)(0,0,0)[24] : aic=285.233
  ARIMA(4,1,0)(0,0,1)[24] : aic=287.178
  ARIMA(4,1,0)(0,0,2)[24] : aic=288.048
  ARIMA(4,1,0)(1,0,0)[24] : aic=287.194
  ARIMA(4,1,0)(1,0,1)[24] : aic=289.276
  ARIMA(4,1,0)(1,0,2)[24] : aic=290.417
  ARIMA(4,1,0)(2,0,0)[24] : aic=288.180
  ARIMA(4,1,0)(2,0,1)[24] : aic=289.499
  ARIMA(4,1,0)(2,0,2)[24] : aic=292.501
  ARIMA(4,1,1)(0,0,0)[24] : aic=287.233
  ARIMA(4,1,1)(0,0,1)[24] : aic=289.177
  ARIMA(4,1,1)(0,0,2)[24] : aic=290.058
  ARIMA(4,1,1)(1,0,0)[24] : aic=289.194
  ARIMA(4,1,1)(1,0,1)[24] : aic=291.276
  ARIMA(4,1,1)(1,0,2)[24] : aic=291.501
  ARIMA(4,1,1)(2,0,0)[24] : aic=290.178
  ARIMA(4,1,1)(2,0,1)[24] : aic=292.432
  ARIMA(4,1,1)(2,0,2)[24] : aic=293.016
  ARIMA(4,1,2)(0,0,0)[24] : aic=284.547
  ARIMA(4,1,2)(0,0,1)[24] : aic=291.246
  ARIMA(4,1,2)(0,0,2)[24] : aic=291.993
  ARIMA(4,1,2)(1,0,0)[24] : aic=291.195
  ARIMA(4,1,2)(1,0,1)[24] : aic=293.316
  ARIMA(4,1,2)(1,0,2)[24] : aic=294.398
  ARIMA(4,1,2)(2,0,0)[24] : aic=292.478
  ARIMA(4,1,2)(2,0,1)[24] : aic=294.412
  ARIMA(4,1,2)(2,0,2)[24] : aic=295.528
  ARIMA(4,1,3)(0,0,0)[24] : aic=285.596
  ARIMA(4,1,3)(0,0,1)[24] : aic=293.108
  ARIMA(4,1,3)(0,0,2)[24] : aic=296.001
  ARIMA(4,1,3)(1,0,0)[24] : aic=299.110
  ARIMA(4,1,3)(1,0,1)[24] : aic=295.589
  ARIMA(4,1,3)(1,0,2)[24] : aic=177.156
  ARIMA(4,1,3)(2,0,0)[24] : aic=294.123
  ARIMA(4,1,3)(2,0,1)[24] : aic=164.003
  ARIMA(4,1,3)(2,0,2)[24] : aic=298.158
  ARIMA(4,1,4)(0,0,0)[24] : aic=293.218
  ARIMA(4,1,4)(0,0,1)[24] : aic=291.506
  ARIMA(4,1,4)(0,0,2)[24] : aic=167.002
  ARIMA(4,1,4)(1,0,0)[24] : aic=292.395
  ARIMA(4,1,4)(1,0,1)[24] : aic=294.702
  ARIMA(4,1,4)(1,0,2)[24] : aic=167.225
  ARIMA(4,1,4)(2,0,0)[24] : aic=296.150
  ARIMA(4,1,4)(2,0,1)[24] : aic=167.189
  ARIMA(4,1,4)(2,0,2)[24] : aic=272.325
  ARIMA(4,1,5)(0,0,0)[24] : aic=289.750
  ARIMA(4,1,5)(0,0,1)[24] : aic=292.071
  ARIMA(4,1,5)(0,0,2)[24] : aic=163.430
  ARIMA(4,1,5)(1,0,0)[24] : aic=293.554
  ARIMA(4,1,5)(1,0,1)[24] : aic=294.153
  ARIMA(4,1,5)(1,0,2)[24] : aic=166.500
  ARIMA(4,1,5)(2,0,0)[24] : aic=298.118
  ARIMA(4,1,5)(2,0,1)[24] : aic=171.988
  ARIMA(4,1,5)(2,0,2)[24] : aic=166.428
  ARIMA(5,1,0)(0,0,0)[24] : aic=287.207
  ARIMA(5,1,0)(0,0,1)[24] : aic=289.151
  ARIMA(5,1,0)(0,0,2)[24] : aic=289.994
  ARIMA(5,1,0)(1,0,0)[24] : aic=289.168
  ARIMA(5,1,0)(1,0,1)[24] : aic=291.250
  ARIMA(5,1,0)(1,0,2)[24] : aic=292.356
  ARIMA(5,1,0)(2,0,0)[24] : aic=290.130
  ARIMA(5,1,0)(2,0,1)[24] : aic=291.261
  ARIMA(5,1,0)(2,0,2)[24] : aic=294.267
  ARIMA(5,1,1)(0,0,0)[24] : aic=289.137
  ARIMA(5,1,1)(0,0,1)[24] : aic=291.137
  ARIMA(5,1,1)(0,0,2)[24] : aic=292.001
  ARIMA(5,1,1)(1,0,0)[24] : aic=291.147
  ARIMA(5,1,1)(1,0,1)[24] : aic=292.100
  ARIMA(5,1,1)(1,0,2)[24] : aic=294.405
  ARIMA(5,1,1)(2,0,0)[24] : aic=292.141
  ARIMA(5,1,1)(2,0,1)[24] : aic=293.447
  ARIMA(5,1,1)(2,0,2)[24] : aic=295.395
  ARIMA(5,1,2)(0,0,0)[24] : aic=286.085
  ARIMA(5,1,2)(0,0,1)[24] : aic=293.165
  ARIMA(5,1,2)(0,0,2)[24] : aic=293.999
  ARIMA(5,1,2)(1,0,0)[24] : aic=288.411
  ARIMA(5,1,2)(1,0,1)[24] : aic=290.163
  ARIMA(5,1,2)(1,0,2)[24] : aic=295.344
  ARIMA(5,1,2)(2,0,0)[24] : aic=294.139
  ARIMA(5,1,2)(2,0,1)[24] : aic=296.415
  ARIMA(5,1,2)(2,0,2)[24] : aic=298.009
  ARIMA(5,1,3)(0,0,0)[24] : aic=287.236
  ARIMA(5,1,3)(0,0,1)[24] : aic=295.089
  ARIMA(5,1,3)(0,0,2)[24] : aic=298.877
  ARIMA(5,1,3)(1,0,0)[24] : aic=290.063
  ARIMA(5,1,3)(1,0,1)[24] : aic=292.055
  ARIMA(5,1,3)(1,0,2)[24] : aic=296.727
  ARIMA(5,1,3)(2,0,0)[24] : aic=296.060
  ARIMA(5,1,3)(2,0,1)[24] : aic=162.695
  ARIMA(5,1,3)(2,0,2)[24] : aic=299.794
  ARIMA(5,1,4)(0,0,0)[24] : aic=295.200
  ARIMA(5,1,4)(0,0,1)[24] : aic=293.056
  ARIMA(5,1,4)(0,0,2)[24] : aic=165.812
  ARIMA(5,1,4)(1,0,0)[24] : aic=293.443
  ARIMA(5,1,4)(1,0,1)[24] : aic=294.108
  ARIMA(5,1,4)(1,0,2)[24] : aic=169.453
  ARIMA(5,1,4)(2,0,0)[24] : aic=298.104
  ARIMA(5,1,4)(2,0,1)[24] : aic=168.396
  ARIMA(5,1,4)(2,0,2)[24] : aic=179.141
  ARIMA(5,1,5)(0,0,0)[24] : aic=297.022
  ARIMA(5,1,5)(0,0,1)[24] : aic=299.200
  ARIMA(5,1,5)(0,0,2)[24] : aic=169.865
  ARIMA(5,1,5)(1,0,0)[24] : aic=292.646
  ARIMA(5,1,5)(1,0,1)[24] : aic=294.622
  ARIMA(5,1,5)(1,0,2)[24] : aic=165.425
  ARIMA(5,1,5)(2,0,0)[24] : aic=299.967
  ARIMA(5,1,5)(2,0,1)[24] : aic=171.347
  ARIMA(5,1,5)(2,0,2)[24] : aic=167.321
