 ARIMA(0,0,0)(0,0,0)[24] intercept   : AIC=455.691, Time=0.01 sec
 ARIMA(0,0,0)(0,0,1)[24] intercept   : AIC=448.706, Time=0.10 sec
 ARIMA(0,0,0)(0,0,2)[24] intercept   : AIC=inf, Time=0.38 sec
 ARIMA(0,0,0)(1,0,0)[24] intercept   : AIC=451.055, Time=0.09 sec
 ARIMA(0,0,0)(1,0,1)[24] intercept   : AIC=450.363, Time=0.20 sec
 ARIMA(0,0,0)(1,0,2)[24] intercept   : AIC=inf, Time=0.60 sec
 ARIMA(0,0,0)(2,0,0)[24] intercept   : AIC=442.899, Time=0.34 sec
 ARIMA(0,0,0)(2,0,1)[24] intercept   : AIC=444.815, Time=0.49 sec
 ARIMA(0,0,0)(2,0,2)[24] intercept   : AIC=445.177, Time=0.76 sec
 ARIMA(0,0,1)(0,0,0)[24] intercept   : AIC=373.928, Time=0.02 sec
 ARIMA(0,0,1)(0,0,1)[24] intercept   : AIC=369.746, Time=0.16 sec
 ARIMA(0,0,1)(0,0,2)[24] intercept   : AIC=inf, Time=0.47 sec
 ARIMA(0,0,1)(1,0,0)[24] intercept   : AIC=371.796, Time=0.13 sec
 ARIMA(0,0,1)(1,0,1)[24] intercept   : AIC=370.828, Time=0.28 sec
 ARIMA(0,0,1)(1,0,2)[24] intercept   : AIC=inf, Time=0.66 sec
 ARIMA(0,0,1)(2,0,0)[24] intercept   : AIC=365.275, Time=0.41 sec
 ARIMA(0,0,1)(2,0,1)[24] intercept   : AIC=368.663, Time=0.56 sec
 ARIMA(0,0,1)(2,0,2)[24] intercept   : AIC=inf, Time=0.85 sec
 ARIMA(0,0,2)(0,0,0)[24] intercept   : AIC=343.032, Time=0.03 sec
 ARIMA(0,0,2)(0,0,1)[24] intercept   : AIC=343.100, Time=0.18 sec
 ARIMA(0,0,2)(0,0,2)[24] intercept   : AIC=342.605, Time=0.35 sec
 ARIMA(0,0,2)(1,0,0)[24] intercept   : AIC=343.519, Time=0.14 sec
 ARIMA(0,0,2)(1,0,1)[24] intercept   : AIC=344.566, Time=0.32 sec
 ARIMA(0,0,2)(1,0,2)[24] intercept   : AIC=344.608, Time=0.92 sec
 ARIMA(0,0,2)(2,0,0)[24] intercept   : AIC=341.938, Time=0.42 sec
 ARIMA(0,0,2)(2,0,1)[24] intercept   : AIC=343.831, Time=0.68 sec
 ARIMA(0,0,3)(0,0,0)[24] intercept   : AIC=324.865, Time=0.02 sec
 ARIMA(0,0,3)(0,0,1)[24] intercept   : AIC=322.783, Time=0.25 sec
 ARIMA(0,0,3)(0,0,2)[24] intercept   : AIC=321.405, Time=0.62 sec
 ARIMA(0,0,3)(1,0,0)[24] intercept   : AIC=324.343, Time=0.20 sec
 ARIMA(0,0,3)(1,0,1)[24] intercept   : AIC=323.536, Time=0.38 sec
 ARIMA(0,0,3)(2,0,0)[24] intercept   : AIC=320.022, Time=0.57 sec
 ARIMA(0,0,4)(0,0,0)[24] intercept   : AIC=312.531, Time=0.04 sec
 ARIMA(0,0,4)(0,0,1)[24] intercept   : AIC=312.535, Time=0.31 sec
 ARIMA(0,0,4)(1,0,0)[24] intercept   : AIC=313.271, Time=0.26 sec
 ARIMA(0,0,5)(0,0,0)[24] intercept   : AIC=308.011, Time=0.04 sec
 ARIMA(1,0,0)(0,0,0)[24] intercept   : AIC=284.637, Time=0.01 sec
 ARIMA(1,0,0)(0,0,1)[24] intercept   : AIC=286.480, Time=0.10 sec
 ARIMA(1,0,0)(0,0,2)[24] intercept   : AIC=286.851, Time=0.46 sec
 ARIMA(1,0,0)(1,0,0)[24] intercept   : AIC=286.520, Time=0.12 sec
 ARIMA(1,0,0)(1,0,1)[24] intercept   : AIC=288.631, Time=0.16 sec
 ARIMA(1,0,0)(1,0,2)[24] intercept   : AIC=288.588, Time=0.67 sec
 ARIMA(1,0,0)(2,0,0)[24] intercept   : AIC=287.005, Time=0.53 sec
 ARIMA(1,0,0)(2,0,1)[24] intercept   : AIC=289.369, Time=0.63 sec
 ARIMA(1,0,0)(2,0,2)[24] intercept   : AIC=290.763, Time=0.72 sec
 ARIMA(1,0,1)(0,0,0)[24] intercept   : AIC=286.569, Time=0.03 sec
 ARIMA(1,0,1)(0,0,1)[24] intercept   : AIC=288.421, Time=0.20 sec
 ARIMA(1,0,1)(0,0,2)[24] intercept   : AIC=288.817, Time=0.57 sec
 ARIMA(1,0,1)(1,0,0)[24] intercept   : AIC=288.462, Time=0.18 sec
 ARIMA(1,0,1)(1,0,1)[24] intercept   : AIC=290.566, Time=0.27 sec
 ARIMA(1,0,1)(1,0,2)[24] intercept   : AIC=290.782, Time=0.81 sec
 ARIMA(1,0,1)(2,0,0)[24] intercept   : AIC=288.987, Time=0.60 sec
 ARIMA(1,0,1)(2,0,1)[24] intercept   : AIC=291.398, Time=0.75 sec
 ARIMA(1,0,2)(0,0,0)[24] intercept   : AIC=288.397, Time=0.03 sec
 ARIMA(1,0,2)(0,0,1)[24] intercept   : AIC=290.303, Time=0.22 sec
 ARIMA(1,0,2)(0,0,2)[24] intercept   : AIC=290.644, Time=0.59 sec
 ARIMA(1,0,2)(1,0,0)[24] intercept   : AIC=290.323, Time=0.27 sec
 ARIMA(1,0,2)(1,0,1)[24] intercept   : AIC=292.372, Time=0.33 sec
 ARIMA(1,0,2)(2,0,0)[24] intercept   : AIC=290.806, Time=0.63 sec
 ARIMA(1,0,3)(0,0,0)[24] intercept   : AIC=288.956, Time=0.04 sec
 ARIMA(1,0,3)(0,0,1)[24] intercept   : AIC=290.829, Time=0.29 sec
 ARIMA(1,0,3)(1,0,0)[24] intercept   : AIC=290.900, Time=0.25 sec
 ARIMA(1,0,4)(0,0,0)[24] intercept   : AIC=290.938, Time=0.05 sec
 ARIMA(2,0,0)(0,0,0)[24] intercept   : AIC=286.580, Time=0.02 sec
 ARIMA(2,0,0)(0,0,1)[24] intercept   : AIC=288.425, Time=0.16 sec
 ARIMA(2,0,0)(0,0,2)[24] intercept   : AIC=288.833, Time=0.44 sec
 ARIMA(2,0,0)(1,0,0)[24] intercept   : AIC=288.466, Time=0.24 sec
 ARIMA(2,0,0)(1,0,1)[24] intercept   : AIC=290.568, Time=0.26 sec
 ARIMA(2,0,0)(1,0,2)[24] intercept   : AIC=290.495, Time=0.73 sec
 ARIMA(2,0,0)(2,0,0)[24] intercept   : AIC=288.934, Time=0.77 sec
 ARIMA(2,0,0)(2,0,1)[24] intercept   : AIC=291.249, Time=0.74 sec
 ARIMA(2,0,1)(0,0,0)[24] intercept   : AIC=288.443, Time=0.03 sec
 ARIMA(2,0,1)(0,0,1)[24] intercept   : AIC=290.290, Time=0.23 sec
 ARIMA(2,0,1)(0,0,2)[24] intercept   : AIC=290.605, Time=0.56 sec
 ARIMA(2,0,1)(1,0,0)[24] intercept   : AIC=290.347, Time=0.28 sec
 ARIMA(2,0,1)(1,0,1)[24] intercept   : AIC=292.419, Time=0.31 sec
 ARIMA(2,0,1)(2,0,0)[24] intercept   : AIC=290.762, Time=0.74 sec
 ARIMA(2,0,2)(0,0,0)[24] intercept   : AIC=289.907, Time=0.04 sec
 ARIMA(2,0,2)(0,0,1)[24] intercept   : AIC=291.799, Time=0.28 sec
 ARIMA(2,0,2)(1,0,0)[24] intercept   : AIC=291.862, Time=0.33 sec
 ARIMA(2,0,3)(0,0,0)[24] intercept   : AIC=290.921, Time=0.05 sec
 ARIMA(3,0,0)(0,0,0)[24] intercept   : AIC=288.328, Time=0.04 sec
 ARIMA(3,0,0)(0,0,1)[24] intercept   : AIC=290.252, Time=0.18 sec
 ARIMA(3,0,0)(0,0,2)[24] intercept   : AIC=290.598, Time=0.58 sec
 ARIMA(3,0,0)(1,0,0)[24] intercept   : AIC=290.263, Time=0.33 sec
 ARIMA(3,0,0)(1,0,1)[24] intercept   : AIC=292.293, Time=0.36 sec
 ARIMA(3,0,0)(2,0,0)[24] intercept   : AIC=290.700, Time=0.80 sec
 ARIMA(3,0,1)(0,0,0)[24] intercept   : AIC=289.721, Time=0.04 sec
 ARIMA(3,0,1)(0,0,1)[24] intercept   : AIC=291.832, Time=0.30 sec
 ARIMA(3,0,1)(1,0,0)[24] intercept   : AIC=291.898, Time=0.35 sec
 ARIMA(3,0,2)(0,0,0)[24] intercept   : AIC=291.697, Time=0.05 sec
 ARIMA(4,0,0)(0,0,0)[24] intercept   : AIC=289.035, Time=0.04 sec
 ARIMA(4,0,0)(0,0,1)[24] intercept   : AIC=290.897, Time=0.26 sec
 ARIMA(4,0,0)(1,0,0)[24] intercept   : AIC=290.943, Time=0.35 sec
 ARIMA(4,0,1)(0,0,0)[24] intercept   : AIC=291.191, Time=0.05 sec
 ARIMA(5,0,0)(0,0,0)[24] intercept   : AIC=290.946, Time=0.03 sec

Best model:  ARIMA(1,0,0)(0,0,0)[24] intercept
Total fit time: 31.731 seconds
