/Users/lab2/Documents/GitHub/Rust-python-arima2/rustima/python/rustima/auto.py:401: UserWarning: near-cancellation detected in fitted ARMA(1,1) parameters (min inverted-root distance < 0.05). Model may be non-identifiable.
  raw_results = rustima.sarimax_grid_search(
/Users/lab2/Documents/GitHub/Rust-python-arima2/rustima/python/rustima/auto.py:401: UserWarning: near-cancellation detected in fitted ARMA(1,3) parameters (min inverted-root distance < 0.05). Model may be non-identifiable.
  raw_results = rustima.sarimax_grid_search(
/Users/lab2/Documents/GitHub/Rust-python-arima2/rustima/python/rustima/auto.py:401: UserWarning: near-cancellation detected in fitted ARMA(2,3) parameters (min inverted-root distance < 0.05). Model may be non-identifiable.
  raw_results = rustima.sarimax_grid_search(
/Users/lab2/Documents/GitHub/Rust-python-arima2/rustima/python/rustima/auto.py:401: UserWarning: near-cancellation detected in fitted ARMA(2,5) parameters (min inverted-root distance < 0.05). Model may be non-identifiable.
  raw_results = rustima.sarimax_grid_search(
/Users/lab2/Documents/GitHub/Rust-python-arima2/rustima/python/rustima/auto.py:401: UserWarning: near-cancellation detected in fitted ARMA(4,4) parameters (min inverted-root distance < 0.05). Model may be non-identifiable.
  raw_results = rustima.sarimax_grid_search(
/Users/lab2/Documents/GitHub/Rust-python-arima2/rustima/python/rustima/auto.py:401: UserWarning: near-cancellation detected in fitted ARMA(4,5) parameters (min inverted-root distance < 0.05). Model may be non-identifiable.
  raw_results = rustima.sarimax_grid_search(
/Users/lab2/Documents/GitHub/Rust-python-arima2/rustima/python/rustima/auto.py:401: UserWarning: near-cancellation detected in fitted ARMA(5,1) parameters (min inverted-root distance < 0.05). Model may be non-identifiable.
  raw_results = rustima.sarimax_grid_search(
  ARIMA(0,1,0)(0,0,0)[24] : aic=279.676
  ARIMA(0,1,0)(0,0,1)[24] : aic=281.448
  ARIMA(0,1,0)(0,0,2)[24] : aic=282.387
  ARIMA(0,1,0)(1,0,0)[24] : aic=281.539
  ARIMA(0,1,0)(1,0,1)[24] : aic=281.824
  ARIMA(0,1,0)(1,0,2)[24] : aic=283.502
  ARIMA(0,1,0)(2,0,0)[24] : aic=282.712
  ARIMA(0,1,0)(2,0,1)[24] : aic=284.126
  ARIMA(0,1,0)(2,0,2)[24] : aic=285.241
  ARIMA(0,1,1)(0,0,0)[24] : aic=281.084
  ARIMA(0,1,1)(0,0,1)[24] : aic=282.855
  ARIMA(0,1,1)(0,0,2)[24] : aic=283.720
  ARIMA(0,1,1)(1,0,0)[24] : aic=282.954
  ARIMA(0,1,1)(1,0,1)[24] : aic=283.129
  ARIMA(0,1,1)(1,0,2)[24] : aic=286.005
  ARIMA(0,1,1)(2,0,0)[24] : aic=284.086
  ARIMA(0,1,1)(2,0,1)[24] : aic=284.717
  ARIMA(0,1,1)(2,0,2)[24] : aic=286.858
  ARIMA(0,1,2)(0,0,0)[24] : aic=282.526
  ARIMA(0,1,2)(0,0,1)[24] : aic=284.399
  ARIMA(0,1,2)(0,0,2)[24] : aic=285.211
  ARIMA(0,1,2)(1,0,0)[24] : aic=284.466
  ARIMA(0,1,2)(1,0,1)[24] : aic=284.632
  ARIMA(0,1,2)(1,0,2)[24] : aic=286.411
  ARIMA(0,1,2)(2,0,0)[24] : aic=285.554
  ARIMA(0,1,2)(2,0,1)[24] : aic=287.223
  ARIMA(0,1,2)(2,0,2)[24] : aic=288.563
  ARIMA(0,1,3)(0,0,0)[24] : aic=283.825
  ARIMA(0,1,3)(0,0,1)[24] : aic=285.720
  ARIMA(0,1,3)(0,0,2)[24] : aic=286.680
  ARIMA(0,1,3)(1,0,0)[24] : aic=285.775
  ARIMA(0,1,3)(1,0,1)[24] : aic=286.196
  ARIMA(0,1,3)(1,0,2)[24] : aic=289.376
  ARIMA(0,1,3)(2,0,0)[24] : aic=286.978
  ARIMA(0,1,3)(2,0,1)[24] : aic=287.513
  ARIMA(0,1,3)(2,0,2)[24] : aic=289.226
  ARIMA(0,1,4)(0,0,0)[24] : aic=285.774
  ARIMA(0,1,4)(0,0,1)[24] : aic=287.610
  ARIMA(0,1,4)(0,0,2)[24] : aic=288.509
  ARIMA(0,1,4)(1,0,0)[24] : aic=287.689
  ARIMA(0,1,4)(1,0,1)[24] : aic=288.170
  ARIMA(0,1,4)(1,0,2)[24] : aic=290.706
  ARIMA(0,1,4)(2,0,0)[24] : aic=288.796
  ARIMA(0,1,4)(2,0,1)[24] : aic=291.379
  ARIMA(0,1,4)(2,0,2)[24] : aic=291.346
  ARIMA(0,1,5)(0,0,0)[24] : aic=287.744
  ARIMA(0,1,5)(0,0,1)[24] : aic=289.570
  ARIMA(0,1,5)(0,0,2)[24] : aic=290.493
  ARIMA(0,1,5)(1,0,0)[24] : aic=289.655
  ARIMA(0,1,5)(1,0,1)[24] : aic=290.906
  ARIMA(0,1,5)(1,0,2)[24] : aic=292.541
  ARIMA(0,1,5)(2,0,0)[24] : aic=290.769
  ARIMA(0,1,5)(2,0,1)[24] : aic=292.125
  ARIMA(0,1,5)(2,0,2)[24] : aic=293.494
  ARIMA(1,1,0)(0,0,0)[24] : aic=281.166
  ARIMA(1,1,0)(0,0,1)[24] : aic=282.929
  ARIMA(1,1,0)(0,0,2)[24] : aic=283.798
  ARIMA(1,1,0)(1,0,0)[24] : aic=283.027
  ARIMA(1,1,0)(1,0,1)[24] : aic=283.223
  ARIMA(1,1,0)(1,0,2)[24] : aic=286.471
  ARIMA(1,1,0)(2,0,0)[24] : aic=284.169
  ARIMA(1,1,0)(2,0,1)[24] : aic=284.936
  ARIMA(1,1,0)(2,0,2)[24] : aic=286.858
  ARIMA(1,1,1)(0,0,0)[24] : aic=282.972
  ARIMA(1,1,1)(0,0,1)[24] : aic=284.775
  ARIMA(1,1,1)(0,0,2)[24] : aic=285.723
  ARIMA(1,1,1)(1,0,0)[24] : aic=284.876
  ARIMA(1,1,1)(1,0,1)[24] : aic=285.332
  ARIMA(1,1,1)(1,0,2)[24] : aic=288.597
  ARIMA(1,1,1)(2,0,0)[24] : aic=285.992
  ARIMA(1,1,1)(2,0,1)[24] : aic=287.319
  ARIMA(1,1,1)(2,0,2)[24] : aic=290.165
  ARIMA(1,1,2)(0,0,0)[24] : aic=283.934
  ARIMA(1,1,2)(0,0,1)[24] : aic=285.809
  ARIMA(1,1,2)(0,0,2)[24] : aic=287.112
  ARIMA(1,1,2)(1,0,0)[24] : aic=285.857
  ARIMA(1,1,2)(1,0,1)[24] : aic=287.975
  ARIMA(1,1,2)(1,0,2)[24] : aic=288.082
  ARIMA(1,1,2)(2,0,0)[24] : aic=287.022
  ARIMA(1,1,2)(2,0,1)[24] : aic=288.093
  ARIMA(1,1,2)(2,0,2)[24] : aic=289.797
  ARIMA(1,1,3)(0,0,0)[24] : aic=285.754
  ARIMA(1,1,3)(0,0,1)[24] : aic=288.052
  ARIMA(1,1,3)(0,0,2)[24] : aic=288.563
  ARIMA(1,1,3)(1,0,0)[24] : aic=287.732
  ARIMA(1,1,3)(1,0,1)[24] : aic=288.210
  ARIMA(1,1,3)(1,0,2)[24] : aic=290.289
  ARIMA(1,1,3)(2,0,0)[24] : aic=288.772
  ARIMA(1,1,3)(2,0,1)[24] : aic=289.798
  ARIMA(1,1,3)(2,0,2)[24] : aic=291.482
  ARIMA(1,1,4)(0,0,0)[24] : aic=287.765
  ARIMA(1,1,4)(0,0,1)[24] : aic=289.629
  ARIMA(1,1,4)(0,0,2)[24] : aic=290.607
  ARIMA(1,1,4)(1,0,0)[24] : aic=289.680
  ARIMA(1,1,4)(1,0,1)[24] : aic=291.699
  ARIMA(1,1,4)(1,0,2)[24] : aic=293.358
  ARIMA(1,1,4)(2,0,0)[24] : aic=290.791
  ARIMA(1,1,4)(2,0,1)[24] : aic=291.565
  ARIMA(1,1,4)(2,0,2)[24] : aic=293.376
  ARIMA(1,1,5)(0,0,0)[24] : aic=289.733
  ARIMA(1,1,5)(0,0,1)[24] : aic=291.552
  ARIMA(1,1,5)(0,0,2)[24] : aic=292.574
  ARIMA(1,1,5)(1,0,0)[24] : aic=291.644
  ARIMA(1,1,5)(1,0,1)[24] : aic=293.432
  ARIMA(1,1,5)(1,0,2)[24] : aic=293.995
  ARIMA(1,1,5)(2,0,0)[24] : aic=292.766
  ARIMA(1,1,5)(2,0,1)[24] : aic=295.332
  ARIMA(1,1,5)(2,0,2)[24] : aic=295.406
  ARIMA(2,1,0)(0,0,0)[24] : aic=282.322
  ARIMA(2,1,0)(0,0,1)[24] : aic=284.218
  ARIMA(2,1,0)(0,0,2)[24] : aic=284.995
  ARIMA(2,1,0)(1,0,0)[24] : aic=284.276
  ARIMA(2,1,0)(1,0,1)[24] : aic=284.438
  ARIMA(2,1,0)(1,0,2)[24] : aic=287.637
  ARIMA(2,1,0)(2,0,0)[24] : aic=285.349
  ARIMA(2,1,0)(2,0,1)[24] : aic=285.839
  ARIMA(2,1,0)(2,0,2)[24] : aic=287.786
  ARIMA(2,1,1)(0,0,0)[24] : aic=283.750
  ARIMA(2,1,1)(0,0,1)[24] : aic=285.677
  ARIMA(2,1,1)(0,0,2)[24] : aic=286.397
  ARIMA(2,1,1)(1,0,0)[24] : aic=285.672
  ARIMA(2,1,1)(1,0,1)[24] : aic=286.109
  ARIMA(2,1,1)(1,0,2)[24] : aic=289.407
  ARIMA(2,1,1)(2,0,0)[24] : aic=286.782
  ARIMA(2,1,1)(2,0,1)[24] : aic=288.533
  ARIMA(2,1,1)(2,0,2)[24] : aic=289.117
  ARIMA(2,1,2)(0,0,0)[24] : aic=285.861
  ARIMA(2,1,2)(0,0,1)[24] : aic=278.329
  ARIMA(2,1,2)(0,0,2)[24] : aic=289.172
  ARIMA(2,1,2)(1,0,0)[24] : aic=287.795
  ARIMA(2,1,2)(1,0,1)[24] : aic=290.051
  ARIMA(2,1,2)(1,0,2)[24] : aic=290.026
  ARIMA(2,1,2)(2,0,0)[24] : aic=287.542
  ARIMA(2,1,2)(2,0,1)[24] : aic=290.106
  ARIMA(2,1,2)(2,0,2)[24] : aic=291.114
  ARIMA(2,1,3)(0,0,0)[24] : aic=287.717
  ARIMA(2,1,3)(0,0,1)[24] : aic=289.648
  ARIMA(2,1,3)(0,0,2)[24] : aic=290.608
  ARIMA(2,1,3)(1,0,0)[24] : aic=289.727
  ARIMA(2,1,3)(1,0,1)[24] : aic=291.818
  ARIMA(2,1,3)(1,0,2)[24] : aic=293.437
  ARIMA(2,1,3)(2,0,0)[24] : aic=290.987
  ARIMA(2,1,3)(2,0,1)[24] : aic=293.314
  ARIMA(2,1,3)(2,0,2)[24] : aic=295.096
  ARIMA(2,1,4)(0,0,0)[24] : aic=285.759
  ARIMA(2,1,4)(0,0,1)[24] : aic=291.525
  ARIMA(2,1,4)(0,0,2)[24] : aic=292.522
  ARIMA(2,1,4)(1,0,0)[24] : aic=291.638
  ARIMA(2,1,4)(1,0,1)[24] : aic=288.246
  ARIMA(2,1,4)(1,0,2)[24] : aic=289.527
  ARIMA(2,1,4)(2,0,0)[24] : aic=292.317
  ARIMA(2,1,4)(2,0,1)[24] : aic=294.504
  ARIMA(2,1,4)(2,0,2)[24] : aic=295.161
  ARIMA(2,1,5)(0,0,0)[24] : aic=284.552
  ARIMA(2,1,5)(0,0,1)[24] : aic=286.696
  ARIMA(2,1,5)(0,0,2)[24] : aic=294.497
  ARIMA(2,1,5)(1,0,0)[24] : aic=293.628
  ARIMA(2,1,5)(1,0,1)[24] : aic=288.561
  ARIMA(2,1,5)(1,0,2)[24] : aic=297.357
  ARIMA(2,1,5)(2,0,0)[24] : aic=294.047
  ARIMA(2,1,5)(2,0,1)[24] : aic=296.638
  ARIMA(2,1,5)(2,0,2)[24] : aic=298.677
  ARIMA(3,1,0)(0,0,0)[24] : aic=283.835
  ARIMA(3,1,0)(0,0,1)[24] : aic=285.735
  ARIMA(3,1,0)(0,0,2)[24] : aic=286.691
  ARIMA(3,1,0)(1,0,0)[24] : aic=285.784
  ARIMA(3,1,0)(1,0,1)[24] : aic=287.732
  ARIMA(3,1,0)(1,0,2)[24] : aic=289.221
  ARIMA(3,1,0)(2,0,0)[24] : aic=286.923
  ARIMA(3,1,0)(2,0,1)[24] : aic=287.573
  ARIMA(3,1,0)(2,0,2)[24] : aic=290.360
  ARIMA(3,1,1)(0,0,0)[24] : aic=285.716
  ARIMA(3,1,1)(0,0,1)[24] : aic=287.930
  ARIMA(3,1,1)(0,0,2)[24] : aic=288.677
  ARIMA(3,1,1)(1,0,0)[24] : aic=287.788
  ARIMA(3,1,1)(1,0,1)[24] : aic=288.324
  ARIMA(3,1,1)(1,0,2)[24] : aic=291.378
  ARIMA(3,1,1)(2,0,0)[24] : aic=288.983
  ARIMA(3,1,1)(2,0,1)[24] : aic=289.588
  ARIMA(3,1,1)(2,0,2)[24] : aic=291.124
  ARIMA(3,1,2)(0,0,0)[24] : aic=287.838
  ARIMA(3,1,2)(0,0,1)[24] : aic=289.723
  ARIMA(3,1,2)(0,0,2)[24] : aic=290.525
  ARIMA(3,1,2)(1,0,0)[24] : aic=289.787
  ARIMA(3,1,2)(1,0,1)[24] : aic=291.165
  ARIMA(3,1,2)(1,0,2)[24] : aic=293.497
  ARIMA(3,1,2)(2,0,0)[24] : aic=290.862
  ARIMA(3,1,2)(2,0,1)[24] : aic=291.812
  ARIMA(3,1,2)(2,0,2)[24] : aic=293.302
  ARIMA(3,1,3)(0,0,0)[24] : aic=286.514
  ARIMA(3,1,3)(0,0,1)[24] : aic=291.640
  ARIMA(3,1,3)(0,0,2)[24] : aic=290.021
  ARIMA(3,1,3)(1,0,0)[24] : aic=291.848
  ARIMA(3,1,3)(1,0,1)[24] : aic=288.985
  ARIMA(3,1,3)(1,0,2)[24] : aic=292.468
  ARIMA(3,1,3)(2,0,0)[24] : aic=292.854
  ARIMA(3,1,3)(2,0,1)[24] : aic=286.449
  ARIMA(3,1,3)(2,0,2)[24] : aic=292.448
  ARIMA(3,1,4)(0,0,0)[24] : aic=287.137
  ARIMA(3,1,4)(0,0,1)[24] : aic=286.829
  ARIMA(3,1,4)(0,0,2)[24] : aic=292.831
  ARIMA(3,1,4)(1,0,0)[24] : aic=293.616
  ARIMA(3,1,4)(1,0,1)[24] : aic=295.625
  ARIMA(3,1,4)(1,0,2)[24] : aic=295.218
  ARIMA(3,1,4)(2,0,0)[24] : aic=294.760
  ARIMA(3,1,4)(2,0,1)[24] : aic=294.851
  ARIMA(3,1,4)(2,0,2)[24] : aic=297.133
  ARIMA(3,1,5)(0,0,0)[24] : aic=289.354
  ARIMA(3,1,5)(0,0,1)[24] : aic=288.627
  ARIMA(3,1,5)(0,0,2)[24] : aic=294.403
  ARIMA(3,1,5)(1,0,0)[24] : aic=295.692
  ARIMA(3,1,5)(1,0,1)[24] : aic=290.859
  ARIMA(3,1,5)(1,0,2)[24] : aic=296.930
  ARIMA(3,1,5)(2,0,0)[24] : aic=296.817
  ARIMA(3,1,5)(2,0,1)[24] : aic=296.342
  ARIMA(3,1,5)(2,0,2)[24] : aic=298.112
  ARIMA(4,1,0)(0,0,0)[24] : aic=285.813
  ARIMA(4,1,0)(0,0,1)[24] : aic=287.691
  ARIMA(4,1,0)(0,0,2)[24] : aic=288.509
  ARIMA(4,1,0)(1,0,0)[24] : aic=287.743
  ARIMA(4,1,0)(1,0,1)[24] : aic=288.205
  ARIMA(4,1,0)(1,0,2)[24] : aic=291.052
  ARIMA(4,1,0)(2,0,0)[24] : aic=288.805
  ARIMA(4,1,0)(2,0,1)[24] : aic=290.547
  ARIMA(4,1,0)(2,0,2)[24] : aic=291.364
  ARIMA(4,1,1)(0,0,0)[24] : aic=287.816
  ARIMA(4,1,1)(0,0,1)[24] : aic=288.891
  ARIMA(4,1,1)(0,0,2)[24] : aic=290.459
  ARIMA(4,1,1)(1,0,0)[24] : aic=289.746
  ARIMA(4,1,1)(1,0,1)[24] : aic=291.833
  ARIMA(4,1,1)(1,0,2)[24] : aic=291.638
  ARIMA(4,1,1)(2,0,0)[24] : aic=290.836
  ARIMA(4,1,1)(2,0,1)[24] : aic=291.058
  ARIMA(4,1,1)(2,0,2)[24] : aic=293.530
  ARIMA(4,1,2)(0,0,0)[24] : aic=286.619
  ARIMA(4,1,2)(0,0,1)[24] : aic=291.674
  ARIMA(4,1,2)(0,0,2)[24] : aic=292.589
  ARIMA(4,1,2)(1,0,0)[24] : aic=291.746
  ARIMA(4,1,2)(1,0,1)[24] : aic=292.173
  ARIMA(4,1,2)(1,0,2)[24] : aic=293.694
  ARIMA(4,1,2)(2,0,0)[24] : aic=291.979
  ARIMA(4,1,2)(2,0,1)[24] : aic=295.601
  ARIMA(4,1,2)(2,0,2)[24] : aic=297.186
  ARIMA(4,1,3)(0,0,0)[24] : aic=288.790
  ARIMA(4,1,3)(0,0,1)[24] : aic=293.963
  ARIMA(4,1,3)(0,0,2)[24] : aic=163.950
  ARIMA(4,1,3)(1,0,0)[24] : aic=293.633
  ARIMA(4,1,3)(1,0,1)[24] : aic=290.679
  ARIMA(4,1,3)(1,0,2)[24] : aic=169.028
  ARIMA(4,1,3)(2,0,0)[24] : aic=294.744
  ARIMA(4,1,3)(2,0,1)[24] : aic=167.301
  ARIMA(4,1,3)(2,0,2)[24] : aic=292.220
  ARIMA(4,1,4)(0,0,0)[24] : aic=287.836
  ARIMA(4,1,4)(0,0,1)[24] : aic=295.837
  ARIMA(4,1,4)(0,0,2)[24] : aic=170.391
  ARIMA(4,1,4)(1,0,0)[24] : aic=295.576
  ARIMA(4,1,4)(1,0,1)[24] : aic=290.897
  ARIMA(4,1,4)(1,0,2)[24] : aic=168.545
  ARIMA(4,1,4)(2,0,0)[24] : aic=296.759
  ARIMA(4,1,4)(2,0,1)[24] : aic=168.857
  ARIMA(4,1,4)(2,0,2)[24] : aic=167.422
  ARIMA(4,1,5)(0,0,0)[24] : aic=287.740
  ARIMA(4,1,5)(0,0,1)[24] : aic=278.028
  ARIMA(4,1,5)(0,0,2)[24] : aic=170.334
  ARIMA(4,1,5)(1,0,0)[24] : aic=291.661
  ARIMA(4,1,5)(1,0,1)[24] : aic=292.982
  ARIMA(4,1,5)(1,0,2)[24] : aic=171.351
  ARIMA(4,1,5)(2,0,0)[24] : aic=298.821
  ARIMA(4,1,5)(2,0,1)[24] : aic=169.385
  ARIMA(4,1,5)(2,0,2)[24] : aic=181.242
  ARIMA(5,1,0)(0,0,0)[24] : aic=287.809
  ARIMA(5,1,0)(0,0,1)[24] : aic=289.674
  ARIMA(5,1,0)(0,0,2)[24] : aic=290.561
  ARIMA(5,1,0)(1,0,0)[24] : aic=289.739
  ARIMA(5,1,0)(1,0,1)[24] : aic=290.218
  ARIMA(5,1,0)(1,0,2)[24] : aic=291.718
  ARIMA(5,1,0)(2,0,0)[24] : aic=290.802
  ARIMA(5,1,0)(2,0,1)[24] : aic=291.625
  ARIMA(5,1,0)(2,0,2)[24] : aic=294.201
  ARIMA(5,1,1)(0,0,0)[24] : aic=289.681
  ARIMA(5,1,1)(0,0,1)[24] : aic=291.732
  ARIMA(5,1,1)(0,0,2)[24] : aic=292.556
  ARIMA(5,1,1)(1,0,0)[24] : aic=291.742
  ARIMA(5,1,1)(1,0,1)[24] : aic=293.572
  ARIMA(5,1,1)(1,0,2)[24] : aic=295.126
  ARIMA(5,1,1)(2,0,0)[24] : aic=292.846
  ARIMA(5,1,1)(2,0,1)[24] : aic=293.587
  ARIMA(5,1,1)(2,0,2)[24] : aic=295.791
  ARIMA(5,1,2)(0,0,0)[24] : aic=284.228
  ARIMA(5,1,2)(0,0,1)[24] : aic=293.648
  ARIMA(5,1,2)(0,0,2)[24] : aic=294.572
  ARIMA(5,1,2)(1,0,0)[24] : aic=293.742
  ARIMA(5,1,2)(1,0,1)[24] : aic=288.175
  ARIMA(5,1,2)(1,0,2)[24] : aic=296.880
  ARIMA(5,1,2)(2,0,0)[24] : aic=294.800
  ARIMA(5,1,2)(2,0,1)[24] : aic=297.345
  ARIMA(5,1,2)(2,0,2)[24] : aic=299.330
  ARIMA(5,1,3)(0,0,0)[24] : aic=293.697
  ARIMA(5,1,3)(0,0,1)[24] : aic=295.978
  ARIMA(5,1,3)(0,0,2)[24] : aic=166.624
  ARIMA(5,1,3)(1,0,0)[24] : aic=295.718
  ARIMA(5,1,3)(1,0,1)[24] : aic=290.411
  ARIMA(5,1,3)(1,0,2)[24] : aic=297.670
  ARIMA(5,1,3)(2,0,0)[24] : aic=296.788
  ARIMA(5,1,3)(2,0,1)[24] : aic=165.104
  ARIMA(5,1,3)(2,0,2)[24] : aic=293.224
  ARIMA(5,1,4)(0,0,0)[24] : aic=287.625
  ARIMA(5,1,4)(0,0,1)[24] : aic=297.672
  ARIMA(5,1,4)(0,0,2)[24] : aic=169.778
  ARIMA(5,1,4)(1,0,0)[24] : aic=297.692
  ARIMA(5,1,4)(1,0,1)[24] : aic=289.472
  ARIMA(5,1,4)(1,0,2)[24] : aic=174.467
  ARIMA(5,1,4)(2,0,0)[24] : aic=298.686
  ARIMA(5,1,4)(2,0,1)[24] : aic=170.154
  ARIMA(5,1,4)(2,0,2)[24] : aic=182.089
  ARIMA(5,1,5)(0,0,0)[24] : aic=285.501
  ARIMA(5,1,5)(0,0,1)[24] : aic=299.704
  ARIMA(5,1,5)(0,0,2)[24] : aic=169.154
  ARIMA(5,1,5)(1,0,0)[24] : aic=295.193
  ARIMA(5,1,5)(1,0,1)[24] : aic=297.416
  ARIMA(5,1,5)(1,0,2)[24] : aic=165.303
  ARIMA(5,1,5)(2,0,0)[24] : aic=293.396
  ARIMA(5,1,5)(2,0,1)[24] : aic=170.303
  ARIMA(5,1,5)(2,0,2)[24] : aic=167.283
