Performing stepwise search to minimize hqic
c:\Rust-python-arima\rustima\.venv\Lib\site-packages\statsmodels\tsa\statespace\sarimax.py:1901: RuntimeWarning: divide by zero encountered in reciprocal
  return np.roots(self.polynomial_reduced_ar)**-1
c:\Rust-python-arima\rustima\.venv\Lib\site-packages\statsmodels\tsa\statespace\sarimax.py:1908: RuntimeWarning: divide by zero encountered in reciprocal
  return np.roots(self.polynomial_reduced_ma)**-1
 ARIMA(2,1,2)(0,0,0)[0] intercept   : HQIC=344077.204, Time=9.69 sec
 ARIMA(0,1,0)(0,0,0)[0] intercept   : HQIC=344054.320, Time=3.74 sec
 ARIMA(1,1,0)(0,0,0)[0] intercept   : HQIC=344049.465, Time=4.94 sec
 ARIMA(0,1,1)(0,0,0)[0] intercept   : HQIC=344050.141, Time=5.42 sec
 ARIMA(0,1,0)(0,0,0)[0]             : HQIC=344054.320, Time=3.73 sec
 ARIMA(2,1,0)(0,0,0)[0] intercept   : HQIC=343993.506, Time=6.75 sec
 ARIMA(3,1,0)(0,0,0)[0] intercept   : HQIC=343963.305, Time=8.51 sec
 ARIMA(4,1,0)(0,0,0)[0] intercept   : HQIC=343752.093, Time=10.98 sec
 ARIMA(5,1,0)(0,0,0)[0] intercept   : HQIC=343435.382, Time=12.16 sec
 ARIMA(5,1,1)(0,0,0)[0] intercept   : HQIC=343433.419, Time=14.81 sec
 ARIMA(4,1,1)(0,0,0)[0] intercept   : HQIC=343753.257, Time=11.53 sec
c:\Rust-python-arima\rustima\.venv\Lib\site-packages\statsmodels\tsa\statespace\sarimax.py:1901: RuntimeWarning: divide by zero encountered in reciprocal
  return np.roots(self.polynomial_reduced_ar)**-1
c:\Rust-python-arima\rustima\.venv\Lib\site-packages\statsmodels\tsa\statespace\sarimax.py:1908: RuntimeWarning: divide by zero encountered in reciprocal
  return np.roots(self.polynomial_reduced_ma)**-1
 ARIMA(5,1,2)(0,0,0)[0] intercept   : HQIC=344098.828, Time=16.17 sec
 ARIMA(4,1,2)(0,0,0)[0] intercept   : HQIC=344094.090, Time=13.47 sec
 ARIMA(5,1,1)(0,0,0)[0]             : HQIC=343433.419, Time=14.88 sec

Best model:  ARIMA(5,1,1)(0,0,0)[0] intercept
Total fit time: 136.822 seconds
