 ARIMA(0,1,0)(0,0,0)[0] intercept   : AIC=344048.843, Time=3.72 sec
 ARIMA(0,1,1)(0,0,0)[0] intercept   : AIC=344041.927, Time=5.42 sec
 ARIMA(0,1,2)(0,0,0)[0] intercept   : AIC=343983.941, Time=6.98 sec
 ARIMA(0,1,3)(0,0,0)[0] intercept   : AIC=343976.230, Time=8.93 sec
 ARIMA(0,1,4)(0,0,0)[0] intercept   : AIC=343656.922, Time=10.87 sec
 ARIMA(0,1,5)(0,0,0)[0] intercept   : AIC=342975.348, Time=14.46 sec
 ARIMA(1,1,0)(0,0,0)[0] intercept   : AIC=344041.251, Time=4.94 sec
 ARIMA(1,1,1)(0,0,0)[0] intercept   : AIC=inf, Time=12.27 sec
 ARIMA(1,1,2)(0,0,0)[0] intercept   : AIC=344964.398, Time=8.41 sec
c:\Rust-python-arima\rustima\.venv\Lib\site-packages\statsmodels\tsa\statespace\sarimax.py:1901: RuntimeWarning: divide by zero encountered in reciprocal
  return np.roots(self.polynomial_reduced_ar)**-1
c:\Rust-python-arima\rustima\.venv\Lib\site-packages\statsmodels\tsa\statespace\sarimax.py:1908: RuntimeWarning: divide by zero encountered in reciprocal
  return np.roots(self.polynomial_reduced_ma)**-1
 ARIMA(1,1,3)(0,0,0)[0] intercept   : AIC=344072.901, Time=10.87 sec
 ARIMA(1,1,4)(0,0,0)[0] intercept   : AIC=381842.172, Time=11.87 sec
 ARIMA(2,1,0)(0,0,0)[0] intercept   : AIC=343982.553, Time=6.81 sec
 ARIMA(2,1,1)(0,0,0)[0] intercept   : AIC=344080.284, Time=4.16 sec
c:\Rust-python-arima\rustima\.venv\Lib\site-packages\statsmodels\tsa\statespace\sarimax.py:1901: RuntimeWarning: divide by zero encountered in reciprocal
  return np.roots(self.polynomial_reduced_ar)**-1
c:\Rust-python-arima\rustima\.venv\Lib\site-packages\statsmodels\tsa\statespace\sarimax.py:1908: RuntimeWarning: divide by zero encountered in reciprocal
  return np.roots(self.polynomial_reduced_ma)**-1
 ARIMA(2,1,2)(0,0,0)[0] intercept   : AIC=344060.776, Time=9.77 sec
 ARIMA(2,1,3)(0,0,0)[0] intercept   : AIC=344076.356, Time=11.90 sec
 ARIMA(3,1,0)(0,0,0)[0] intercept   : AIC=343949.614, Time=8.59 sec
 ARIMA(3,1,1)(0,0,0)[0] intercept   : AIC=343950.601, Time=9.97 sec
c:\Rust-python-arima\rustima\.venv\Lib\site-packages\statsmodels\tsa\statespace\sarimax.py:1901: RuntimeWarning: divide by zero encountered in reciprocal
  return np.roots(self.polynomial_reduced_ar)**-1
c:\Rust-python-arima\rustima\.venv\Lib\site-packages\statsmodels\tsa\statespace\sarimax.py:1908: RuntimeWarning: divide by zero encountered in reciprocal
  return np.roots(self.polynomial_reduced_ma)**-1
 ARIMA(3,1,2)(0,0,0)[0] intercept   : AIC=344064.995, Time=11.21 sec
 ARIMA(4,1,0)(0,0,0)[0] intercept   : AIC=343735.664, Time=11.12 sec
 ARIMA(4,1,1)(0,0,0)[0] intercept   : AIC=343734.090, Time=11.70 sec
 ARIMA(5,1,0)(0,0,0)[0] intercept   : AIC=343416.215, Time=12.29 sec

Best model:  ARIMA(0,1,5)(0,0,0)[0] intercept
Total fit time: 196.288 seconds
