C:\Rust-python-arima\rustima\python\rustima\auto.py:401: UserWarning: near-cancellation detected in fitted ARMA(2,1) parameters (min inverted-root distance < 0.05). Model may be non-identifiable.
  raw_results = rustima.sarimax_grid_search(
C:\Rust-python-arima\rustima\python\rustima\auto.py:401: UserWarning: near-cancellation detected in fitted ARMA(2,4) parameters (min inverted-root distance < 0.05). Model may be non-identifiable.
  raw_results = rustima.sarimax_grid_search(
C:\Rust-python-arima\rustima\python\rustima\auto.py:401: UserWarning: near-cancellation detected in fitted ARMA(4,2) parameters (min inverted-root distance < 0.05). Model may be non-identifiable.
  raw_results = rustima.sarimax_grid_search(
  ARIMA(0,0,0)(0,0,0)[0] : aic=522392.594
  ARIMA(0,0,1)(0,0,0)[0] : aic=469755.527
  ARIMA(0,0,2)(0,0,0)[0] : aic=433696.868
  ARIMA(0,0,3)(0,0,0)[0] : aic=410301.425
  ARIMA(0,0,4)(0,0,0)[0] : aic=394679.707
  ARIMA(0,0,5)(0,0,0)[0] : aic=383632.491
  ARIMA(1,0,0)(0,0,0)[0] : aic=343908.073
  ARIMA(1,0,1)(0,0,0)[0] : aic=343935.131
  ARIMA(1,0,2)(0,0,0)[0] : aic=344050.272
  ARIMA(1,0,3)(0,0,0)[0] : aic=343838.371
  ARIMA(1,0,4)(0,0,0)[0] : aic=343579.119
  ARIMA(1,0,5)(0,0,0)[0] : aic=342663.878
  ARIMA(2,0,0)(0,0,0)[0] : aic=343936.895
  ARIMA(2,0,1)(0,0,0)[0] : aic=344057.488
  ARIMA(2,0,2)(0,0,0)[0] : aic=343874.640
  ARIMA(2,0,3)(0,0,0)[0] : aic=343942.170
  ARIMA(2,0,4)(0,0,0)[0] : aic=344015.914
  ARIMA(2,0,5)(0,0,0)[0] : aic=343666.148
  ARIMA(3,0,0)(0,0,0)[0] : aic=343866.316
  ARIMA(3,0,1)(0,0,0)[0] : aic=343895.940
  ARIMA(3,0,2)(0,0,0)[0] : aic=344084.540
  ARIMA(3,0,3)(0,0,0)[0] : aic=344044.895
  ARIMA(3,0,4)(0,0,0)[0] : aic=343768.597
  ARIMA(3,0,5)(0,0,0)[0] : aic=344408.997
  ARIMA(4,0,0)(0,0,0)[0] : aic=343841.922
  ARIMA(4,0,1)(0,0,0)[0] : aic=343905.938
  ARIMA(4,0,2)(0,0,0)[0] : aic=344014.947
  ARIMA(4,0,3)(0,0,0)[0] : aic=344167.834
  ARIMA(4,0,4)(0,0,0)[0] : aic=923211.009
  ARIMA(4,0,5)(0,0,0)[0] : aic=1022181.887
  ARIMA(5,0,0)(0,0,0)[0] : aic=343648.162
  ARIMA(5,0,1)(0,0,0)[0] : aic=343370.198
  ARIMA(5,0,2)(0,0,0)[0] : aic=360847.051
  ARIMA(5,0,3)(0,0,0)[0] : aic=344055.404
  ARIMA(5,0,4)(0,0,0)[0] : aic=344142.247
  ARIMA(5,0,5)(0,0,0)[0] : aic=344056.421
