 ARIMA(0,1,0)(0,0,0)[0] intercept   : AIC=344050.840, Time=4.91 sec
 ARIMA(0,1,1)(0,0,0)[0] intercept   : AIC=344043.923, Time=6.49 sec
 ARIMA(0,1,2)(0,0,0)[0] intercept   : AIC=343985.937, Time=8.45 sec
 ARIMA(0,1,3)(0,0,0)[0] intercept   : AIC=343978.226, Time=10.92 sec
 ARIMA(0,1,4)(0,0,0)[0] intercept   : AIC=343658.917, Time=13.04 sec
 ARIMA(0,1,5)(0,0,0)[0] intercept   : AIC=342977.340, Time=16.33 sec
 ARIMA(1,1,0)(0,0,0)[0] intercept   : AIC=344043.247, Time=6.23 sec
 ARIMA(1,1,1)(0,0,0)[0] intercept   : AIC=inf, Time=24.56 sec
 ARIMA(1,1,2)(0,0,0)[0] intercept   : AIC=344966.974, Time=9.92 sec
c:\Rust-python-arima\rustima\.venv\Lib\site-packages\statsmodels\tsa\statespace\sarimax.py:1901: RuntimeWarning: divide by zero encountered in reciprocal
  return np.roots(self.polynomial_reduced_ar)**-1
c:\Rust-python-arima\rustima\.venv\Lib\site-packages\statsmodels\tsa\statespace\sarimax.py:1908: RuntimeWarning: divide by zero encountered in reciprocal
  return np.roots(self.polynomial_reduced_ma)**-1
 ARIMA(1,1,3)(0,0,0)[0] intercept   : AIC=344074.897, Time=12.53 sec
 ARIMA(1,1,4)(0,0,0)[0] intercept   : AIC=381844.318, Time=14.74 sec
 ARIMA(2,1,0)(0,0,0)[0] intercept   : AIC=343984.549, Time=8.21 sec
 ARIMA(2,1,1)(0,0,0)[0] intercept   : AIC=344082.283, Time=4.86 sec
c:\Rust-python-arima\rustima\.venv\Lib\site-packages\statsmodels\tsa\statespace\sarimax.py:1901: RuntimeWarning: divide by zero encountered in reciprocal
  return np.roots(self.polynomial_reduced_ar)**-1
c:\Rust-python-arima\rustima\.venv\Lib\site-packages\statsmodels\tsa\statespace\sarimax.py:1908: RuntimeWarning: divide by zero encountered in reciprocal
  return np.roots(self.polynomial_reduced_ma)**-1
 ARIMA(2,1,2)(0,0,0)[0] intercept   : AIC=344062.772, Time=11.37 sec
c:\Rust-python-arima\rustima\.venv\Lib\site-packages\statsmodels\tsa\statespace\sarimax.py:1901: RuntimeWarning: divide by zero encountered in reciprocal
  return np.roots(self.polynomial_reduced_ar)**-1
c:\Rust-python-arima\rustima\.venv\Lib\site-packages\statsmodels\tsa\statespace\sarimax.py:1908: RuntimeWarning: divide by zero encountered in reciprocal
  return np.roots(self.polynomial_reduced_ma)**-1
 ARIMA(2,1,3)(0,0,0)[0] intercept   : AIC=344078.352, Time=14.13 sec
 ARIMA(3,1,0)(0,0,0)[0] intercept   : AIC=343951.610, Time=10.25 sec
 ARIMA(3,1,1)(0,0,0)[0] intercept   : AIC=343952.597, Time=11.72 sec
c:\Rust-python-arima\rustima\.venv\Lib\site-packages\statsmodels\tsa\statespace\sarimax.py:1901: RuntimeWarning: divide by zero encountered in reciprocal
  return np.roots(self.polynomial_reduced_ar)**-1
c:\Rust-python-arima\rustima\.venv\Lib\site-packages\statsmodels\tsa\statespace\sarimax.py:1908: RuntimeWarning: divide by zero encountered in reciprocal
  return np.roots(self.polynomial_reduced_ma)**-1
 ARIMA(3,1,2)(0,0,0)[0] intercept   : AIC=344066.991, Time=12.83 sec
 ARIMA(4,1,0)(0,0,0)[0] intercept   : AIC=343737.660, Time=11.93 sec
 ARIMA(4,1,1)(0,0,0)[0] intercept   : AIC=343736.085, Time=13.56 sec
 ARIMA(5,1,0)(0,0,0)[0] intercept   : AIC=343418.209, Time=15.40 sec

Best model:  ARIMA(0,1,5)(0,0,0)[0] intercept
Total fit time: 242.377 seconds
