C:\Rust-python-arima\rustima\python\rustima\auto.py:401: UserWarning: near-cancellation detected in fitted ARMA(2,1) parameters (min inverted-root distance < 0.05). Model may be non-identifiable.
  raw_results = rustima.sarimax_grid_search(
C:\Rust-python-arima\rustima\python\rustima\auto.py:401: UserWarning: near-cancellation detected in fitted ARMA(2,4) parameters (min inverted-root distance < 0.05). Model may be non-identifiable.
  raw_results = rustima.sarimax_grid_search(
C:\Rust-python-arima\rustima\python\rustima\auto.py:401: UserWarning: near-cancellation detected in fitted ARMA(4,2) parameters (min inverted-root distance < 0.05). Model may be non-identifiable.
  raw_results = rustima.sarimax_grid_search(
  ARIMA(0,0,0)(0,0,0)[0] : bic=522409.969
  ARIMA(0,0,1)(0,0,0)[0] : bic=469781.589
  ARIMA(0,0,2)(0,0,0)[0] : bic=433731.617
  ARIMA(0,0,3)(0,0,0)[0] : bic=410344.862
  ARIMA(0,0,4)(0,0,0)[0] : bic=394731.832
  ARIMA(0,0,5)(0,0,0)[0] : bic=383693.303
  ARIMA(1,0,0)(0,0,0)[0] : bic=343934.135
  ARIMA(1,0,1)(0,0,0)[0] : bic=343969.880
  ARIMA(1,0,2)(0,0,0)[0] : bic=344093.709
  ARIMA(1,0,3)(0,0,0)[0] : bic=343890.495
  ARIMA(1,0,4)(0,0,0)[0] : bic=343639.930
  ARIMA(1,0,5)(0,0,0)[0] : bic=342733.377
  ARIMA(2,0,0)(0,0,0)[0] : bic=343971.644
  ARIMA(2,0,1)(0,0,0)[0] : bic=344100.925
  ARIMA(2,0,2)(0,0,0)[0] : bic=343926.764
  ARIMA(2,0,3)(0,0,0)[0] : bic=344002.981
  ARIMA(2,0,4)(0,0,0)[0] : bic=344085.413
  ARIMA(2,0,5)(0,0,0)[0] : bic=343744.335
  ARIMA(3,0,0)(0,0,0)[0] : bic=343909.753
  ARIMA(3,0,1)(0,0,0)[0] : bic=343948.064
  ARIMA(3,0,2)(0,0,0)[0] : bic=344145.352
  ARIMA(3,0,3)(0,0,0)[0] : bic=344114.394
  ARIMA(3,0,4)(0,0,0)[0] : bic=343846.784
  ARIMA(3,0,5)(0,0,0)[0] : bic=344495.871
  ARIMA(4,0,0)(0,0,0)[0] : bic=343894.047
  ARIMA(4,0,1)(0,0,0)[0] : bic=343966.749
  ARIMA(4,0,2)(0,0,0)[0] : bic=344084.447
  ARIMA(4,0,3)(0,0,0)[0] : bic=344246.021
  ARIMA(4,0,4)(0,0,0)[0] : bic=923297.883
  ARIMA(4,0,5)(0,0,0)[0] : bic=1022277.448
  ARIMA(5,0,0)(0,0,0)[0] : bic=343708.973
  ARIMA(5,0,1)(0,0,0)[0] : bic=343439.697
  ARIMA(5,0,2)(0,0,0)[0] : bic=360925.237
  ARIMA(5,0,3)(0,0,0)[0] : bic=344142.278
  ARIMA(5,0,4)(0,0,0)[0] : bic=344237.809
  ARIMA(5,0,5)(0,0,0)[0] : bic=344160.670
