 ARIMA(0,1,0)(0,0,0)[0] intercept   : BIC=344076.902, Time=5.01 sec
 ARIMA(0,1,1)(0,0,0)[0] intercept   : BIC=344078.672, Time=6.43 sec
 ARIMA(0,1,2)(0,0,0)[0] intercept   : BIC=344029.374, Time=8.40 sec
 ARIMA(0,1,3)(0,0,0)[0] intercept   : BIC=344030.350, Time=10.81 sec
 ARIMA(0,1,4)(0,0,0)[0] intercept   : BIC=343719.728, Time=12.87 sec
 ARIMA(0,1,5)(0,0,0)[0] intercept   : BIC=343046.839, Time=16.23 sec
 ARIMA(1,1,0)(0,0,0)[0] intercept   : BIC=344077.996, Time=6.14 sec
 ARIMA(1,1,1)(0,0,0)[0] intercept   : BIC=inf, Time=24.29 sec
 ARIMA(1,1,2)(0,0,0)[0] intercept   : BIC=345019.098, Time=9.73 sec
c:\Rust-python-arima\rustima\.venv\Lib\site-packages\statsmodels\tsa\statespace\sarimax.py:1901: RuntimeWarning: divide by zero encountered in reciprocal
  return np.roots(self.polynomial_reduced_ar)**-1
c:\Rust-python-arima\rustima\.venv\Lib\site-packages\statsmodels\tsa\statespace\sarimax.py:1908: RuntimeWarning: divide by zero encountered in reciprocal
  return np.roots(self.polynomial_reduced_ma)**-1
 ARIMA(1,1,3)(0,0,0)[0] intercept   : BIC=344135.709, Time=12.40 sec
 ARIMA(1,1,4)(0,0,0)[0] intercept   : BIC=381913.817, Time=14.73 sec
 ARIMA(2,1,0)(0,0,0)[0] intercept   : BIC=344027.986, Time=8.09 sec
 ARIMA(2,1,1)(0,0,0)[0] intercept   : BIC=344134.407, Time=4.81 sec
c:\Rust-python-arima\rustima\.venv\Lib\site-packages\statsmodels\tsa\statespace\sarimax.py:1901: RuntimeWarning: divide by zero encountered in reciprocal
  return np.roots(self.polynomial_reduced_ar)**-1
c:\Rust-python-arima\rustima\.venv\Lib\site-packages\statsmodels\tsa\statespace\sarimax.py:1908: RuntimeWarning: divide by zero encountered in reciprocal
  return np.roots(self.polynomial_reduced_ma)**-1
 ARIMA(2,1,2)(0,0,0)[0] intercept   : BIC=344123.584, Time=11.18 sec
c:\Rust-python-arima\rustima\.venv\Lib\site-packages\statsmodels\tsa\statespace\sarimax.py:1901: RuntimeWarning: divide by zero encountered in reciprocal
  return np.roots(self.polynomial_reduced_ar)**-1
c:\Rust-python-arima\rustima\.venv\Lib\site-packages\statsmodels\tsa\statespace\sarimax.py:1908: RuntimeWarning: divide by zero encountered in reciprocal
  return np.roots(self.polynomial_reduced_ma)**-1
 ARIMA(2,1,3)(0,0,0)[0] intercept   : BIC=344147.851, Time=14.00 sec
 ARIMA(3,1,0)(0,0,0)[0] intercept   : BIC=344003.734, Time=10.08 sec
 ARIMA(3,1,1)(0,0,0)[0] intercept   : BIC=344013.409, Time=11.48 sec
c:\Rust-python-arima\rustima\.venv\Lib\site-packages\statsmodels\tsa\statespace\sarimax.py:1901: RuntimeWarning: divide by zero encountered in reciprocal
  return np.roots(self.polynomial_reduced_ar)**-1
c:\Rust-python-arima\rustima\.venv\Lib\site-packages\statsmodels\tsa\statespace\sarimax.py:1908: RuntimeWarning: divide by zero encountered in reciprocal
  return np.roots(self.polynomial_reduced_ma)**-1
 ARIMA(3,1,2)(0,0,0)[0] intercept   : BIC=344136.490, Time=12.52 sec
 ARIMA(4,1,0)(0,0,0)[0] intercept   : BIC=343798.471, Time=11.87 sec
 ARIMA(4,1,1)(0,0,0)[0] intercept   : BIC=343805.584, Time=13.57 sec
 ARIMA(5,1,0)(0,0,0)[0] intercept   : BIC=343487.708, Time=15.41 sec

Best model:  ARIMA(0,1,5)(0,0,0)[0] intercept
Total fit time: 240.055 seconds
