C:\Rust-python-arima\rustima\python\rustima\auto.py:401: UserWarning: near-cancellation detected in fitted ARMA(2,1) parameters (min inverted-root distance < 0.05). Model may be non-identifiable.
  raw_results = rustima.sarimax_grid_search(
C:\Rust-python-arima\rustima\python\rustima\auto.py:401: UserWarning: near-cancellation detected in fitted ARMA(2,4) parameters (min inverted-root distance < 0.05). Model may be non-identifiable.
  raw_results = rustima.sarimax_grid_search(
C:\Rust-python-arima\rustima\python\rustima\auto.py:401: UserWarning: near-cancellation detected in fitted ARMA(4,2) parameters (min inverted-root distance < 0.05). Model may be non-identifiable.
  raw_results = rustima.sarimax_grid_search(
  ARIMA(0,0,0)(0,0,0)[0] : hqic=522398.071
  ARIMA(0,0,1)(0,0,0)[0] : hqic=469763.741
  ARIMA(0,0,2)(0,0,0)[0] : hqic=433707.820
  ARIMA(0,0,3)(0,0,0)[0] : hqic=410315.116
  ARIMA(0,0,4)(0,0,0)[0] : hqic=394696.136
  ARIMA(0,0,5)(0,0,0)[0] : hqic=383651.658
  ARIMA(1,0,0)(0,0,0)[0] : hqic=343916.288
  ARIMA(1,0,1)(0,0,0)[0] : hqic=343946.083
  ARIMA(1,0,2)(0,0,0)[0] : hqic=344063.962
  ARIMA(1,0,3)(0,0,0)[0] : hqic=343854.800
  ARIMA(1,0,4)(0,0,0)[0] : hqic=343598.285
  ARIMA(1,0,5)(0,0,0)[0] : hqic=342685.783
  ARIMA(2,0,0)(0,0,0)[0] : hqic=343947.847
  ARIMA(2,0,1)(0,0,0)[0] : hqic=344071.178
  ARIMA(2,0,2)(0,0,0)[0] : hqic=343891.069
  ARIMA(2,0,3)(0,0,0)[0] : hqic=343961.336
  ARIMA(2,0,4)(0,0,0)[0] : hqic=344037.819
  ARIMA(2,0,5)(0,0,0)[0] : hqic=343690.791
  ARIMA(3,0,0)(0,0,0)[0] : hqic=343880.007
  ARIMA(3,0,1)(0,0,0)[0] : hqic=343912.369
  ARIMA(3,0,2)(0,0,0)[0] : hqic=344103.707
  ARIMA(3,0,3)(0,0,0)[0] : hqic=344066.800
  ARIMA(3,0,4)(0,0,0)[0] : hqic=343793.240
  ARIMA(3,0,5)(0,0,0)[0] : hqic=344436.378
  ARIMA(4,0,0)(0,0,0)[0] : hqic=343858.351
  ARIMA(4,0,1)(0,0,0)[0] : hqic=343925.104
  ARIMA(4,0,2)(0,0,0)[0] : hqic=344036.853
  ARIMA(4,0,3)(0,0,0)[0] : hqic=344192.478
  ARIMA(4,0,4)(0,0,0)[0] : hqic=923238.391
  ARIMA(4,0,5)(0,0,0)[0] : hqic=1022212.006
  ARIMA(5,0,0)(0,0,0)[0] : hqic=343667.328
  ARIMA(5,0,1)(0,0,0)[0] : hqic=343392.103
  ARIMA(5,0,2)(0,0,0)[0] : hqic=360871.694
  ARIMA(5,0,3)(0,0,0)[0] : hqic=344082.786
  ARIMA(5,0,4)(0,0,0)[0] : hqic=344172.367
  ARIMA(5,0,5)(0,0,0)[0] : hqic=344089.278
