  ARIMA(0,0,0)(0,1,0)[24] : aic=391082.505
  ARIMA(2,0,2)(0,1,0)[24] : aic=352617.089
  ARIMA(1,0,0)(0,1,0)[24] : aic=353716.304
  ARIMA(0,0,1)(0,1,0)[24] : aic=369899.543
  ARIMA(0,0,0)(1,1,0)[24] : aic=388463.046
  ARIMA(0,0,0)(0,1,1)[24] : aic=384401.262
  ARIMA(1,0,0)(1,1,0)[24] : aic=344208.048
  ARIMA(0,0,1)(0,1,1)[24] : aic=356124.708
  ARIMA(2,0,0)(1,1,0)[24] : aic=343301.531
  ARIMA(1,0,1)(1,1,0)[24] : aic=343234.549
  ARIMA(1,0,0)(2,1,0)[24] : aic=339769.081
  ARIMA(1,0,0)(1,1,1)[24] : aic=330284.078
  ARIMA(2,0,1)(1,1,0)[24] : aic=343223.294
  ARIMA(2,0,0)(1,1,1)[24] : aic=329260.549
  ARIMA(0,0,0)(1,1,1)[24] : aic=382592.815
  ARIMA(1,0,1)(1,1,1)[24] : aic=329159.767
  ARIMA(1,0,0)(2,1,1)[24] : aic=330272.569
  ARIMA(1,0,0)(0,1,1)[24] : aic=330462.849
  ARIMA(1,0,0)(1,1,2)[24] : aic=330276.218
  ARIMA(2,0,1)(1,1,1)[24] : aic=328920.198
  ARIMA(3,0,1)(1,1,1)[24] : aic=328621.684
  ARIMA(2,0,2)(1,1,1)[24] : aic=328631.026
  ARIMA(2,0,1)(2,1,1)[24] : aic=328896.719
  ARIMA(2,0,1)(0,1,1)[24] : aic=329113.080
  ARIMA(2,0,1)(1,1,2)[24] : aic=328904.263
  ARIMA(3,0,2)(1,1,1)[24] : aic=328623.565
  ARIMA(4,0,1)(1,1,1)[24] : aic=328623.516
  ARIMA(3,0,0)(1,1,1)[24] : aic=329164.519
  ARIMA(3,0,1)(2,1,1)[24] : aic=328595.036
  ARIMA(3,0,1)(0,1,1)[24] : aic=328832.352
  ARIMA(3,0,1)(1,1,2)[24] : aic=328602.766
  ARIMA(3,0,1)(1,1,0)[24] : aic=343156.512
  ARIMA(4,0,2)(1,1,1)[24] : aic=328610.376
  ARIMA(4,0,1)(2,1,1)[24] : aic=328596.877
  ARIMA(3,0,2)(2,1,1)[24] : aic=328596.921
  ARIMA(3,0,0)(2,1,1)[24] : aic=329145.985
  ARIMA(3,0,1)(2,1,2)[24] : aic=328573.817
  ARIMA(3,0,1)(2,1,0)[24] : aic=338619.872
  ARIMA(4,0,2)(2,1,1)[24] : aic=328585.331
  ARIMA(2,0,0)(2,1,1)[24] : aic=329242.859
  ARIMA(4,0,1)(2,1,2)[24] : aic=328575.725
  ARIMA(2,0,1)(2,1,2)[24] : aic=328879.090
  ARIMA(3,0,2)(2,1,2)[24] : aic=328575.756
  ARIMA(3,0,0)(2,1,2)[24] : aic=329120.115
  ARIMA(4,0,2)(2,1,2)[24] : aic=328565.078
  ARIMA(2,0,0)(2,1,2)[24] : aic=329217.366
  ARIMA(5,0,2)(2,1,2)[24] : aic=328565.146
  ARIMA(4,0,3)(2,1,2)[24] : aic=328565.596
  ARIMA(4,0,2)(1,1,2)[24] : aic=328592.279
  ARIMA(5,0,3)(2,1,2)[24] : aic=328570.961
