  ARIMA(0,0,0)(0,1,0)[24] : aic=391084.473
  ARIMA(2,0,2)(0,1,0)[24] : aic=352619.085
  ARIMA(1,0,0)(0,1,0)[24] : aic=353718.300
  ARIMA(0,0,1)(0,1,0)[24] : aic=369901.522
  ARIMA(0,0,0)(1,1,0)[24] : aic=388465.003
  ARIMA(0,0,0)(0,1,1)[24] : aic=384403.220
  ARIMA(1,0,0)(1,1,0)[24] : aic=344210.043
  ARIMA(0,0,1)(0,1,1)[24] : aic=356126.047
  ARIMA(2,0,0)(1,1,0)[24] : aic=343303.528
  ARIMA(1,0,1)(1,1,0)[24] : aic=343236.545
  ARIMA(1,0,0)(2,1,0)[24] : aic=339771.072
  ARIMA(1,0,0)(1,1,1)[24] : aic=330285.610
  ARIMA(2,0,1)(1,1,0)[24] : aic=343225.290
  ARIMA(2,0,0)(1,1,1)[24] : aic=329262.188
  ARIMA(0,0,0)(1,1,1)[24] : aic=382585.494
  ARIMA(1,0,1)(1,1,1)[24] : aic=329161.434
  ARIMA(1,0,0)(2,1,1)[24] : aic=330274.114
  ARIMA(1,0,0)(0,1,1)[24] : aic=330464.461
  ARIMA(1,0,0)(1,1,2)[24] : aic=330277.811
  ARIMA(2,0,1)(1,1,1)[24] : aic=328923.097
  ARIMA(3,0,1)(1,1,1)[24] : aic=328623.835
  ARIMA(2,0,2)(1,1,1)[24] : aic=328685.001
  ARIMA(2,0,1)(2,1,1)[24] : aic=328899.854
  ARIMA(2,0,1)(0,1,1)[24] : aic=329117.691
  ARIMA(2,0,1)(1,1,2)[24] : aic=328906.106
  ARIMA(3,0,2)(1,1,1)[24] : aic=328652.244
  ARIMA(4,0,1)(1,1,1)[24] : aic=328625.608
  ARIMA(3,0,0)(1,1,1)[24] : aic=329166.186
  ARIMA(3,0,1)(2,1,1)[24] : aic=328596.902
  ARIMA(3,0,1)(0,1,1)[24] : aic=328834.487
  ARIMA(3,0,1)(1,1,2)[24] : aic=328604.734
  ARIMA(3,0,1)(1,1,0)[24] : aic=343158.509
  ARIMA(4,0,2)(1,1,1)[24] : aic=328612.324
  ARIMA(4,0,1)(2,1,1)[24] : aic=328598.751
  ARIMA(3,0,2)(2,1,1)[24] : aic=328598.919
  ARIMA(3,0,0)(2,1,1)[24] : aic=329147.669
  ARIMA(3,0,1)(2,1,2)[24] : aic=328581.428
  ARIMA(3,0,1)(2,1,0)[24] : aic=338621.868
  ARIMA(4,0,2)(2,1,1)[24] : aic=328587.293
  ARIMA(2,0,0)(2,1,1)[24] : aic=329244.515
  ARIMA(4,0,1)(2,1,2)[24] : aic=328587.337
  ARIMA(2,0,1)(2,1,2)[24] : aic=328905.196
  ARIMA(3,0,2)(2,1,2)[24] : aic=328626.188
  ARIMA(3,0,0)(2,1,2)[24] : aic=329121.830
  ARIMA(4,0,2)(2,1,2)[24] : aic=328594.449
  ARIMA(2,0,0)(2,1,2)[24] : aic=329219.054
