  ARIMA(0,0,0)(0,1,0)[24] : aic=391084.422
  ARIMA(2,0,2)(0,1,0)[24] : aic=352639.948
  ARIMA(1,0,0)(0,1,0)[24] : aic=353718.292
  ARIMA(0,0,1)(0,1,0)[24] : aic=369901.488
  ARIMA(0,0,0)(1,1,0)[24] : aic=388464.886
  ARIMA(0,0,0)(0,1,1)[24] : aic=385272.256
  ARIMA(1,0,0)(1,1,0)[24] : aic=344210.026
  ARIMA(0,0,1)(0,1,1)[24] : aic=356124.145
  ARIMA(2,0,0)(1,1,0)[24] : aic=343303.515
  ARIMA(1,0,1)(1,1,0)[24] : aic=344063.397
  ARIMA(1,0,0)(2,1,0)[24] : aic=339771.047
  ARIMA(1,0,0)(1,1,1)[24] : aic=333181.464
  ARIMA(2,0,1)(1,1,0)[24] : aic=343341.738
  ARIMA(2,0,0)(1,1,1)[24] : aic=332263.629
  ARIMA(0,0,0)(1,1,1)[24] : aic=382820.901
  ARIMA(1,0,1)(1,1,1)[24] : aic=331675.568
  ARIMA(1,0,0)(2,1,1)[24] : aic=331459.276
  ARIMA(1,0,0)(0,1,1)[24] : aic=330510.110
  ARIMA(1,0,0)(1,1,2)[24] : aic=330788.726
  ARIMA(2,0,1)(1,1,1)[24] : aic=332165.442
  ARIMA(2,0,0)(0,1,1)[24] : aic=330169.236
  ARIMA(1,0,1)(0,1,1)[24] : aic=332929.121
  ARIMA(1,0,0)(0,1,2)[24] : aic=330934.955
  ARIMA(2,0,1)(0,1,1)[24] : aic=333064.962
  ARIMA(3,0,0)(0,1,1)[24] : aic=330485.155
  ARIMA(2,0,0)(0,1,2)[24] : aic=329776.400
  ARIMA(2,0,0)(0,1,0)[24] : aic=352719.230
  ARIMA(3,0,1)(0,1,1)[24] : aic=332982.500
  ARIMA(3,0,0)(0,1,2)[24] : aic=329646.170
  ARIMA(2,0,1)(0,1,2)[24] : aic=329843.289
  ARIMA(2,0,0)(1,1,2)[24] : aic=329677.238
  ARIMA(3,0,1)(0,1,2)[24] : aic=329740.497
  ARIMA(4,0,0)(0,1,2)[24] : aic=329611.530
  ARIMA(3,0,0)(1,1,2)[24] : aic=329566.155
  ARIMA(4,0,1)(0,1,2)[24] : aic=329704.204
  ARIMA(4,0,0)(1,1,2)[24] : aic=329541.328
  ARIMA(3,0,1)(1,1,2)[24] : aic=329657.269
  ARIMA(3,0,0)(2,1,2)[24] : aic=329905.747
  ARIMA(3,0,0)(1,1,1)[24] : aic=332212.685
  ARIMA(4,0,1)(1,1,2)[24] : aic=329631.649
  ARIMA(5,0,0)(1,1,2)[24] : aic=329524.786
  ARIMA(4,0,0)(2,1,2)[24] : aic=329884.858
  ARIMA(4,0,0)(1,1,1)[24] : aic=332216.340
  ARIMA(5,0,1)(1,1,2)[24] : aic=329614.715
  ARIMA(5,0,0)(2,1,2)[24] : aic=329867.359
  ARIMA(5,0,0)(0,1,2)[24] : aic=329587.258
  ARIMA(5,0,0)(1,1,1)[24] : aic=332213.881
