  ARIMA(0,0,0)(0,1,0)[24] : aic=391086.278
  ARIMA(2,0,2)(0,1,0)[24] : aic=352641.419
  ARIMA(1,0,0)(0,1,0)[24] : aic=353720.224
  ARIMA(0,0,1)(0,1,0)[24] : aic=369903.392
  ARIMA(0,0,0)(1,1,0)[24] : aic=388466.691
  ARIMA(0,0,0)(0,1,1)[24] : aic=384554.644
  ARIMA(1,0,0)(1,1,0)[24] : aic=344211.922
  ARIMA(0,0,1)(0,1,1)[24] : aic=356122.349
  ARIMA(2,0,0)(1,1,0)[24] : aic=343305.427
  ARIMA(1,0,1)(1,1,0)[24] : aic=343238.438
  ARIMA(1,0,0)(2,1,0)[24] : aic=339772.900
  ARIMA(1,0,0)(1,1,1)[24] : aic=330275.186
  ARIMA(2,0,1)(1,1,0)[24] : aic=343227.178
  ARIMA(2,0,0)(1,1,1)[24] : aic=329254.038
  ARIMA(0,0,0)(1,1,1)[24] : aic=382740.709
  ARIMA(1,0,1)(1,1,1)[24] : aic=329153.908
  ARIMA(1,0,0)(2,1,1)[24] : aic=330264.260
  ARIMA(1,0,0)(0,1,1)[24] : aic=330456.315
  ARIMA(1,0,0)(1,1,2)[24] : aic=330268.646
  ARIMA(2,0,1)(1,1,1)[24] : aic=329562.779
  ARIMA(0,0,1)(1,1,1)[24] : aic=354238.135
  ARIMA(1,0,2)(1,1,1)[24] : aic=329118.492
  ARIMA(1,0,1)(2,1,1)[24] : aic=329135.408
  ARIMA(1,0,1)(0,1,1)[24] : aic=329378.887
  ARIMA(1,0,1)(1,1,2)[24] : aic=329141.407
  ARIMA(2,0,2)(1,1,1)[24] : aic=329438.784
  ARIMA(0,0,2)(1,1,1)[24] : aic=343786.167
  ARIMA(1,0,3)(1,1,1)[24] : aic=329083.656
  ARIMA(1,0,2)(2,1,1)[24] : aic=329099.569
  ARIMA(1,0,2)(0,1,1)[24] : aic=329345.382
  ARIMA(1,0,2)(1,1,2)[24] : aic=329105.371
  ARIMA(1,0,2)(1,1,0)[24] : aic=343228.760
  ARIMA(2,0,3)(1,1,1)[24] : aic=329382.585
  ARIMA(0,0,3)(1,1,1)[24] : aic=338541.239
  ARIMA(1,0,4)(1,1,1)[24] : aic=329034.953
  ARIMA(1,0,3)(2,1,1)[24] : aic=329063.843
  ARIMA(1,0,3)(0,1,1)[24] : aic=329314.417
  ARIMA(1,0,3)(1,1,2)[24] : aic=329069.297
  ARIMA(1,0,3)(1,1,0)[24] : aic=343226.929
  ARIMA(2,0,4)(1,1,1)[24] : aic=329318.707
  ARIMA(0,0,4)(1,1,1)[24] : aic=335498.570
  ARIMA(1,0,5)(1,1,1)[24] : aic=328935.737
  ARIMA(1,0,4)(2,1,1)[24] : aic=329014.865
  ARIMA(1,0,4)(0,1,1)[24] : aic=329265.282
  ARIMA(1,0,4)(1,1,2)[24] : aic=329019.344
  ARIMA(1,0,4)(1,1,0)[24] : aic=343222.732
  ARIMA(2,0,5)(1,1,1)[24] : aic=329265.467
  ARIMA(0,0,5)(1,1,1)[24] : aic=333816.622
  ARIMA(1,0,5)(2,1,1)[24] : aic=328911.469
  ARIMA(1,0,5)(0,1,1)[24] : aic=329156.619
  ARIMA(1,0,5)(1,1,2)[24] : aic=328911.914
  ARIMA(1,0,5)(1,1,0)[24] : aic=343219.925
  ARIMA(2,0,5)(2,1,1)[24] : aic=328581.020
  ARIMA(0,0,5)(2,1,1)[24] : aic=333790.654
  ARIMA(1,0,5)(2,1,2)[24] : aic=328937.609
  ARIMA(1,0,5)(2,1,0)[24] : aic=338752.965
  ARIMA(0,0,4)(2,1,1)[24] : aic=335465.348
  ARIMA(3,0,5)(2,1,1)[24] : aic=328902.286
  ARIMA(2,0,4)(2,1,1)[24] : aic=329212.183
  ARIMA(2,0,5)(2,1,2)[24] : aic=329894.280
  ARIMA(2,0,5)(2,1,0)[24] : aic=338604.664
