  ARIMA(0,0,0)(0,1,0)[24] : bic=391091.192
  ARIMA(2,0,2)(0,1,0)[24] : bic=352660.526
  ARIMA(1,0,0)(0,1,0)[24] : bic=353733.679
  ARIMA(0,0,1)(0,1,0)[24] : bic=369916.918
  ARIMA(0,0,0)(1,1,0)[24] : bic=388480.421
  ARIMA(0,0,0)(0,1,1)[24] : bic=384418.636
  ARIMA(1,0,0)(1,1,0)[24] : bic=344234.110
  ARIMA(0,0,1)(0,1,1)[24] : bic=356150.770
  ARIMA(2,0,0)(1,1,0)[24] : bic=343336.280
  ARIMA(1,0,1)(1,1,0)[24] : bic=343269.298
  ARIMA(1,0,0)(2,1,0)[24] : bic=339803.831
  ARIMA(1,0,0)(1,1,1)[24] : bic=330318.827
  ARIMA(2,0,1)(1,1,0)[24] : bic=343266.731
  ARIMA(2,0,0)(1,1,1)[24] : bic=329303.986
  ARIMA(0,0,0)(1,1,1)[24] : bic=382618.877
  ARIMA(1,0,1)(1,1,1)[24] : bic=329203.204
  ARIMA(1,0,0)(2,1,1)[24] : bic=330316.006
  ARIMA(1,0,0)(0,1,1)[24] : bic=330488.911
  ARIMA(1,0,0)(1,1,2)[24] : bic=330319.655
  ARIMA(2,0,1)(1,1,1)[24] : bic=328972.322
  ARIMA(3,0,1)(1,1,1)[24] : bic=328682.496
  ARIMA(2,0,2)(1,1,1)[24] : bic=328691.838
  ARIMA(2,0,1)(2,1,1)[24] : bic=328957.531
  ARIMA(2,0,1)(0,1,1)[24] : bic=329156.517
  ARIMA(2,0,1)(1,1,2)[24] : bic=328965.074
  ARIMA(3,0,2)(1,1,1)[24] : bic=328693.064
  ARIMA(4,0,1)(1,1,1)[24] : bic=328693.015
  ARIMA(3,0,0)(1,1,1)[24] : bic=329216.643
  ARIMA(3,0,1)(2,1,1)[24] : bic=328664.535
  ARIMA(3,0,1)(0,1,1)[24] : bic=328884.476
  ARIMA(3,0,1)(1,1,2)[24] : bic=328672.265
  ARIMA(3,0,1)(1,1,0)[24] : bic=343208.636
  ARIMA(4,0,2)(1,1,1)[24] : bic=328688.562
  ARIMA(4,0,1)(2,1,1)[24] : bic=328675.063
  ARIMA(3,0,2)(2,1,1)[24] : bic=328675.108
  ARIMA(3,0,0)(2,1,1)[24] : bic=329206.797
  ARIMA(3,0,1)(2,1,2)[24] : bic=328652.004
  ARIMA(3,0,1)(2,1,0)[24] : bic=338680.684
  ARIMA(4,0,2)(2,1,1)[24] : bic=328672.205
  ARIMA(2,0,0)(2,1,1)[24] : bic=329294.983
  ARIMA(4,0,1)(2,1,2)[24] : bic=328662.599
  ARIMA(2,0,1)(2,1,2)[24] : bic=328948.589
  ARIMA(3,0,2)(2,1,2)[24] : bic=328662.630
  ARIMA(3,0,0)(2,1,2)[24] : bic=329189.614
  ARIMA(4,0,2)(2,1,2)[24] : bic=328660.639
  ARIMA(2,0,0)(2,1,2)[24] : bic=329278.178
