  ARIMA(0,0,0)(0,1,0)[24] : bic=391101.848
  ARIMA(2,0,2)(0,1,0)[24] : bic=352671.209
  ARIMA(1,0,0)(0,1,0)[24] : bic=353744.362
  ARIMA(0,0,1)(0,1,0)[24] : bic=369927.584
  ARIMA(0,0,0)(1,1,0)[24] : bic=388491.065
  ARIMA(0,0,0)(0,1,1)[24] : bic=384429.282
  ARIMA(1,0,0)(1,1,0)[24] : bic=344244.792
  ARIMA(0,0,1)(0,1,1)[24] : bic=356160.796
  ARIMA(2,0,0)(1,1,0)[24] : bic=343346.965
  ARIMA(1,0,1)(1,1,0)[24] : bic=343279.982
  ARIMA(1,0,0)(2,1,0)[24] : bic=339814.509
  ARIMA(1,0,0)(1,1,1)[24] : bic=330329.046
  ARIMA(2,0,1)(1,1,0)[24] : bic=343277.415
  ARIMA(2,0,0)(1,1,1)[24] : bic=329314.312
  ARIMA(0,0,0)(1,1,1)[24] : bic=382620.243
  ARIMA(1,0,1)(1,1,1)[24] : bic=329213.558
  ARIMA(1,0,0)(2,1,1)[24] : bic=330326.239
  ARIMA(1,0,0)(0,1,1)[24] : bic=330499.211
  ARIMA(1,0,0)(1,1,2)[24] : bic=330329.935
  ARIMA(2,0,1)(1,1,1)[24] : bic=328983.908
  ARIMA(3,0,1)(1,1,1)[24] : bic=328693.334
  ARIMA(2,0,2)(1,1,1)[24] : bic=328754.501
  ARIMA(2,0,1)(2,1,1)[24] : bic=328969.353
  ARIMA(2,0,1)(0,1,1)[24] : bic=329169.815
  ARIMA(2,0,1)(1,1,2)[24] : bic=328975.606
  ARIMA(3,0,2)(1,1,1)[24] : bic=328730.431
  ARIMA(4,0,1)(1,1,1)[24] : bic=328703.794
  ARIMA(3,0,0)(1,1,1)[24] : bic=329226.998
  ARIMA(3,0,1)(2,1,1)[24] : bic=328675.089
  ARIMA(3,0,1)(0,1,1)[24] : bic=328895.299
  ARIMA(3,0,1)(1,1,2)[24] : bic=328682.921
  ARIMA(3,0,1)(1,1,0)[24] : bic=343219.321
  ARIMA(4,0,2)(1,1,1)[24] : bic=328699.198
  ARIMA(4,0,1)(2,1,1)[24] : bic=328685.625
  ARIMA(3,0,2)(2,1,1)[24] : bic=328685.793
  ARIMA(3,0,0)(2,1,1)[24] : bic=329217.168
  ARIMA(3,0,1)(2,1,2)[24] : bic=328668.302
  ARIMA(3,0,1)(2,1,0)[24] : bic=338691.367
  ARIMA(4,0,2)(2,1,1)[24] : bic=328682.854
  ARIMA(2,0,0)(2,1,1)[24] : bic=329305.326
  ARIMA(4,0,1)(2,1,2)[24] : bic=328682.898
  ARIMA(2,0,1)(2,1,2)[24] : bic=328983.383
  ARIMA(3,0,2)(2,1,2)[24] : bic=328721.750
  ARIMA(3,0,0)(2,1,2)[24] : bic=329200.016
  ARIMA(4,0,2)(2,1,2)[24] : bic=328698.697
  ARIMA(2,0,0)(2,1,2)[24] : bic=329288.553
