  ARIMA(0,0,0)(0,1,0)[24] : bic=391101.796
  ARIMA(2,0,2)(0,1,0)[24] : bic=352692.072
  ARIMA(1,0,0)(0,1,0)[24] : bic=353744.354
  ARIMA(0,0,1)(0,1,0)[24] : bic=369927.550
  ARIMA(0,0,0)(1,1,0)[24] : bic=388490.948
  ARIMA(0,0,0)(0,1,1)[24] : bic=385298.318
  ARIMA(1,0,0)(1,1,0)[24] : bic=344244.776
  ARIMA(0,0,1)(0,1,1)[24] : bic=356158.895
  ARIMA(2,0,0)(1,1,0)[24] : bic=343346.952
  ARIMA(1,0,1)(1,1,0)[24] : bic=344106.834
  ARIMA(1,0,0)(2,1,0)[24] : bic=339814.484
  ARIMA(1,0,0)(1,1,1)[24] : bic=333224.901
  ARIMA(2,0,1)(1,1,0)[24] : bic=343393.862
  ARIMA(2,0,0)(1,1,1)[24] : bic=332315.753
  ARIMA(0,0,0)(1,1,1)[24] : bic=382855.650
  ARIMA(1,0,1)(1,1,1)[24] : bic=331727.692
  ARIMA(1,0,0)(2,1,1)[24] : bic=331511.400
  ARIMA(1,0,0)(0,1,1)[24] : bic=330544.860
  ARIMA(1,0,0)(1,1,2)[24] : bic=330840.851
  ARIMA(2,0,1)(1,1,1)[24] : bic=332226.254
  ARIMA(2,0,0)(0,1,1)[24] : bic=330212.673
  ARIMA(1,0,1)(0,1,1)[24] : bic=332972.558
  ARIMA(1,0,0)(0,1,2)[24] : bic=330978.391
  ARIMA(2,0,1)(0,1,1)[24] : bic=333117.086
  ARIMA(3,0,0)(0,1,1)[24] : bic=330537.279
  ARIMA(2,0,0)(0,1,2)[24] : bic=329828.524
  ARIMA(2,0,0)(0,1,0)[24] : bic=352753.979
  ARIMA(3,0,1)(0,1,1)[24] : bic=333043.312
  ARIMA(3,0,0)(0,1,2)[24] : bic=329706.981
  ARIMA(2,0,1)(0,1,2)[24] : bic=329904.101
  ARIMA(2,0,0)(1,1,2)[24] : bic=329738.050
  ARIMA(3,0,1)(0,1,2)[24] : bic=329809.996
  ARIMA(4,0,0)(0,1,2)[24] : bic=329681.029
  ARIMA(3,0,0)(1,1,2)[24] : bic=329635.654
  ARIMA(4,0,1)(0,1,2)[24] : bic=329782.390
  ARIMA(4,0,0)(1,1,2)[24] : bic=329619.515
  ARIMA(3,0,1)(1,1,2)[24] : bic=329735.455
  ARIMA(3,0,0)(2,1,2)[24] : bic=329983.933
  ARIMA(3,0,0)(1,1,1)[24] : bic=332273.497
  ARIMA(4,0,1)(1,1,2)[24] : bic=329718.523
  ARIMA(5,0,0)(1,1,2)[24] : bic=329611.660
  ARIMA(4,0,0)(2,1,2)[24] : bic=329971.732
  ARIMA(4,0,0)(1,1,1)[24] : bic=332285.839
  ARIMA(5,0,1)(1,1,2)[24] : bic=329710.276
  ARIMA(5,0,0)(2,1,2)[24] : bic=329962.921
  ARIMA(5,0,0)(0,1,2)[24] : bic=329665.444
  ARIMA(5,0,0)(1,1,1)[24] : bic=332292.067
