  ARIMA(0,0,0)(0,1,0)[24] : bic=391112.340
  ARIMA(2,0,2)(0,1,0)[24] : bic=352702.231
  ARIMA(1,0,0)(0,1,0)[24] : bic=353754.974
  ARIMA(0,0,1)(0,1,0)[24] : bic=369938.141
  ARIMA(0,0,0)(1,1,0)[24] : bic=388501.441
  ARIMA(0,0,0)(0,1,1)[24] : bic=384589.393
  ARIMA(1,0,0)(1,1,0)[24] : bic=344255.359
  ARIMA(0,0,1)(0,1,1)[24] : bic=356165.786
  ARIMA(2,0,0)(1,1,0)[24] : bic=343357.552
  ARIMA(1,0,1)(1,1,0)[24] : bic=343290.563
  ARIMA(1,0,0)(2,1,0)[24] : bic=339825.025
  ARIMA(1,0,0)(1,1,1)[24] : bic=330327.310
  ARIMA(2,0,1)(1,1,0)[24] : bic=343287.990
  ARIMA(2,0,0)(1,1,1)[24] : bic=329314.849
  ARIMA(0,0,0)(1,1,1)[24] : bic=382784.146
  ARIMA(1,0,1)(1,1,1)[24] : bic=329214.720
  ARIMA(1,0,0)(2,1,1)[24] : bic=330325.071
  ARIMA(1,0,0)(0,1,1)[24] : bic=330499.751
  ARIMA(1,0,0)(1,1,2)[24] : bic=330329.458
  ARIMA(2,0,1)(1,1,1)[24] : bic=329632.279
  ARIMA(0,0,1)(1,1,1)[24] : bic=354290.260
  ARIMA(1,0,2)(1,1,1)[24] : bic=329187.992
  ARIMA(1,0,1)(2,1,1)[24] : bic=329204.907
  ARIMA(1,0,1)(0,1,1)[24] : bic=329431.011
  ARIMA(1,0,1)(1,1,2)[24] : bic=329210.906
  ARIMA(2,0,2)(1,1,1)[24] : bic=329516.970
  ARIMA(0,0,2)(1,1,1)[24] : bic=343846.979
  ARIMA(1,0,3)(1,1,1)[24] : bic=329161.843
  ARIMA(1,0,2)(2,1,1)[24] : bic=329177.756
  ARIMA(1,0,2)(0,1,1)[24] : bic=329406.194
  ARIMA(1,0,2)(1,1,2)[24] : bic=329183.558
  ARIMA(1,0,2)(1,1,0)[24] : bic=343289.571
  ARIMA(2,0,3)(1,1,1)[24] : bic=329469.459
  ARIMA(0,0,3)(1,1,1)[24] : bic=338610.738
  ARIMA(1,0,4)(1,1,1)[24] : bic=329121.827
  ARIMA(1,0,3)(2,1,1)[24] : bic=329150.717
  ARIMA(1,0,3)(0,1,1)[24] : bic=329383.916
  ARIMA(1,0,3)(1,1,2)[24] : bic=329156.171
  ARIMA(1,0,3)(1,1,0)[24] : bic=343296.428
  ARIMA(2,0,4)(1,1,1)[24] : bic=329414.268
  ARIMA(0,0,4)(1,1,1)[24] : bic=335576.756
  ARIMA(1,0,5)(1,1,1)[24] : bic=329031.299
  ARIMA(1,0,4)(2,1,1)[24] : bic=329110.427
  ARIMA(1,0,4)(0,1,1)[24] : bic=329343.468
  ARIMA(1,0,4)(1,1,2)[24] : bic=329114.905
  ARIMA(1,0,4)(1,1,0)[24] : bic=343300.919
  ARIMA(2,0,5)(1,1,1)[24] : bic=329369.716
  ARIMA(0,0,5)(1,1,1)[24] : bic=333903.496
  ARIMA(1,0,5)(2,1,1)[24] : bic=329015.718
  ARIMA(1,0,5)(0,1,1)[24] : bic=329243.493
  ARIMA(1,0,5)(1,1,2)[24] : bic=329016.162
  ARIMA(1,0,5)(1,1,0)[24] : bic=343306.798
  ARIMA(2,0,5)(2,1,1)[24] : bic=328693.956
  ARIMA(0,0,5)(2,1,1)[24] : bic=333886.216
  ARIMA(1,0,5)(2,1,2)[24] : bic=329050.545
  ARIMA(1,0,5)(2,1,0)[24] : bic=338848.526
  ARIMA(0,0,4)(2,1,1)[24] : bic=335552.222
  ARIMA(3,0,5)(2,1,1)[24] : bic=329023.910
  ARIMA(2,0,4)(2,1,1)[24] : bic=329316.432
  ARIMA(2,0,5)(2,1,2)[24] : bic=330015.903
  ARIMA(2,0,5)(2,1,0)[24] : bic=338708.912
