  ARIMA(0,0,0)(0,1,0)[24] : hqic=391085.243
  ARIMA(2,0,2)(0,1,0)[24] : hqic=352630.780
  ARIMA(1,0,0)(0,1,0)[24] : hqic=353721.780
  ARIMA(0,0,1)(0,1,0)[24] : hqic=369905.019
  ARIMA(0,0,0)(1,1,0)[24] : hqic=388468.522
  ARIMA(0,0,0)(0,1,1)[24] : hqic=384406.738
  ARIMA(1,0,0)(1,1,0)[24] : hqic=344216.263
  ARIMA(0,0,1)(0,1,1)[24] : hqic=356132.923
  ARIMA(2,0,0)(1,1,0)[24] : hqic=343312.483
  ARIMA(1,0,1)(1,1,0)[24] : hqic=343245.501
  ARIMA(1,0,0)(2,1,0)[24] : hqic=339780.034
  ARIMA(1,0,0)(1,1,1)[24] : hqic=330295.030
  ARIMA(2,0,1)(1,1,0)[24] : hqic=343236.984
  ARIMA(2,0,0)(1,1,1)[24] : hqic=329274.239
  ARIMA(0,0,0)(1,1,1)[24] : hqic=382601.030
  ARIMA(1,0,1)(1,1,1)[24] : hqic=329173.457
  ARIMA(1,0,0)(2,1,1)[24] : hqic=330286.260
  ARIMA(1,0,0)(0,1,1)[24] : hqic=330471.063
  ARIMA(1,0,0)(1,1,2)[24] : hqic=330289.909
  ARIMA(2,0,1)(1,1,1)[24] : hqic=328936.627
  ARIMA(3,0,1)(1,1,1)[24] : hqic=328640.851
  ARIMA(2,0,2)(1,1,1)[24] : hqic=328650.193
  ARIMA(2,0,1)(2,1,1)[24] : hqic=328915.886
  ARIMA(2,0,1)(0,1,1)[24] : hqic=329126.771
  ARIMA(2,0,1)(1,1,2)[24] : hqic=328923.430
  ARIMA(3,0,2)(1,1,1)[24] : hqic=328645.470
  ARIMA(4,0,1)(1,1,1)[24] : hqic=328645.421
  ARIMA(3,0,0)(1,1,1)[24] : hqic=329180.948
  ARIMA(3,0,1)(2,1,1)[24] : hqic=328616.941
  ARIMA(3,0,1)(0,1,1)[24] : hqic=328848.780
  ARIMA(3,0,1)(1,1,2)[24] : hqic=328624.671
  ARIMA(3,0,1)(1,1,0)[24] : hqic=343172.941
  ARIMA(4,0,2)(1,1,1)[24] : hqic=328635.019
  ARIMA(4,0,1)(2,1,1)[24] : hqic=328621.520
  ARIMA(3,0,2)(2,1,1)[24] : hqic=328621.565
  ARIMA(3,0,0)(2,1,1)[24] : hqic=329165.152
  ARIMA(3,0,1)(2,1,2)[24] : hqic=328598.460
  ARIMA(3,0,1)(2,1,0)[24] : hqic=338639.039
  ARIMA(4,0,2)(2,1,1)[24] : hqic=328612.712
  ARIMA(2,0,0)(2,1,1)[24] : hqic=329259.288
  ARIMA(4,0,1)(2,1,2)[24] : hqic=328603.106
  ARIMA(2,0,1)(2,1,2)[24] : hqic=328900.995
  ARIMA(3,0,2)(2,1,2)[24] : hqic=328603.137
  ARIMA(3,0,0)(2,1,2)[24] : hqic=329142.020
  ARIMA(4,0,2)(2,1,2)[24] : hqic=328595.198
  ARIMA(2,0,0)(2,1,2)[24] : hqic=329236.533
  ARIMA(5,0,2)(2,1,2)[24] : hqic=328598.003
  ARIMA(4,0,3)(2,1,2)[24] : hqic=328598.453
  ARIMA(4,0,2)(1,1,2)[24] : hqic=328619.661
  ARIMA(5,0,3)(2,1,2)[24] : hqic=328606.557
