  ARIMA(0,0,0)(0,1,0)[24] : hqic=391089.949
  ARIMA(2,0,2)(0,1,0)[24] : hqic=352635.514
  ARIMA(1,0,0)(0,1,0)[24] : hqic=353726.514
  ARIMA(0,0,1)(0,1,0)[24] : hqic=369909.737
  ARIMA(0,0,0)(1,1,0)[24] : hqic=388473.217
  ARIMA(0,0,0)(0,1,1)[24] : hqic=384411.435
  ARIMA(1,0,0)(1,1,0)[24] : hqic=344220.995
  ARIMA(0,0,1)(0,1,1)[24] : hqic=356136.999
  ARIMA(2,0,0)(1,1,0)[24] : hqic=343317.218
  ARIMA(1,0,1)(1,1,0)[24] : hqic=343250.236
  ARIMA(1,0,0)(2,1,0)[24] : hqic=339784.762
  ARIMA(1,0,0)(1,1,1)[24] : hqic=330299.300
  ARIMA(2,0,1)(1,1,0)[24] : hqic=343241.719
  ARIMA(2,0,0)(1,1,1)[24] : hqic=329278.617
  ARIMA(0,0,0)(1,1,1)[24] : hqic=382596.446
  ARIMA(1,0,1)(1,1,1)[24] : hqic=329177.862
  ARIMA(1,0,0)(2,1,1)[24] : hqic=330290.543
  ARIMA(1,0,0)(0,1,1)[24] : hqic=330475.413
  ARIMA(1,0,0)(1,1,2)[24] : hqic=330294.240
  ARIMA(2,0,1)(1,1,1)[24] : hqic=328942.264
  ARIMA(3,0,1)(1,1,1)[24] : hqic=328645.740
  ARIMA(2,0,2)(1,1,1)[24] : hqic=328706.906
  ARIMA(2,0,1)(2,1,1)[24] : hqic=328921.759
  ARIMA(2,0,1)(0,1,1)[24] : hqic=329134.119
  ARIMA(2,0,1)(1,1,2)[24] : hqic=328928.011
  ARIMA(3,0,2)(1,1,1)[24] : hqic=328676.887
  ARIMA(4,0,1)(1,1,1)[24] : hqic=328650.251
  ARIMA(3,0,0)(1,1,1)[24] : hqic=329185.353
  ARIMA(3,0,1)(2,1,1)[24] : hqic=328621.545
  ARIMA(3,0,1)(0,1,1)[24] : hqic=328853.654
  ARIMA(3,0,1)(1,1,2)[24] : hqic=328629.377
  ARIMA(3,0,1)(1,1,0)[24] : hqic=343177.676
  ARIMA(4,0,2)(1,1,1)[24] : hqic=328639.705
  ARIMA(4,0,1)(2,1,1)[24] : hqic=328626.133
  ARIMA(3,0,2)(2,1,1)[24] : hqic=328626.300
  ARIMA(3,0,0)(2,1,1)[24] : hqic=329169.574
  ARIMA(3,0,1)(2,1,2)[24] : hqic=328608.809
  ARIMA(3,0,1)(2,1,0)[24] : hqic=338643.773
  ARIMA(4,0,2)(2,1,1)[24] : hqic=328617.412
  ARIMA(2,0,0)(2,1,1)[24] : hqic=329263.681
  ARIMA(4,0,1)(2,1,2)[24] : hqic=328617.456
  ARIMA(2,0,1)(2,1,2)[24] : hqic=328929.840
  ARIMA(3,0,2)(2,1,2)[24] : hqic=328656.308
  ARIMA(3,0,0)(2,1,2)[24] : hqic=329146.473
  ARIMA(4,0,2)(2,1,2)[24] : hqic=328627.306
  ARIMA(2,0,0)(2,1,2)[24] : hqic=329240.959
