  ARIMA(0,0,0)(0,1,0)[24] : hqic=391089.898
  ARIMA(2,0,2)(0,1,0)[24] : hqic=352656.377
  ARIMA(1,0,0)(0,1,0)[24] : hqic=353726.507
  ARIMA(0,0,1)(0,1,0)[24] : hqic=369909.702
  ARIMA(0,0,0)(1,1,0)[24] : hqic=388473.100
  ARIMA(0,0,0)(0,1,1)[24] : hqic=385280.470
  ARIMA(1,0,0)(1,1,0)[24] : hqic=344220.979
  ARIMA(0,0,1)(0,1,1)[24] : hqic=356135.098
  ARIMA(2,0,0)(1,1,0)[24] : hqic=343317.206
  ARIMA(1,0,1)(1,1,0)[24] : hqic=344077.087
  ARIMA(1,0,0)(2,1,0)[24] : hqic=339784.738
  ARIMA(1,0,0)(1,1,1)[24] : hqic=333195.154
  ARIMA(2,0,1)(1,1,0)[24] : hqic=343358.166
  ARIMA(2,0,0)(1,1,1)[24] : hqic=332280.058
  ARIMA(0,0,0)(1,1,1)[24] : hqic=382831.853
  ARIMA(1,0,1)(1,1,1)[24] : hqic=331691.997
  ARIMA(1,0,0)(2,1,1)[24] : hqic=331475.705
  ARIMA(1,0,0)(0,1,1)[24] : hqic=330521.063
  ARIMA(1,0,0)(1,1,2)[24] : hqic=330805.155
  ARIMA(2,0,1)(1,1,1)[24] : hqic=332184.609
  ARIMA(2,0,0)(0,1,1)[24] : hqic=330182.926
  ARIMA(1,0,1)(0,1,1)[24] : hqic=332942.812
  ARIMA(1,0,0)(0,1,2)[24] : hqic=330948.645
  ARIMA(2,0,1)(0,1,1)[24] : hqic=333081.391
  ARIMA(3,0,0)(0,1,1)[24] : hqic=330501.584
  ARIMA(2,0,0)(0,1,2)[24] : hqic=329792.829
  ARIMA(2,0,0)(0,1,0)[24] : hqic=352730.182
  ARIMA(3,0,1)(0,1,1)[24] : hqic=333001.667
  ARIMA(3,0,0)(0,1,2)[24] : hqic=329665.337
  ARIMA(2,0,1)(0,1,2)[24] : hqic=329862.456
  ARIMA(2,0,0)(1,1,2)[24] : hqic=329696.405
  ARIMA(3,0,1)(0,1,2)[24] : hqic=329762.402
  ARIMA(4,0,0)(0,1,2)[24] : hqic=329633.435
  ARIMA(3,0,0)(1,1,2)[24] : hqic=329588.060
  ARIMA(4,0,1)(0,1,2)[24] : hqic=329728.847
  ARIMA(4,0,0)(1,1,2)[24] : hqic=329565.972
  ARIMA(3,0,1)(1,1,2)[24] : hqic=329681.912
  ARIMA(3,0,0)(2,1,2)[24] : hqic=329930.390
  ARIMA(3,0,0)(1,1,1)[24] : hqic=332231.852
  ARIMA(4,0,1)(1,1,2)[24] : hqic=329659.030
  ARIMA(5,0,0)(1,1,2)[24] : hqic=329552.167
  ARIMA(4,0,0)(2,1,2)[24] : hqic=329912.239
  ARIMA(4,0,0)(1,1,1)[24] : hqic=332238.245
  ARIMA(5,0,1)(1,1,2)[24] : hqic=329644.835
  ARIMA(5,0,0)(2,1,2)[24] : hqic=329897.479
  ARIMA(5,0,0)(0,1,2)[24] : hqic=329611.901
  ARIMA(5,0,0)(1,1,1)[24] : hqic=332238.524
