  ARIMA(0,0,0)(0,1,0)[24] : hqic=391094.492
  ARIMA(2,0,2)(0,1,0)[24] : hqic=352660.586
  ARIMA(1,0,0)(0,1,0)[24] : hqic=353731.176
  ARIMA(0,0,1)(0,1,0)[24] : hqic=369914.344
  ARIMA(0,0,0)(1,1,0)[24] : hqic=388477.644
  ARIMA(0,0,0)(0,1,1)[24] : hqic=384565.596
  ARIMA(1,0,0)(1,1,0)[24] : hqic=344225.613
  ARIMA(0,0,1)(0,1,1)[24] : hqic=356136.040
  ARIMA(2,0,0)(1,1,0)[24] : hqic=343321.856
  ARIMA(1,0,1)(1,1,0)[24] : hqic=343254.867
  ARIMA(1,0,0)(2,1,0)[24] : hqic=339789.329
  ARIMA(1,0,0)(1,1,1)[24] : hqic=330291.614
  ARIMA(2,0,1)(1,1,0)[24] : hqic=343246.345
  ARIMA(2,0,0)(1,1,1)[24] : hqic=329273.204
  ARIMA(0,0,0)(1,1,1)[24] : hqic=382754.399
  ARIMA(1,0,1)(1,1,1)[24] : hqic=329173.075
  ARIMA(1,0,0)(2,1,1)[24] : hqic=330283.427
  ARIMA(1,0,0)(0,1,1)[24] : hqic=330470.005
  ARIMA(1,0,0)(1,1,2)[24] : hqic=330287.813
  ARIMA(2,0,1)(1,1,1)[24] : hqic=329584.684
  ARIMA(0,0,1)(1,1,1)[24] : hqic=354254.564
  ARIMA(1,0,2)(1,1,1)[24] : hqic=329140.397
  ARIMA(1,0,1)(2,1,1)[24] : hqic=329157.313
  ARIMA(1,0,1)(0,1,1)[24] : hqic=329395.315
  ARIMA(1,0,1)(1,1,2)[24] : hqic=329163.312
  ARIMA(2,0,2)(1,1,1)[24] : hqic=329463.427
  ARIMA(0,0,2)(1,1,1)[24] : hqic=343805.334
  ARIMA(1,0,3)(1,1,1)[24] : hqic=329108.299
  ARIMA(1,0,2)(2,1,1)[24] : hqic=329124.213
  ARIMA(1,0,2)(0,1,1)[24] : hqic=329364.549
  ARIMA(1,0,2)(1,1,2)[24] : hqic=329130.014
  ARIMA(1,0,2)(1,1,0)[24] : hqic=343247.927
  ARIMA(2,0,3)(1,1,1)[24] : hqic=329409.967
  ARIMA(0,0,3)(1,1,1)[24] : hqic=338563.144
  ARIMA(1,0,4)(1,1,1)[24] : hqic=329062.334
  ARIMA(1,0,3)(2,1,1)[24] : hqic=329091.224
  ARIMA(1,0,3)(0,1,1)[24] : hqic=329336.322
  ARIMA(1,0,3)(1,1,2)[24] : hqic=329096.678
  ARIMA(1,0,3)(1,1,0)[24] : hqic=343248.834
  ARIMA(2,0,4)(1,1,1)[24] : hqic=329348.826
  ARIMA(0,0,4)(1,1,1)[24] : hqic=335523.213
  ARIMA(1,0,5)(1,1,1)[24] : hqic=328965.857
  ARIMA(1,0,4)(2,1,1)[24] : hqic=329044.985
  ARIMA(1,0,4)(0,1,1)[24] : hqic=329289.925
  ARIMA(1,0,4)(1,1,2)[24] : hqic=329049.463
  ARIMA(1,0,4)(1,1,0)[24] : hqic=343247.375
  ARIMA(2,0,5)(1,1,1)[24] : hqic=329298.325
  ARIMA(0,0,5)(1,1,1)[24] : hqic=333844.004
  ARIMA(1,0,5)(2,1,1)[24] : hqic=328944.326
  ARIMA(1,0,5)(0,1,1)[24] : hqic=329184.000
  ARIMA(1,0,5)(1,1,2)[24] : hqic=328944.771
  ARIMA(1,0,5)(1,1,0)[24] : hqic=343247.306
  ARIMA(2,0,5)(2,1,1)[24] : hqic=328616.616
  ARIMA(0,0,5)(2,1,1)[24] : hqic=333820.774
  ARIMA(1,0,5)(2,1,2)[24] : hqic=328973.205
  ARIMA(1,0,5)(2,1,0)[24] : hqic=338783.084
  ARIMA(0,0,4)(2,1,1)[24] : hqic=335492.730
  ARIMA(3,0,5)(2,1,1)[24] : hqic=328940.620
  ARIMA(2,0,4)(2,1,1)[24] : hqic=329245.041
  ARIMA(2,0,5)(2,1,2)[24] : hqic=329932.614
  ARIMA(2,0,5)(2,1,0)[24] : hqic=338637.521
