  ARIMA(0,0,0)(0,1,0)[24] : aic=391082.505
  ARIMA(0,0,0)(0,1,1)[24] : aic=384401.262
  ARIMA(0,0,0)(0,1,2)[24] : aic=382361.117
  ARIMA(0,0,0)(1,1,0)[24] : aic=388463.046
  ARIMA(0,0,0)(1,1,1)[24] : aic=382592.815
  ARIMA(0,0,0)(1,1,2)[24] : aic=382219.046
  ARIMA(0,0,0)(2,1,0)[24] : aic=385432.678
  ARIMA(0,0,0)(2,1,1)[24] : aic=381955.369
  ARIMA(0,0,0)(2,1,2)[24] : aic=380932.048
  ARIMA(0,0,1)(0,1,0)[24] : aic=369899.543
  ARIMA(0,0,1)(0,1,1)[24] : aic=356124.708
  ARIMA(0,0,1)(0,1,2)[24] : aic=354116.879
  ARIMA(0,0,1)(1,1,0)[24] : aic=364862.577
  ARIMA(0,0,1)(1,1,1)[24] : aic=354245.135
  ARIMA(0,0,1)(1,1,2)[24] : aic=354115.588
  ARIMA(0,0,1)(2,1,0)[24] : aic=361596.343
  ARIMA(0,0,1)(2,1,1)[24] : aic=354063.587
  ARIMA(0,0,1)(2,1,2)[24] : aic=353758.289
  ARIMA(0,0,2)(0,1,0)[24] : aic=361679.645
  ARIMA(0,0,2)(0,1,1)[24] : aic=344885.278
  ARIMA(0,0,2)(0,1,2)[24] : aic=343728.638
  ARIMA(0,0,2)(1,1,0)[24] : aic=355217.292
  ARIMA(0,0,2)(1,1,1)[24] : aic=343791.863
  ARIMA(0,0,2)(1,1,2)[24] : aic=343730.388
  ARIMA(0,0,2)(2,1,0)[24] : aic=351603.191
  ARIMA(0,0,2)(2,1,1)[24] : aic=343706.641
  ARIMA(0,0,2)(2,1,2)[24] : aic=343533.845
  ARIMA(0,0,3)(0,1,0)[24] : aic=357919.604
  ARIMA(0,0,3)(0,1,1)[24] : aic=339267.531
  ARIMA(0,0,3)(0,1,2)[24] : aic=338515.985
  ARIMA(0,0,3)(1,1,0)[24] : aic=350469.127
  ARIMA(0,0,3)(1,1,1)[24] : aic=338545.903
  ARIMA(0,0,3)(1,1,2)[24] : aic=338517.732
  ARIMA(0,0,3)(2,1,0)[24] : aic=346765.631
  ARIMA(0,0,3)(2,1,1)[24] : aic=338503.190
  ARIMA(0,0,3)(2,1,2)[24] : aic=338380.391
  ARIMA(0,0,4)(0,1,0)[24] : aic=355940.676
  ARIMA(0,0,4)(0,1,1)[24] : aic=336017.715
  ARIMA(0,0,4)(0,1,2)[24] : aic=335479.857
  ARIMA(0,0,4)(1,1,0)[24] : aic=347896.482
  ARIMA(0,0,4)(1,1,1)[24] : aic=335502.400
  ARIMA(0,0,4)(1,1,2)[24] : aic=335479.625
  ARIMA(0,0,4)(2,1,0)[24] : aic=343952.472
  ARIMA(0,0,4)(2,1,1)[24] : aic=335468.696
  ARIMA(0,0,4)(2,1,2)[24] : aic=335490.457
  ARIMA(0,0,5)(0,1,0)[24] : aic=354906.544
  ARIMA(0,0,5)(0,1,1)[24] : aic=334224.924
  ARIMA(0,0,5)(0,1,2)[24] : aic=333803.026
  ARIMA(0,0,5)(1,1,0)[24] : aic=346490.058
  ARIMA(0,0,5)(1,1,1)[24] : aic=333819.777
  ARIMA(0,0,5)(1,1,2)[24] : aic=333802.180
  ARIMA(0,0,5)(2,1,0)[24] : aic=342435.914
  ARIMA(0,0,5)(2,1,1)[24] : aic=333793.398
  ARIMA(0,0,5)(2,1,2)[24] : aic=333811.166
  ARIMA(1,0,0)(0,1,0)[24] : aic=353716.304
  ARIMA(1,0,0)(0,1,1)[24] : aic=330462.849
  ARIMA(1,0,0)(0,1,2)[24] : aic=330278.233
  ARIMA(1,0,0)(1,1,0)[24] : aic=344208.048
  ARIMA(1,0,0)(1,1,1)[24] : aic=330284.078
  ARIMA(1,0,0)(1,1,2)[24] : aic=330276.218
  ARIMA(1,0,0)(2,1,0)[24] : aic=339769.081
  ARIMA(1,0,0)(2,1,1)[24] : aic=330272.569
  ARIMA(1,0,0)(2,1,2)[24] : aic=330251.771
  ARIMA(1,0,1)(0,1,0)[24] : aic=352639.161
  ARIMA(1,0,1)(0,1,1)[24] : aic=329382.929
  ARIMA(1,0,1)(0,1,2)[24] : aic=329150.716
  ARIMA(1,0,1)(1,1,0)[24] : aic=343234.549
  ARIMA(1,0,1)(1,1,1)[24] : aic=329159.767
  ARIMA(1,0,1)(1,1,2)[24] : aic=329147.013
  ARIMA(1,0,1)(2,1,0)[24] : aic=338795.147
  ARIMA(1,0,1)(2,1,1)[24] : aic=329140.825
  ARIMA(1,0,1)(2,1,2)[24] : aic=329114.730
  ARIMA(1,0,2)(0,1,0)[24] : aic=352632.054
  ARIMA(1,0,2)(0,1,1)[24] : aic=329348.895
  ARIMA(1,0,2)(0,1,2)[24] : aic=329114.368
  ARIMA(1,0,2)(1,1,0)[24] : aic=343224.869
  ARIMA(1,0,2)(1,1,1)[24] : aic=329123.580
  ARIMA(1,0,2)(1,1,2)[24] : aic=329110.528
  ARIMA(1,0,2)(2,1,0)[24] : aic=338781.240
  ARIMA(1,0,2)(2,1,1)[24] : aic=329104.297
  ARIMA(1,0,2)(2,1,2)[24] : aic=329078.538
  ARIMA(1,0,3)(0,1,0)[24] : aic=352627.785
  ARIMA(1,0,3)(0,1,1)[24] : aic=329317.256
  ARIMA(1,0,3)(0,1,2)[24] : aic=329078.076
  ARIMA(1,0,3)(1,1,0)[24] : aic=343223.038
  ARIMA(1,0,3)(1,1,1)[24] : aic=329087.657
  ARIMA(1,0,3)(1,1,2)[24] : aic=329073.896
  ARIMA(1,0,3)(2,1,0)[24] : aic=338774.325
  ARIMA(1,0,3)(2,1,1)[24] : aic=329067.598
  ARIMA(1,0,3)(2,1,2)[24] : aic=329042.424
  ARIMA(1,0,4)(0,1,0)[24] : aic=352629.577
  ARIMA(1,0,4)(0,1,1)[24] : aic=329266.317
  ARIMA(1,0,4)(0,1,2)[24] : aic=329026.578
  ARIMA(1,0,4)(1,1,0)[24] : aic=343218.840
  ARIMA(1,0,4)(1,1,1)[24] : aic=329036.143
  ARIMA(1,0,4)(1,1,2)[24] : aic=329022.427
  ARIMA(1,0,4)(2,1,0)[24] : aic=338769.182
  ARIMA(1,0,4)(2,1,1)[24] : aic=329016.118
  ARIMA(1,0,4)(2,1,2)[24] : aic=328991.693
  ARIMA(1,0,5)(0,1,0)[24] : aic=352631.014
  ARIMA(1,0,5)(0,1,1)[24] : aic=329147.665
  ARIMA(1,0,5)(0,1,2)[24] : aic=328913.305
  ARIMA(1,0,5)(1,1,0)[24] : aic=343216.032
  ARIMA(1,0,5)(1,1,1)[24] : aic=328923.471
  ARIMA(1,0,5)(1,1,2)[24] : aic=328907.231
  ARIMA(1,0,5)(2,1,0)[24] : aic=338749.121
  ARIMA(1,0,5)(2,1,1)[24] : aic=328900.483
  ARIMA(1,0,5)(2,1,2)[24] : aic=328878.067
  ARIMA(2,0,0)(0,1,0)[24] : aic=352717.238
  ARIMA(2,0,0)(0,1,1)[24] : aic=329476.527
  ARIMA(2,0,0)(0,1,2)[24] : aic=329252.058
  ARIMA(2,0,0)(1,1,0)[24] : aic=343301.531
  ARIMA(2,0,0)(1,1,1)[24] : aic=329260.549
  ARIMA(2,0,0)(1,1,2)[24] : aic=329248.641
  ARIMA(2,0,0)(2,1,0)[24] : aic=338865.114
  ARIMA(2,0,0)(2,1,1)[24] : aic=329242.859
  ARIMA(2,0,0)(2,1,2)[24] : aic=329217.366
  ARIMA(2,0,1)(0,1,0)[24] : aic=352630.713
  ARIMA(2,0,1)(0,1,1)[24] : aic=329113.080
  ARIMA(2,0,1)(0,1,2)[24] : aic=328911.074
  ARIMA(2,0,1)(1,1,0)[24] : aic=343223.294
  ARIMA(2,0,1)(1,1,1)[24] : aic=328920.198
  ARIMA(2,0,1)(1,1,2)[24] : aic=328904.263
  ARIMA(2,0,1)(2,1,0)[24] : aic=338777.737
  ARIMA(2,0,1)(2,1,1)[24] : aic=328896.719
  ARIMA(2,0,1)(2,1,2)[24] : aic=328879.090
  ARIMA(2,0,2)(0,1,0)[24] : aic=352617.089
  ARIMA(2,0,2)(0,1,1)[24] : aic=328842.598
  ARIMA(2,0,2)(0,1,2)[24] : aic=328620.512
  ARIMA(2,0,2)(1,1,0)[24] : aic=343154.209
  ARIMA(2,0,2)(1,1,1)[24] : aic=328631.026
  ARIMA(2,0,2)(1,1,2)[24] : aic=328612.188
  ARIMA(2,0,2)(2,1,0)[24] : aic=338623.376
  ARIMA(2,0,2)(2,1,1)[24] : aic=328604.461
  ARIMA(2,0,2)(2,1,2)[24] : aic=328583.051
  ARIMA(2,0,3)(0,1,0)[24] : aic=352630.403
  ARIMA(2,0,3)(0,1,1)[24] : aic=328829.352
  ARIMA(2,0,3)(0,1,2)[24] : aic=328609.797
  ARIMA(2,0,3)(1,1,0)[24] : aic=343154.195
  ARIMA(2,0,3)(1,1,1)[24] : aic=328620.219
  ARIMA(2,0,3)(1,1,2)[24] : aic=328601.331
  ARIMA(2,0,3)(2,1,0)[24] : aic=338779.680
  ARIMA(2,0,3)(2,1,1)[24] : aic=328593.612
  ARIMA(2,0,3)(2,1,2)[24] : aic=328572.570
  ARIMA(2,0,4)(0,1,0)[24] : aic=352631.721
  ARIMA(2,0,4)(0,1,1)[24] : aic=328813.389
  ARIMA(2,0,4)(0,1,2)[24] : aic=328598.361
  ARIMA(2,0,4)(1,1,0)[24] : aic=343223.169
  ARIMA(2,0,4)(1,1,1)[24] : aic=328608.550
  ARIMA(2,0,4)(1,1,2)[24] : aic=328589.917
  ARIMA(2,0,4)(2,1,0)[24] : aic=338775.924
  ARIMA(2,0,4)(2,1,1)[24] : aic=328582.229
  ARIMA(2,0,4)(2,1,2)[24] : aic=328561.418
  ARIMA(2,0,5)(0,1,0)[24] : aic=352632.975
  ARIMA(2,0,5)(0,1,1)[24] : aic=328801.065
  ARIMA(2,0,5)(0,1,2)[24] : aic=328587.649
  ARIMA(2,0,5)(1,1,0)[24] : aic=343146.826
  ARIMA(2,0,5)(1,1,1)[24] : aic=328597.892
  ARIMA(2,0,5)(1,1,2)[24] : aic=328578.767
  ARIMA(2,0,5)(2,1,0)[24] : aic=338599.827
  ARIMA(2,0,5)(2,1,1)[24] : aic=328571.035
  ARIMA(2,0,5)(2,1,2)[24] : aic=328550.399
  ARIMA(3,0,0)(0,1,0)[24] : aic=352649.560
  ARIMA(3,0,0)(0,1,1)[24] : aic=329385.392
  ARIMA(3,0,0)(0,1,2)[24] : aic=329155.655
  ARIMA(3,0,0)(1,1,0)[24] : aic=343236.727
  ARIMA(3,0,0)(1,1,1)[24] : aic=329164.519
  ARIMA(3,0,0)(1,1,2)[24] : aic=329152.072
  ARIMA(3,0,0)(2,1,0)[24] : aic=338798.144
  ARIMA(3,0,0)(2,1,1)[24] : aic=329145.985
  ARIMA(3,0,0)(2,1,2)[24] : aic=329120.115
  ARIMA(3,0,1)(0,1,0)[24] : aic=352623.706
  ARIMA(3,0,1)(0,1,1)[24] : aic=328832.352
  ARIMA(3,0,1)(0,1,2)[24] : aic=328611.196
  ARIMA(3,0,1)(1,1,0)[24] : aic=343156.512
  ARIMA(3,0,1)(1,1,1)[24] : aic=328621.684
  ARIMA(3,0,1)(1,1,2)[24] : aic=328602.766
  ARIMA(3,0,1)(2,1,0)[24] : aic=338619.872
  ARIMA(3,0,1)(2,1,1)[24] : aic=328595.036
  ARIMA(3,0,1)(2,1,2)[24] : aic=328573.817
  ARIMA(3,0,2)(0,1,0)[24] : aic=352629.918
  ARIMA(3,0,2)(0,1,1)[24] : aic=328833.871
  ARIMA(3,0,2)(0,1,2)[24] : aic=328613.088
  ARIMA(3,0,2)(1,1,0)[24] : aic=343225.773
  ARIMA(3,0,2)(1,1,1)[24] : aic=328623.565
  ARIMA(3,0,2)(1,1,2)[24] : aic=328604.672
  ARIMA(3,0,2)(2,1,0)[24] : aic=338621.007
  ARIMA(3,0,2)(2,1,1)[24] : aic=328596.921
  ARIMA(3,0,2)(2,1,2)[24] : aic=328575.756
  ARIMA(3,0,3)(0,1,0)[24] : aic=351391.387
  ARIMA(3,0,3)(0,1,1)[24] : aic=328844.613
  ARIMA(3,0,3)(0,1,2)[24] : aic=328614.229
  ARIMA(3,0,3)(1,1,0)[24] : aic=342488.098
  ARIMA(3,0,3)(1,1,1)[24] : aic=328625.005
  ARIMA(3,0,3)(1,1,2)[24] : aic=328606.937
  ARIMA(3,0,3)(2,1,0)[24] : aic=338235.239
  ARIMA(3,0,3)(2,1,1)[24] : aic=328600.024
  ARIMA(3,0,3)(2,1,2)[24] : aic=328579.522
  ARIMA(3,0,4)(0,1,0)[24] : aic=352634.062
  ARIMA(3,0,4)(0,1,1)[24] : aic=328826.622
  ARIMA(3,0,4)(0,1,2)[24] : aic=328596.553
  ARIMA(3,0,4)(1,1,0)[24] : aic=342484.238
  ARIMA(3,0,4)(1,1,1)[24] : aic=328606.970
  ARIMA(3,0,4)(1,1,2)[24] : aic=328589.085
  ARIMA(3,0,4)(2,1,0)[24] : aic=338219.188
  ARIMA(3,0,4)(2,1,1)[24] : aic=328582.340
  ARIMA(3,0,4)(2,1,2)[24] : aic=328561.794
  ARIMA(3,0,5)(0,1,0)[24] : aic=352634.648
  ARIMA(3,0,5)(0,1,1)[24] : aic=328815.316
  ARIMA(3,0,5)(0,1,2)[24] : aic=328590.928
  ARIMA(3,0,5)(1,1,0)[24] : aic=343221.440
  ARIMA(3,0,5)(1,1,1)[24] : aic=328602.663
  ARIMA(3,0,5)(1,1,2)[24] : aic=328584.248
  ARIMA(3,0,5)(2,1,0)[24] : aic=338219.657
  ARIMA(3,0,5)(2,1,1)[24] : aic=328577.106
  ARIMA(3,0,5)(2,1,2)[24] : aic=328556.698
  ARIMA(4,0,0)(0,1,0)[24] : aic=352631.677
  ARIMA(4,0,0)(0,1,1)[24] : aic=329354.780
  ARIMA(4,0,0)(0,1,2)[24] : aic=329119.888
  ARIMA(4,0,0)(1,1,0)[24] : aic=343229.212
  ARIMA(4,0,0)(1,1,1)[24] : aic=329129.167
  ARIMA(4,0,0)(1,1,2)[24] : aic=329115.876
  ARIMA(4,0,0)(2,1,0)[24] : aic=338783.448
  ARIMA(4,0,0)(2,1,1)[24] : aic=329109.717
  ARIMA(4,0,0)(2,1,2)[24] : aic=329084.097
  ARIMA(4,0,1)(0,1,0)[24] : aic=352619.538
  ARIMA(4,0,1)(0,1,1)[24] : aic=328833.638
  ARIMA(4,0,1)(0,1,2)[24] : aic=328613.045
  ARIMA(4,0,1)(1,1,0)[24] : aic=343153.595
  ARIMA(4,0,1)(1,1,1)[24] : aic=328623.516
  ARIMA(4,0,1)(1,1,2)[24] : aic=328604.600
  ARIMA(4,0,1)(2,1,0)[24] : aic=338620.749
  ARIMA(4,0,1)(2,1,1)[24] : aic=328596.877
  ARIMA(4,0,1)(2,1,2)[24] : aic=328575.725
  ARIMA(4,0,2)(0,1,0)[24] : aic=351463.511
  ARIMA(4,0,2)(0,1,1)[24] : aic=328831.621
  ARIMA(4,0,2)(0,1,2)[24] : aic=328599.843
  ARIMA(4,0,2)(1,1,0)[24] : aic=342554.563
  ARIMA(4,0,2)(1,1,1)[24] : aic=328610.376
  ARIMA(4,0,2)(1,1,2)[24] : aic=328592.279
  ARIMA(4,0,2)(2,1,0)[24] : aic=338219.847
  ARIMA(4,0,2)(2,1,1)[24] : aic=328585.331
  ARIMA(4,0,2)(2,1,2)[24] : aic=328565.078
  ARIMA(4,0,3)(0,1,0)[24] : aic=352634.030
  ARIMA(4,0,3)(0,1,1)[24] : aic=328831.444
  ARIMA(4,0,3)(0,1,2)[24] : aic=328599.985
  ARIMA(4,0,3)(1,1,0)[24] : aic=342480.126
  ARIMA(4,0,3)(1,1,1)[24] : aic=328610.646
  ARIMA(4,0,3)(1,1,2)[24] : aic=328592.517
  ARIMA(4,0,3)(2,1,0)[24] : aic=338221.447
  ARIMA(4,0,3)(2,1,1)[24] : aic=328585.445
  ARIMA(4,0,3)(2,1,2)[24] : aic=328565.596
  ARIMA(4,0,4)(0,1,0)[24] : aic=352635.970
  ARIMA(4,0,4)(0,1,1)[24] : aic=328420.772
  ARIMA(4,0,4)(0,1,2)[24] : aic=328594.543
  ARIMA(4,0,4)(1,1,0)[24] : aic=341775.436
  ARIMA(4,0,4)(1,1,1)[24] : aic=328604.488
  ARIMA(4,0,4)(1,1,2)[24] : aic=328594.228
  ARIMA(4,0,4)(2,1,0)[24] : aic=337890.096
  ARIMA(4,0,4)(2,1,1)[24] : aic=328585.803
  ARIMA(4,0,4)(2,1,2)[24] : aic=328569.466
  ARIMA(4,0,5)(0,1,0)[24] : aic=352636.905
  ARIMA(4,0,5)(0,1,1)[24] : aic=328836.117
  ARIMA(4,0,5)(0,1,2)[24] : aic=328600.844
  ARIMA(4,0,5)(1,1,0)[24] : aic=342185.713
  ARIMA(4,0,5)(1,1,1)[24] : aic=328627.899
  ARIMA(4,0,5)(1,1,2)[24] : aic=328608.609
  ARIMA(4,0,5)(2,1,0)[24] : aic=338569.514
  ARIMA(4,0,5)(2,1,1)[24] : aic=328601.016
  ARIMA(4,0,5)(2,1,2)[24] : aic=328562.221
  ARIMA(5,0,0)(0,1,0)[24] : aic=352630.731
  ARIMA(5,0,0)(0,1,1)[24] : aic=329330.779
  ARIMA(5,0,0)(0,1,2)[24] : aic=329094.613
  ARIMA(5,0,0)(1,1,0)[24] : aic=343224.366
  ARIMA(5,0,0)(1,1,1)[24] : aic=329103.834
  ARIMA(5,0,0)(1,1,2)[24] : aic=329090.829
  ARIMA(5,0,0)(2,1,0)[24] : aic=338780.077
  ARIMA(5,0,0)(2,1,1)[24] : aic=329084.702
  ARIMA(5,0,0)(2,1,2)[24] : aic=329059.230
  ARIMA(5,0,1)(0,1,0)[24] : aic=352632.731
  ARIMA(5,0,1)(0,1,1)[24] : aic=328817.312
  ARIMA(5,0,1)(0,1,2)[24] : aic=328602.306
  ARIMA(5,0,1)(1,1,0)[24] : aic=343151.688
  ARIMA(5,0,1)(1,1,1)[24] : aic=328612.476
  ARIMA(5,0,1)(1,1,2)[24] : aic=328593.939
  ARIMA(5,0,1)(2,1,0)[24] : aic=338616.412
  ARIMA(5,0,1)(2,1,1)[24] : aic=328586.272
  ARIMA(5,0,1)(2,1,2)[24] : aic=328565.519
  ARIMA(5,0,2)(0,1,0)[24] : aic=352634.730
  ARIMA(5,0,2)(0,1,1)[24] : aic=328830.617
  ARIMA(5,0,2)(0,1,2)[24] : aic=328599.584
  ARIMA(5,0,2)(1,1,0)[24] : aic=342512.796
  ARIMA(5,0,2)(1,1,1)[24] : aic=328610.233
  ARIMA(5,0,2)(1,1,2)[24] : aic=328592.103
  ARIMA(5,0,2)(2,1,0)[24] : aic=338318.400
  ARIMA(5,0,2)(2,1,1)[24] : aic=328585.128
  ARIMA(5,0,2)(2,1,2)[24] : aic=328565.146
  ARIMA(5,0,3)(0,1,0)[24] : aic=350772.394
  ARIMA(5,0,3)(0,1,1)[24] : aic=328839.785
  ARIMA(5,0,3)(0,1,2)[24] : aic=328600.799
  ARIMA(5,0,3)(1,1,0)[24] : aic=343163.067
  ARIMA(5,0,3)(1,1,1)[24] : aic=328629.365
  ARIMA(5,0,3)(1,1,2)[24] : aic=328593.193
  ARIMA(5,0,3)(2,1,0)[24] : aic=337873.240
  ARIMA(5,0,3)(2,1,1)[24] : aic=328602.896
  ARIMA(5,0,3)(2,1,2)[24] : aic=328570.961
  ARIMA(5,0,4)(0,1,0)[24] : aic=350723.536
  ARIMA(5,0,4)(0,1,1)[24] : aic=328386.195
  ARIMA(5,0,4)(0,1,2)[24] : aic=328602.418
  ARIMA(5,0,4)(1,1,0)[24] : aic=341985.563
  ARIMA(5,0,4)(1,1,1)[24] : aic=328613.898
  ARIMA(5,0,4)(1,1,2)[24] : aic=328598.917
  ARIMA(5,0,4)(2,1,0)[24] : aic=337918.561
  ARIMA(5,0,4)(2,1,1)[24] : aic=328586.766
  ARIMA(5,0,4)(2,1,2)[24] : aic=328563.213
  ARIMA(5,0,5)(0,1,0)[24] : aic=350557.290
  ARIMA(5,0,5)(0,1,1)[24] : aic=328845.514
  ARIMA(5,0,5)(0,1,2)[24] : aic=328609.254
  ARIMA(5,0,5)(1,1,0)[24] : aic=341489.306
  ARIMA(5,0,5)(1,1,1)[24] : aic=328620.436
  ARIMA(5,0,5)(1,1,2)[24] : aic=328599.332
  ARIMA(5,0,5)(2,1,0)[24] : aic=337679.414
  ARIMA(5,0,5)(2,1,1)[24] : aic=328592.584
  ARIMA(5,0,5)(2,1,2)[24] : aic=328571.609
