C:\Rust-python-arima\rustima\python\rustima\auto.py:401: UserWarning: near-cancellation detected in fitted ARMA(2,5) parameters (min inverted-root distance < 0.05). Model may be non-identifiable.
  raw_results = rustima.sarimax_grid_search(
C:\Rust-python-arima\rustima\python\rustima\auto.py:401: UserWarning: near-cancellation detected in fitted ARMA(4,5) parameters (min inverted-root distance < 0.05). Model may be non-identifiable.
  raw_results = rustima.sarimax_grid_search(
  ARIMA(0,0,0)(0,1,0)[24] : aic=391084.473
  ARIMA(0,0,0)(0,1,1)[24] : aic=384403.220
  ARIMA(0,0,0)(0,1,2)[24] : aic=382099.400
  ARIMA(0,0,0)(1,1,0)[24] : aic=388465.003
  ARIMA(0,0,0)(1,1,1)[24] : aic=382585.494
  ARIMA(0,0,0)(1,1,2)[24] : aic=382220.921
  ARIMA(0,0,0)(2,1,0)[24] : aic=385434.545
  ARIMA(0,0,0)(2,1,1)[24] : aic=382148.191
  ARIMA(0,0,0)(2,1,2)[24] : aic=381596.101
  ARIMA(0,0,1)(0,1,0)[24] : aic=369901.522
  ARIMA(0,0,1)(0,1,1)[24] : aic=356126.047
  ARIMA(0,0,1)(0,1,2)[24] : aic=354117.857
  ARIMA(0,0,1)(1,1,0)[24] : aic=364864.546
  ARIMA(0,0,1)(1,1,1)[24] : aic=354246.052
  ARIMA(0,0,1)(1,1,2)[24] : aic=354116.549
  ARIMA(0,0,1)(2,1,0)[24] : aic=361598.293
  ARIMA(0,0,1)(2,1,1)[24] : aic=354064.587
  ARIMA(0,0,1)(2,1,2)[24] : aic=353759.597
  ARIMA(0,0,2)(0,1,0)[24] : aic=361681.630
  ARIMA(0,0,2)(0,1,1)[24] : aic=344886.577
  ARIMA(0,0,2)(0,1,2)[24] : aic=343729.661
  ARIMA(0,0,2)(1,1,0)[24] : aic=355219.269
  ARIMA(0,0,2)(1,1,1)[24] : aic=343792.854
  ARIMA(0,0,2)(1,1,2)[24] : aic=343731.415
  ARIMA(0,0,2)(2,1,0)[24] : aic=351605.154
  ARIMA(0,0,2)(2,1,1)[24] : aic=343707.683
  ARIMA(0,0,2)(2,1,2)[24] : aic=343535.117
  ARIMA(0,0,3)(0,1,0)[24] : aic=357921.592
  ARIMA(0,0,3)(0,1,1)[24] : aic=339268.837
  ARIMA(0,0,3)(0,1,2)[24] : aic=338517.073
  ARIMA(0,0,3)(1,1,0)[24] : aic=350471.110
  ARIMA(0,0,3)(1,1,1)[24] : aic=338546.970
  ARIMA(0,0,3)(1,1,2)[24] : aic=338518.824
  ARIMA(0,0,3)(2,1,0)[24] : aic=346767.602
  ARIMA(0,0,3)(2,1,1)[24] : aic=338504.302
  ARIMA(0,0,3)(2,1,2)[24] : aic=338381.677
  ARIMA(0,0,4)(0,1,0)[24] : aic=355942.667
  ARIMA(0,0,4)(0,1,1)[24] : aic=336019.045
  ARIMA(0,0,4)(0,1,2)[24] : aic=335481.008
  ARIMA(0,0,4)(1,1,0)[24] : aic=347898.467
  ARIMA(0,0,4)(1,1,1)[24] : aic=335503.538
  ARIMA(0,0,4)(1,1,2)[24] : aic=335480.785
  ARIMA(0,0,4)(2,1,0)[24] : aic=343954.449
  ARIMA(0,0,4)(2,1,1)[24] : aic=335469.873
  ARIMA(0,0,4)(2,1,2)[24] : aic=335491.610
  ARIMA(0,0,5)(0,1,0)[24] : aic=354908.536
  ARIMA(0,0,5)(0,1,1)[24] : aic=334226.287
  ARIMA(0,0,5)(0,1,2)[24] : aic=333804.237
  ARIMA(0,0,5)(1,1,0)[24] : aic=346492.046
  ARIMA(0,0,5)(1,1,1)[24] : aic=333820.978
  ARIMA(0,0,5)(1,1,2)[24] : aic=333803.400
  ARIMA(0,0,5)(2,1,0)[24] : aic=342437.894
  ARIMA(0,0,5)(2,1,1)[24] : aic=333794.634
  ARIMA(0,0,5)(2,1,2)[24] : aic=333812.380
  ARIMA(1,0,0)(0,1,0)[24] : aic=353718.300
  ARIMA(1,0,0)(0,1,1)[24] : aic=330464.461
  ARIMA(1,0,0)(0,1,2)[24] : aic=330279.765
  ARIMA(1,0,0)(1,1,0)[24] : aic=344210.043
  ARIMA(1,0,0)(1,1,1)[24] : aic=330285.610
  ARIMA(1,0,0)(1,1,2)[24] : aic=330277.811
  ARIMA(1,0,0)(2,1,0)[24] : aic=339771.072
  ARIMA(1,0,0)(2,1,1)[24] : aic=330274.114
  ARIMA(1,0,0)(2,1,2)[24] : aic=330253.354
  ARIMA(1,0,1)(0,1,0)[24] : aic=352641.158
  ARIMA(1,0,1)(0,1,1)[24] : aic=329384.660
  ARIMA(1,0,1)(0,1,2)[24] : aic=329152.387
  ARIMA(1,0,1)(1,1,0)[24] : aic=343236.545
  ARIMA(1,0,1)(1,1,1)[24] : aic=329161.434
  ARIMA(1,0,1)(1,1,2)[24] : aic=329148.677
  ARIMA(1,0,1)(2,1,0)[24] : aic=338797.141
  ARIMA(1,0,1)(2,1,1)[24] : aic=329142.507
  ARIMA(1,0,1)(2,1,2)[24] : aic=329116.253
  ARIMA(1,0,2)(0,1,0)[24] : aic=352634.051
  ARIMA(1,0,2)(0,1,1)[24] : aic=329350.641
  ARIMA(1,0,2)(0,1,2)[24] : aic=329116.054
  ARIMA(1,0,2)(1,1,0)[24] : aic=343226.865
  ARIMA(1,0,2)(1,1,1)[24] : aic=329125.264
  ARIMA(1,0,2)(1,1,2)[24] : aic=329112.233
  ARIMA(1,0,2)(2,1,0)[24] : aic=338783.234
  ARIMA(1,0,2)(2,1,1)[24] : aic=329105.996
  ARIMA(1,0,2)(2,1,2)[24] : aic=329080.267
  ARIMA(1,0,3)(0,1,0)[24] : aic=352629.782
  ARIMA(1,0,3)(0,1,1)[24] : aic=329319.015
  ARIMA(1,0,3)(0,1,2)[24] : aic=329079.784
  ARIMA(1,0,3)(1,1,0)[24] : aic=343225.034
  ARIMA(1,0,3)(1,1,1)[24] : aic=329089.359
  ARIMA(1,0,3)(1,1,2)[24] : aic=329075.606
  ARIMA(1,0,3)(2,1,0)[24] : aic=338776.319
  ARIMA(1,0,3)(2,1,1)[24] : aic=329069.315
  ARIMA(1,0,3)(2,1,2)[24] : aic=329044.160
  ARIMA(1,0,4)(0,1,0)[24] : aic=352631.575
  ARIMA(1,0,4)(0,1,1)[24] : aic=329268.099
  ARIMA(1,0,4)(0,1,2)[24] : aic=329028.310
  ARIMA(1,0,4)(1,1,0)[24] : aic=343220.837
  ARIMA(1,0,4)(1,1,1)[24] : aic=329037.949
  ARIMA(1,0,4)(1,1,2)[24] : aic=329024.165
  ARIMA(1,0,4)(2,1,0)[24] : aic=338771.177
  ARIMA(1,0,4)(2,1,1)[24] : aic=329017.862
  ARIMA(1,0,4)(2,1,2)[24] : aic=328993.461
  ARIMA(1,0,5)(0,1,0)[24] : aic=352633.012
  ARIMA(1,0,5)(0,1,1)[24] : aic=329149.499
  ARIMA(1,0,5)(0,1,2)[24] : aic=328915.097
  ARIMA(1,0,5)(1,1,0)[24] : aic=343218.029
  ARIMA(1,0,5)(1,1,1)[24] : aic=328925.344
  ARIMA(1,0,5)(1,1,2)[24] : aic=328909.028
  ARIMA(1,0,5)(2,1,0)[24] : aic=338751.116
  ARIMA(1,0,5)(2,1,1)[24] : aic=328902.359
  ARIMA(1,0,5)(2,1,2)[24] : aic=328879.888
  ARIMA(2,0,0)(0,1,0)[24] : aic=352719.235
  ARIMA(2,0,0)(0,1,1)[24] : aic=329478.237
  ARIMA(2,0,0)(0,1,2)[24] : aic=329253.697
  ARIMA(2,0,0)(1,1,0)[24] : aic=343303.528
  ARIMA(2,0,0)(1,1,1)[24] : aic=329262.188
  ARIMA(2,0,0)(1,1,2)[24] : aic=329250.289
  ARIMA(2,0,0)(2,1,0)[24] : aic=338867.107
  ARIMA(2,0,0)(2,1,1)[24] : aic=329244.515
  ARIMA(2,0,0)(2,1,2)[24] : aic=329219.054
  ARIMA(2,0,1)(0,1,0)[24] : aic=352632.710
  ARIMA(2,0,1)(0,1,1)[24] : aic=329117.691
  ARIMA(2,0,1)(0,1,2)[24] : aic=328913.966
  ARIMA(2,0,1)(1,1,0)[24] : aic=343225.290
  ARIMA(2,0,1)(1,1,1)[24] : aic=328923.097
  ARIMA(2,0,1)(1,1,2)[24] : aic=328906.106
  ARIMA(2,0,1)(2,1,0)[24] : aic=338779.732
  ARIMA(2,0,1)(2,1,1)[24] : aic=328899.854
  ARIMA(2,0,1)(2,1,2)[24] : aic=328905.196
  ARIMA(2,0,2)(0,1,0)[24] : aic=352619.085
  ARIMA(2,0,2)(0,1,1)[24] : aic=328844.585
  ARIMA(2,0,2)(0,1,2)[24] : aic=328674.890
  ARIMA(2,0,2)(1,1,0)[24] : aic=343156.207
  ARIMA(2,0,2)(1,1,1)[24] : aic=328685.001
  ARIMA(2,0,2)(1,1,2)[24] : aic=328614.060
  ARIMA(2,0,2)(2,1,0)[24] : aic=338625.372
  ARIMA(2,0,2)(2,1,1)[24] : aic=328606.434
  ARIMA(2,0,2)(2,1,2)[24] : aic=328617.007
  ARIMA(2,0,3)(0,1,0)[24] : aic=352632.396
  ARIMA(2,0,3)(0,1,1)[24] : aic=328831.357
  ARIMA(2,0,3)(0,1,2)[24] : aic=328611.759
  ARIMA(2,0,3)(1,1,0)[24] : aic=343229.129
  ARIMA(2,0,3)(1,1,1)[24] : aic=328622.182
  ARIMA(2,0,3)(1,1,2)[24] : aic=328603.303
  ARIMA(2,0,3)(2,1,0)[24] : aic=338621.763
  ARIMA(2,0,3)(2,1,1)[24] : aic=328632.538
  ARIMA(2,0,3)(2,1,2)[24] : aic=328608.697
  ARIMA(2,0,4)(0,1,0)[24] : aic=352633.719
  ARIMA(2,0,4)(0,1,1)[24] : aic=328815.371
  ARIMA(2,0,4)(0,1,2)[24] : aic=328620.855
  ARIMA(2,0,4)(1,1,0)[24] : aic=343225.161
  ARIMA(2,0,4)(1,1,1)[24] : aic=328610.511
  ARIMA(2,0,4)(1,1,2)[24] : aic=328591.891
  ARIMA(2,0,4)(2,1,0)[24] : aic=338777.908
  ARIMA(2,0,4)(2,1,1)[24] : aic=328605.718
  ARIMA(2,0,4)(2,1,2)[24] : aic=328572.686
  ARIMA(2,0,5)(0,1,0)[24] : aic=352634.973
  ARIMA(2,0,5)(0,1,1)[24] : aic=328812.322
  ARIMA(2,0,5)(0,1,2)[24] : aic=328599.287
  ARIMA(2,0,5)(1,1,0)[24] : aic=343223.129
  ARIMA(2,0,5)(1,1,1)[24] : aic=328609.609
  ARIMA(2,0,5)(1,1,2)[24] : aic=328590.871
  ARIMA(2,0,5)(2,1,0)[24] : aic=338601.824
  ARIMA(2,0,5)(2,1,1)[24] : aic=328572.903
  ARIMA(2,0,5)(2,1,2)[24] : aic=328556.386
  ARIMA(3,0,0)(0,1,0)[24] : aic=352651.558
  ARIMA(3,0,0)(0,1,1)[24] : aic=329387.125
  ARIMA(3,0,0)(0,1,2)[24] : aic=329157.324
  ARIMA(3,0,0)(1,1,0)[24] : aic=343238.725
  ARIMA(3,0,0)(1,1,1)[24] : aic=329166.186
  ARIMA(3,0,0)(1,1,2)[24] : aic=329153.750
  ARIMA(3,0,0)(2,1,0)[24] : aic=338800.138
  ARIMA(3,0,0)(2,1,1)[24] : aic=329147.669
  ARIMA(3,0,0)(2,1,2)[24] : aic=329121.830
  ARIMA(3,0,1)(0,1,0)[24] : aic=352625.704
  ARIMA(3,0,1)(0,1,1)[24] : aic=328834.487
  ARIMA(3,0,1)(0,1,2)[24] : aic=328613.230
  ARIMA(3,0,1)(1,1,0)[24] : aic=343158.509
  ARIMA(3,0,1)(1,1,1)[24] : aic=328623.835
  ARIMA(3,0,1)(1,1,2)[24] : aic=328604.734
  ARIMA(3,0,1)(2,1,0)[24] : aic=338621.868
  ARIMA(3,0,1)(2,1,1)[24] : aic=328596.902
  ARIMA(3,0,1)(2,1,2)[24] : aic=328581.428
  ARIMA(3,0,2)(0,1,0)[24] : aic=352631.912
  ARIMA(3,0,2)(0,1,1)[24] : aic=328835.855
  ARIMA(3,0,2)(0,1,2)[24] : aic=328615.064
  ARIMA(3,0,2)(1,1,0)[24] : aic=343227.759
  ARIMA(3,0,2)(1,1,1)[24] : aic=328652.244
  ARIMA(3,0,2)(1,1,2)[24] : aic=328606.615
  ARIMA(3,0,2)(2,1,0)[24] : aic=338623.003
  ARIMA(3,0,2)(2,1,1)[24] : aic=328598.919
  ARIMA(3,0,2)(2,1,2)[24] : aic=328626.188
  ARIMA(3,0,3)(0,1,0)[24] : aic=351393.343
  ARIMA(3,0,3)(0,1,1)[24] : aic=328846.587
  ARIMA(3,0,3)(0,1,2)[24] : aic=328616.201
  ARIMA(3,0,3)(1,1,0)[24] : aic=342490.058
  ARIMA(3,0,3)(1,1,1)[24] : aic=328626.964
  ARIMA(3,0,3)(1,1,2)[24] : aic=328608.897
  ARIMA(3,0,3)(2,1,0)[24] : aic=338237.235
  ARIMA(3,0,3)(2,1,1)[24] : aic=328601.977
  ARIMA(3,0,3)(2,1,2)[24] : aic=328606.466
  ARIMA(3,0,4)(0,1,0)[24] : aic=352636.035
  ARIMA(3,0,4)(0,1,1)[24] : aic=328828.608
  ARIMA(3,0,4)(0,1,2)[24] : aic=328598.540
  ARIMA(3,0,4)(1,1,0)[24] : aic=342488.962
  ARIMA(3,0,4)(1,1,1)[24] : aic=328608.928
  ARIMA(3,0,4)(1,1,2)[24] : aic=328591.051
  ARIMA(3,0,4)(2,1,0)[24] : aic=338221.184
  ARIMA(3,0,4)(2,1,1)[24] : aic=328584.298
  ARIMA(3,0,4)(2,1,2)[24] : aic=328589.686
  ARIMA(3,0,5)(0,1,0)[24] : aic=352636.628
  ARIMA(3,0,5)(0,1,1)[24] : aic=328817.307
  ARIMA(3,0,5)(0,1,2)[24] : aic=328594.701
  ARIMA(3,0,5)(1,1,0)[24] : aic=343223.417
  ARIMA(3,0,5)(1,1,1)[24] : aic=328604.644
  ARIMA(3,0,5)(1,1,2)[24] : aic=328586.120
  ARIMA(3,0,5)(2,1,0)[24] : aic=338221.653
  ARIMA(3,0,5)(2,1,1)[24] : aic=328579.070
  ARIMA(3,0,5)(2,1,2)[24] : aic=328560.263
  ARIMA(4,0,0)(0,1,0)[24] : aic=352633.676
  ARIMA(4,0,0)(0,1,1)[24] : aic=329356.521
  ARIMA(4,0,0)(0,1,2)[24] : aic=329121.569
  ARIMA(4,0,0)(1,1,0)[24] : aic=343231.211
  ARIMA(4,0,0)(1,1,1)[24] : aic=329130.848
  ARIMA(4,0,0)(1,1,2)[24] : aic=329117.564
  ARIMA(4,0,0)(2,1,0)[24] : aic=338785.442
  ARIMA(4,0,0)(2,1,1)[24] : aic=329111.414
  ARIMA(4,0,0)(2,1,2)[24] : aic=329085.824
  ARIMA(4,0,1)(0,1,0)[24] : aic=352621.535
  ARIMA(4,0,1)(0,1,1)[24] : aic=328835.530
  ARIMA(4,0,1)(0,1,2)[24] : aic=328615.145
  ARIMA(4,0,1)(1,1,0)[24] : aic=343155.592
  ARIMA(4,0,1)(1,1,1)[24] : aic=328625.608
  ARIMA(4,0,1)(1,1,2)[24] : aic=328606.550
  ARIMA(4,0,1)(2,1,0)[24] : aic=338622.745
  ARIMA(4,0,1)(2,1,1)[24] : aic=328598.751
  ARIMA(4,0,1)(2,1,2)[24] : aic=328587.337
  ARIMA(4,0,2)(0,1,0)[24] : aic=351465.460
  ARIMA(4,0,2)(0,1,1)[24] : aic=328833.510
  ARIMA(4,0,2)(0,1,2)[24] : aic=328601.811
  ARIMA(4,0,2)(1,1,0)[24] : aic=342559.148
  ARIMA(4,0,2)(1,1,1)[24] : aic=328612.324
  ARIMA(4,0,2)(1,1,2)[24] : aic=328594.248
  ARIMA(4,0,2)(2,1,0)[24] : aic=338221.843
  ARIMA(4,0,2)(2,1,1)[24] : aic=328587.293
  ARIMA(4,0,2)(2,1,2)[24] : aic=328594.449
  ARIMA(4,0,3)(0,1,0)[24] : aic=352636.037
  ARIMA(4,0,3)(0,1,1)[24] : aic=328833.487
  ARIMA(4,0,3)(0,1,2)[24] : aic=328604.078
  ARIMA(4,0,3)(1,1,0)[24] : aic=342482.063
  ARIMA(4,0,3)(1,1,1)[24] : aic=328612.594
  ARIMA(4,0,3)(1,1,2)[24] : aic=328594.383
  ARIMA(4,0,3)(2,1,0)[24] : aic=338223.443
  ARIMA(4,0,3)(2,1,1)[24] : aic=328587.403
  ARIMA(4,0,3)(2,1,2)[24] : aic=328597.417
  ARIMA(4,0,4)(0,1,0)[24] : aic=352637.929
  ARIMA(4,0,4)(0,1,1)[24] : aic=328845.125
  ARIMA(4,0,4)(0,1,2)[24] : aic=328596.406
  ARIMA(4,0,4)(1,1,0)[24] : aic=341777.500
  ARIMA(4,0,4)(1,1,1)[24] : aic=328606.431
  ARIMA(4,0,4)(1,1,2)[24] : aic=328596.091
  ARIMA(4,0,4)(2,1,0)[24] : aic=337892.098
  ARIMA(4,0,4)(2,1,1)[24] : aic=328587.755
  ARIMA(4,0,4)(2,1,2)[24] : aic=328571.347
  ARIMA(4,0,5)(0,1,0)[24] : aic=352638.842
  ARIMA(4,0,5)(0,1,1)[24] : aic=328838.107
  ARIMA(4,0,5)(0,1,2)[24] : aic=328618.874
  ARIMA(4,0,5)(1,1,0)[24] : aic=342141.371
  ARIMA(4,0,5)(1,1,1)[24] : aic=328629.758
  ARIMA(4,0,5)(1,1,2)[24] : aic=328610.466
  ARIMA(4,0,5)(2,1,0)[24] : aic=338578.931
  ARIMA(4,0,5)(2,1,1)[24] : aic=328602.887
  ARIMA(4,0,5)(2,1,2)[24] : aic=328564.225
  ARIMA(5,0,0)(0,1,0)[24] : aic=352632.730
  ARIMA(5,0,0)(0,1,1)[24] : aic=329332.529
  ARIMA(5,0,0)(0,1,2)[24] : aic=329096.305
  ARIMA(5,0,0)(1,1,0)[24] : aic=343226.364
  ARIMA(5,0,0)(1,1,1)[24] : aic=329105.525
  ARIMA(5,0,0)(1,1,2)[24] : aic=329092.527
  ARIMA(5,0,0)(2,1,0)[24] : aic=338782.072
  ARIMA(5,0,0)(2,1,1)[24] : aic=329086.410
  ARIMA(5,0,0)(2,1,2)[24] : aic=329061.153
  ARIMA(5,0,1)(0,1,0)[24] : aic=352634.718
  ARIMA(5,0,1)(0,1,1)[24] : aic=328819.217
  ARIMA(5,0,1)(0,1,2)[24] : aic=328604.274
  ARIMA(5,0,1)(1,1,0)[24] : aic=343228.871
  ARIMA(5,0,1)(1,1,1)[24] : aic=328614.446
  ARIMA(5,0,1)(1,1,2)[24] : aic=328595.812
  ARIMA(5,0,1)(2,1,0)[24] : aic=338618.408
  ARIMA(5,0,1)(2,1,1)[24] : aic=328613.139
  ARIMA(5,0,1)(2,1,2)[24] : aic=328579.777
  ARIMA(5,0,2)(0,1,0)[24] : aic=351433.022
  ARIMA(5,0,2)(0,1,1)[24] : aic=328832.591
  ARIMA(5,0,2)(0,1,2)[24] : aic=328601.544
  ARIMA(5,0,2)(1,1,0)[24] : aic=342514.752
  ARIMA(5,0,2)(1,1,1)[24] : aic=328612.193
  ARIMA(5,0,2)(1,1,2)[24] : aic=328594.082
  ARIMA(5,0,2)(2,1,0)[24] : aic=338323.090
  ARIMA(5,0,2)(2,1,1)[24] : aic=328587.108
  ARIMA(5,0,2)(2,1,2)[24] : aic=328567.016
  ARIMA(5,0,3)(0,1,0)[24] : aic=350770.486
  ARIMA(5,0,3)(0,1,1)[24] : aic=328841.674
  ARIMA(5,0,3)(0,1,2)[24] : aic=328602.657
  ARIMA(5,0,3)(1,1,0)[24] : aic=343165.061
  ARIMA(5,0,3)(1,1,1)[24] : aic=328631.222
  ARIMA(5,0,3)(1,1,2)[24] : aic=328595.090
  ARIMA(5,0,3)(2,1,0)[24] : aic=337875.832
  ARIMA(5,0,3)(2,1,1)[24] : aic=328604.763
  ARIMA(5,0,3)(2,1,2)[24] : aic=328572.847
  ARIMA(5,0,4)(0,1,0)[24] : aic=350726.719
  ARIMA(5,0,4)(0,1,1)[24] : aic=328843.660
  ARIMA(5,0,4)(0,1,2)[24] : aic=328604.201
  ARIMA(5,0,4)(1,1,0)[24] : aic=342040.056
  ARIMA(5,0,4)(1,1,1)[24] : aic=328616.256
  ARIMA(5,0,4)(1,1,2)[24] : aic=328613.965
  ARIMA(5,0,4)(2,1,0)[24] : aic=337920.506
  ARIMA(5,0,4)(2,1,1)[24] : aic=328588.961
  ARIMA(5,0,4)(2,1,2)[24] : aic=328569.011
  ARIMA(5,0,5)(0,1,0)[24] : aic=350559.202
  ARIMA(5,0,5)(0,1,1)[24] : aic=328847.290
  ARIMA(5,0,5)(0,1,2)[24] : aic=328611.112
  ARIMA(5,0,5)(1,1,0)[24] : aic=341491.218
  ARIMA(5,0,5)(1,1,1)[24] : aic=328631.801
  ARIMA(5,0,5)(1,1,2)[24] : aic=328601.755
  ARIMA(5,0,5)(2,1,0)[24] : aic=337679.506
  ARIMA(5,0,5)(2,1,1)[24] : aic=328604.834
  ARIMA(5,0,5)(2,1,2)[24] : aic=328575.900
