C:\Rust-python-arima\rustima\python\rustima\auto.py:401: UserWarning: near-cancellation detected in fitted ARMA(2,3) parameters (min inverted-root distance < 0.05). Model may be non-identifiable.
  raw_results = rustima.sarimax_grid_search(
C:\Rust-python-arima\rustima\python\rustima\auto.py:401: UserWarning: near-cancellation detected in fitted ARMA(4,2) parameters (min inverted-root distance < 0.05). Model may be non-identifiable.
  raw_results = rustima.sarimax_grid_search(
C:\Rust-python-arima\rustima\python\rustima\auto.py:401: UserWarning: near-cancellation detected in fitted ARMA(5,5) parameters (min inverted-root distance < 0.05). Model may be non-identifiable.
  raw_results = rustima.sarimax_grid_search(
  ARIMA(0,0,0)(0,1,0)[24] : aic=391084.422
  ARIMA(0,0,0)(0,1,1)[24] : aic=385272.256
  ARIMA(0,0,0)(0,1,2)[24] : aic=382517.608
  ARIMA(0,0,0)(1,1,0)[24] : aic=388464.886
  ARIMA(0,0,0)(1,1,1)[24] : aic=382820.901
  ARIMA(0,0,0)(1,1,2)[24] : aic=382854.291
  ARIMA(0,0,0)(2,1,0)[24] : aic=385553.224
  ARIMA(0,0,0)(2,1,1)[24] : aic=382655.660
  ARIMA(0,0,0)(2,1,2)[24] : aic=382528.909
  ARIMA(0,0,1)(0,1,0)[24] : aic=369901.488
  ARIMA(0,0,1)(0,1,1)[24] : aic=356124.145
  ARIMA(0,0,1)(0,1,2)[24] : aic=354585.542
  ARIMA(0,0,1)(1,1,0)[24] : aic=364864.449
  ARIMA(0,0,1)(1,1,1)[24] : aic=358589.737
  ARIMA(0,0,1)(1,1,2)[24] : aic=354275.378
  ARIMA(0,0,1)(2,1,0)[24] : aic=361598.127
  ARIMA(0,0,1)(2,1,1)[24] : aic=354062.185
  ARIMA(0,0,1)(2,1,2)[24] : aic=354971.394
  ARIMA(0,0,2)(0,1,0)[24] : aic=361681.605
  ARIMA(0,0,2)(0,1,1)[24] : aic=344942.202
  ARIMA(0,0,2)(0,1,2)[24] : aic=343962.872
  ARIMA(0,0,2)(1,1,0)[24] : aic=355219.194
  ARIMA(0,0,2)(1,1,1)[24] : aic=346306.989
  ARIMA(0,0,2)(1,1,2)[24] : aic=343889.881
  ARIMA(0,0,2)(2,1,0)[24] : aic=351605.033
  ARIMA(0,0,2)(2,1,1)[24] : aic=343846.728
  ARIMA(0,0,2)(2,1,2)[24] : aic=343848.373
  ARIMA(0,0,3)(0,1,0)[24] : aic=357923.698
  ARIMA(0,0,3)(0,1,1)[24] : aic=340938.703
  ARIMA(0,0,3)(0,1,2)[24] : aic=338884.598
  ARIMA(0,0,3)(1,1,0)[24] : aic=350471.076
  ARIMA(0,0,3)(1,1,1)[24] : aic=338546.934
  ARIMA(0,0,3)(1,1,2)[24] : aic=338948.883
  ARIMA(0,0,3)(2,1,0)[24] : aic=346767.518
  ARIMA(0,0,3)(2,1,1)[24] : aic=340373.768
  ARIMA(0,0,3)(2,1,2)[24] : aic=338752.463
  ARIMA(0,0,4)(0,1,0)[24] : aic=355942.653
  ARIMA(0,0,4)(0,1,1)[24] : aic=336132.727
  ARIMA(0,0,4)(0,1,2)[24] : aic=335934.251
  ARIMA(0,0,4)(1,1,0)[24] : aic=347912.505
  ARIMA(0,0,4)(1,1,1)[24] : aic=335542.121
  ARIMA(0,0,4)(1,1,2)[24] : aic=336024.120
  ARIMA(0,0,4)(2,1,0)[24] : aic=343954.806
  ARIMA(0,0,4)(2,1,1)[24] : aic=335517.360
  ARIMA(0,0,4)(2,1,2)[24] : aic=337066.917
  ARIMA(0,0,5)(0,1,0)[24] : aic=354957.327
  ARIMA(0,0,5)(0,1,1)[24] : aic=335635.507
  ARIMA(0,0,5)(0,1,2)[24] : aic=334531.772
  ARIMA(0,0,5)(1,1,0)[24] : aic=346492.040
  ARIMA(0,0,5)(1,1,1)[24] : aic=333839.521
  ARIMA(0,0,5)(1,1,2)[24] : aic=334453.536
  ARIMA(0,0,5)(2,1,0)[24] : aic=342438.743
  ARIMA(0,0,5)(2,1,1)[24] : aic=333797.597
  ARIMA(0,0,5)(2,1,2)[24] : aic=333833.228
  ARIMA(1,0,0)(0,1,0)[24] : aic=353718.292
  ARIMA(1,0,0)(0,1,1)[24] : aic=330510.110
  ARIMA(1,0,0)(0,1,2)[24] : aic=330934.955
  ARIMA(1,0,0)(1,1,0)[24] : aic=344210.026
  ARIMA(1,0,0)(1,1,1)[24] : aic=333181.464
  ARIMA(1,0,0)(1,1,2)[24] : aic=330788.726
  ARIMA(1,0,0)(2,1,0)[24] : aic=339771.047
  ARIMA(1,0,0)(2,1,1)[24] : aic=331459.276
  ARIMA(1,0,0)(2,1,2)[24] : aic=331232.054
  ARIMA(1,0,1)(0,1,0)[24] : aic=353201.663
  ARIMA(1,0,1)(0,1,1)[24] : aic=332929.121
  ARIMA(1,0,1)(0,1,2)[24] : aic=330142.166
  ARIMA(1,0,1)(1,1,0)[24] : aic=344063.397
  ARIMA(1,0,1)(1,1,1)[24] : aic=331675.568
  ARIMA(1,0,1)(1,1,2)[24] : aic=329598.179
  ARIMA(1,0,1)(2,1,0)[24] : aic=339218.948
  ARIMA(1,0,1)(2,1,1)[24] : aic=329970.692
  ARIMA(1,0,1)(2,1,2)[24] : aic=330182.828
  ARIMA(1,0,2)(0,1,0)[24] : aic=352676.546
  ARIMA(1,0,2)(0,1,1)[24] : aic=332921.185
  ARIMA(1,0,2)(0,1,2)[24] : aic=330176.300
  ARIMA(1,0,2)(1,1,0)[24] : aic=343944.736
  ARIMA(1,0,2)(1,1,1)[24] : aic=331616.541
  ARIMA(1,0,2)(1,1,2)[24] : aic=329919.024
  ARIMA(1,0,2)(2,1,0)[24] : aic=339626.603
  ARIMA(1,0,2)(2,1,1)[24] : aic=330367.061
  ARIMA(1,0,2)(2,1,2)[24] : aic=330208.171
  ARIMA(1,0,3)(0,1,0)[24] : aic=371931.142
  ARIMA(1,0,3)(0,1,1)[24] : aic=332930.624
  ARIMA(1,0,3)(0,1,2)[24] : aic=330183.568
  ARIMA(1,0,3)(1,1,0)[24] : aic=343286.676
  ARIMA(1,0,3)(1,1,1)[24] : aic=331593.010
  ARIMA(1,0,3)(1,1,2)[24] : aic=329941.472
  ARIMA(1,0,3)(2,1,0)[24] : aic=339382.133
  ARIMA(1,0,3)(2,1,1)[24] : aic=330389.073
  ARIMA(1,0,3)(2,1,2)[24] : aic=330235.661
  ARIMA(1,0,4)(0,1,0)[24] : aic=368372.405
  ARIMA(1,0,4)(0,1,1)[24] : aic=332935.324
  ARIMA(1,0,4)(0,1,2)[24] : aic=330195.941
  ARIMA(1,0,4)(1,1,0)[24] : aic=343676.047
  ARIMA(1,0,4)(1,1,1)[24] : aic=331559.185
  ARIMA(1,0,4)(1,1,2)[24] : aic=329965.955
  ARIMA(1,0,4)(2,1,0)[24] : aic=339586.561
  ARIMA(1,0,4)(2,1,1)[24] : aic=330408.985
  ARIMA(1,0,4)(2,1,2)[24] : aic=330244.214
  ARIMA(1,0,5)(0,1,0)[24] : aic=365914.231
  ARIMA(1,0,5)(0,1,1)[24] : aic=329569.562
  ARIMA(1,0,5)(0,1,2)[24] : aic=330238.945
  ARIMA(1,0,5)(1,1,0)[24] : aic=343594.894
  ARIMA(1,0,5)(1,1,1)[24] : aic=331505.708
  ARIMA(1,0,5)(1,1,2)[24] : aic=329473.220
  ARIMA(1,0,5)(2,1,0)[24] : aic=338988.380
  ARIMA(1,0,5)(2,1,1)[24] : aic=330438.151
  ARIMA(1,0,5)(2,1,2)[24] : aic=330251.738
  ARIMA(2,0,0)(0,1,0)[24] : aic=352719.230
  ARIMA(2,0,0)(0,1,1)[24] : aic=330169.236
  ARIMA(2,0,0)(0,1,2)[24] : aic=329776.400
  ARIMA(2,0,0)(1,1,0)[24] : aic=343303.515
  ARIMA(2,0,0)(1,1,1)[24] : aic=332263.629
  ARIMA(2,0,0)(1,1,2)[24] : aic=329677.238
  ARIMA(2,0,0)(2,1,0)[24] : aic=338867.089
  ARIMA(2,0,0)(2,1,1)[24] : aic=330428.951
  ARIMA(2,0,0)(2,1,2)[24] : aic=329812.025
  ARIMA(2,0,1)(0,1,0)[24] : aic=352718.327
  ARIMA(2,0,1)(0,1,1)[24] : aic=333064.962
  ARIMA(2,0,1)(0,1,2)[24] : aic=329843.289
  ARIMA(2,0,1)(1,1,0)[24] : aic=343341.738
  ARIMA(2,0,1)(1,1,1)[24] : aic=332165.442
  ARIMA(2,0,1)(1,1,2)[24] : aic=329728.505
  ARIMA(2,0,1)(2,1,0)[24] : aic=338936.916
  ARIMA(2,0,1)(2,1,1)[24] : aic=330373.899
  ARIMA(2,0,1)(2,1,2)[24] : aic=330034.255
  ARIMA(2,0,2)(0,1,0)[24] : aic=352639.948
  ARIMA(2,0,2)(0,1,1)[24] : aic=332907.134
  ARIMA(2,0,2)(0,1,2)[24] : aic=329812.658
  ARIMA(2,0,2)(1,1,0)[24] : aic=343232.148
  ARIMA(2,0,2)(1,1,1)[24] : aic=331996.294
  ARIMA(2,0,2)(1,1,2)[24] : aic=329421.488
  ARIMA(2,0,2)(2,1,0)[24] : aic=338814.473
  ARIMA(2,0,2)(2,1,1)[24] : aic=329913.468
  ARIMA(2,0,2)(2,1,2)[24] : aic=329968.390
  ARIMA(2,0,3)(0,1,0)[24] : aic=373234.343
  ARIMA(2,0,3)(0,1,1)[24] : aic=329956.815
  ARIMA(2,0,3)(0,1,2)[24] : aic=329824.062
  ARIMA(2,0,3)(1,1,0)[24] : aic=343229.144
  ARIMA(2,0,3)(1,1,1)[24] : aic=331920.474
  ARIMA(2,0,3)(1,1,2)[24] : aic=329711.232
  ARIMA(2,0,3)(2,1,0)[24] : aic=338781.675
  ARIMA(2,0,3)(2,1,1)[24] : aic=330316.437
  ARIMA(2,0,3)(2,1,2)[24] : aic=329957.325
  ARIMA(2,0,4)(0,1,0)[24] : aic=371755.228
  ARIMA(2,0,4)(0,1,1)[24] : aic=332790.194
  ARIMA(2,0,4)(0,1,2)[24] : aic=329837.327
  ARIMA(2,0,4)(1,1,0)[24] : aic=343225.175
  ARIMA(2,0,4)(1,1,1)[24] : aic=331792.838
  ARIMA(2,0,4)(1,1,2)[24] : aic=329718.656
  ARIMA(2,0,4)(2,1,0)[24] : aic=338777.921
  ARIMA(2,0,4)(2,1,1)[24] : aic=330309.109
  ARIMA(2,0,4)(2,1,2)[24] : aic=329927.674
  ARIMA(2,0,5)(0,1,0)[24] : aic=370365.007
  ARIMA(2,0,5)(0,1,1)[24] : aic=332710.066
  ARIMA(2,0,5)(0,1,2)[24] : aic=329855.340
  ARIMA(2,0,5)(1,1,0)[24] : aic=343229.875
  ARIMA(2,0,5)(1,1,1)[24] : aic=331651.912
  ARIMA(2,0,5)(1,1,2)[24] : aic=329246.025
  ARIMA(2,0,5)(2,1,0)[24] : aic=338871.969
  ARIMA(2,0,5)(2,1,1)[24] : aic=330307.599
  ARIMA(2,0,5)(2,1,2)[24] : aic=329894.084
  ARIMA(3,0,0)(0,1,0)[24] : aic=352651.552
  ARIMA(3,0,0)(0,1,1)[24] : aic=330485.155
  ARIMA(3,0,0)(0,1,2)[24] : aic=329646.170
  ARIMA(3,0,0)(1,1,0)[24] : aic=343238.713
  ARIMA(3,0,0)(1,1,1)[24] : aic=332212.685
  ARIMA(3,0,0)(1,1,2)[24] : aic=329566.155
  ARIMA(3,0,0)(2,1,0)[24] : aic=338800.122
  ARIMA(3,0,0)(2,1,1)[24] : aic=330358.989
  ARIMA(3,0,0)(2,1,2)[24] : aic=329905.747
  ARIMA(3,0,1)(0,1,0)[24] : aic=352653.524
  ARIMA(3,0,1)(0,1,1)[24] : aic=332982.500
  ARIMA(3,0,1)(0,1,2)[24] : aic=329740.497
  ARIMA(3,0,1)(1,1,0)[24] : aic=343342.518
  ARIMA(3,0,1)(1,1,1)[24] : aic=332190.260
  ARIMA(3,0,1)(1,1,2)[24] : aic=329657.269
  ARIMA(3,0,1)(2,1,0)[24] : aic=338916.031
  ARIMA(3,0,1)(2,1,1)[24] : aic=330348.156
  ARIMA(3,0,1)(2,1,2)[24] : aic=329959.772
  ARIMA(3,0,2)(0,1,0)[24] : aic=371021.280
  ARIMA(3,0,2)(0,1,1)[24] : aic=332952.355
  ARIMA(3,0,2)(0,1,2)[24] : aic=329807.818
  ARIMA(3,0,2)(1,1,0)[24] : aic=343254.902
  ARIMA(3,0,2)(1,1,1)[24] : aic=332047.476
  ARIMA(3,0,2)(1,1,2)[24] : aic=329451.096
  ARIMA(3,0,2)(2,1,0)[24] : aic=338833.663
  ARIMA(3,0,2)(2,1,1)[24] : aic=329962.832
  ARIMA(3,0,2)(2,1,2)[24] : aic=329971.728
  ARIMA(3,0,3)(0,1,0)[24] : aic=372090.659
  ARIMA(3,0,3)(0,1,1)[24] : aic=332856.044
  ARIMA(3,0,3)(0,1,2)[24] : aic=329799.883
  ARIMA(3,0,3)(1,1,0)[24] : aic=343307.361
  ARIMA(3,0,3)(1,1,1)[24] : aic=331958.878
  ARIMA(3,0,3)(1,1,2)[24] : aic=329710.273
  ARIMA(3,0,3)(2,1,0)[24] : aic=338799.340
  ARIMA(3,0,3)(2,1,1)[24] : aic=330334.839
  ARIMA(3,0,3)(2,1,2)[24] : aic=329931.791
  ARIMA(3,0,4)(0,1,0)[24] : aic=371427.874
  ARIMA(3,0,4)(0,1,1)[24] : aic=330546.119
  ARIMA(3,0,4)(0,1,2)[24] : aic=329814.536
  ARIMA(3,0,4)(1,1,0)[24] : aic=343255.224
  ARIMA(3,0,4)(1,1,1)[24] : aic=331151.379
  ARIMA(3,0,4)(1,1,2)[24] : aic=329326.927
  ARIMA(3,0,4)(2,1,0)[24] : aic=338888.354
  ARIMA(3,0,4)(2,1,1)[24] : aic=330341.347
  ARIMA(3,0,4)(2,1,2)[24] : aic=329899.299
  ARIMA(3,0,5)(0,1,0)[24] : aic=370576.523
  ARIMA(3,0,5)(0,1,1)[24] : aic=332385.919
  ARIMA(3,0,5)(0,1,2)[24] : aic=329806.033
  ARIMA(3,0,5)(1,1,0)[24] : aic=343252.317
  ARIMA(3,0,5)(1,1,1)[24] : aic=331337.016
  ARIMA(3,0,5)(1,1,2)[24] : aic=329703.356
  ARIMA(3,0,5)(2,1,0)[24] : aic=338819.431
  ARIMA(3,0,5)(2,1,1)[24] : aic=330272.713
  ARIMA(3,0,5)(2,1,2)[24] : aic=329858.433
  ARIMA(4,0,0)(0,1,0)[24] : aic=352633.670
  ARIMA(4,0,0)(0,1,1)[24] : aic=330659.172
  ARIMA(4,0,0)(0,1,2)[24] : aic=329611.530
  ARIMA(4,0,0)(1,1,0)[24] : aic=343231.199
  ARIMA(4,0,0)(1,1,1)[24] : aic=332216.340
  ARIMA(4,0,0)(1,1,2)[24] : aic=329541.328
  ARIMA(4,0,0)(2,1,0)[24] : aic=338785.427
  ARIMA(4,0,0)(2,1,1)[24] : aic=330359.102
  ARIMA(4,0,0)(2,1,2)[24] : aic=329884.858
  ARIMA(4,0,1)(0,1,0)[24] : aic=352635.673
  ARIMA(4,0,1)(0,1,1)[24] : aic=332962.164
  ARIMA(4,0,1)(0,1,2)[24] : aic=329704.204
  ARIMA(4,0,1)(1,1,0)[24] : aic=343244.899
  ARIMA(4,0,1)(1,1,1)[24] : aic=332200.294
  ARIMA(4,0,1)(1,1,2)[24] : aic=329631.649
  ARIMA(4,0,1)(2,1,0)[24] : aic=338842.049
  ARIMA(4,0,1)(2,1,1)[24] : aic=330353.728
  ARIMA(4,0,1)(2,1,2)[24] : aic=329928.428
  ARIMA(4,0,2)(0,1,0)[24] : aic=352640.362
  ARIMA(4,0,2)(0,1,1)[24] : aic=331028.248
  ARIMA(4,0,2)(0,1,2)[24] : aic=329788.959
  ARIMA(4,0,2)(1,1,0)[24] : aic=343241.485
  ARIMA(4,0,2)(1,1,1)[24] : aic=332027.068
  ARIMA(4,0,2)(1,1,2)[24] : aic=329707.074
  ARIMA(4,0,2)(2,1,0)[24] : aic=338868.777
  ARIMA(4,0,2)(2,1,1)[24] : aic=330345.102
  ARIMA(4,0,2)(2,1,2)[24] : aic=329943.396
  ARIMA(4,0,3)(0,1,0)[24] : aic=370608.272
  ARIMA(4,0,3)(0,1,1)[24] : aic=332825.742
  ARIMA(4,0,3)(0,1,2)[24] : aic=329823.485
  ARIMA(4,0,3)(1,1,0)[24] : aic=343293.255
  ARIMA(4,0,3)(1,1,1)[24] : aic=331858.299
  ARIMA(4,0,3)(1,1,2)[24] : aic=329365.954
  ARIMA(4,0,3)(2,1,0)[24] : aic=338858.240
  ARIMA(4,0,3)(2,1,1)[24] : aic=330342.204
  ARIMA(4,0,3)(2,1,2)[24] : aic=329499.353
  ARIMA(4,0,4)(0,1,0)[24] : aic=370762.899
  ARIMA(4,0,4)(0,1,1)[24] : aic=331481.116
  ARIMA(4,0,4)(0,1,2)[24] : aic=329820.424
  ARIMA(4,0,4)(1,1,0)[24] : aic=343274.742
  ARIMA(4,0,4)(1,1,1)[24] : aic=331420.684
  ARIMA(4,0,4)(1,1,2)[24] : aic=329733.307
  ARIMA(4,0,4)(2,1,0)[24] : aic=339135.141
  ARIMA(4,0,4)(2,1,1)[24] : aic=330306.634
  ARIMA(4,0,4)(2,1,2)[24] : aic=329897.469
  ARIMA(4,0,5)(0,1,0)[24] : aic=370340.331
  ARIMA(4,0,5)(0,1,1)[24] : aic=332019.092
  ARIMA(4,0,5)(0,1,2)[24] : aic=329753.468
  ARIMA(4,0,5)(1,1,0)[24] : aic=343509.907
  ARIMA(4,0,5)(1,1,1)[24] : aic=330914.185
  ARIMA(4,0,5)(1,1,2)[24] : aic=329309.037
  ARIMA(4,0,5)(2,1,0)[24] : aic=338793.201
  ARIMA(4,0,5)(2,1,1)[24] : aic=330202.165
  ARIMA(4,0,5)(2,1,2)[24] : aic=329446.845
  ARIMA(5,0,0)(0,1,0)[24] : aic=352632.723
  ARIMA(5,0,0)(0,1,1)[24] : aic=329398.602
  ARIMA(5,0,0)(0,1,2)[24] : aic=329587.258
  ARIMA(5,0,0)(1,1,0)[24] : aic=343226.352
  ARIMA(5,0,0)(1,1,1)[24] : aic=332213.881
  ARIMA(5,0,0)(1,1,2)[24] : aic=329524.786
  ARIMA(5,0,0)(2,1,0)[24] : aic=338782.056
  ARIMA(5,0,0)(2,1,1)[24] : aic=330365.267
  ARIMA(5,0,0)(2,1,2)[24] : aic=329867.359
  ARIMA(5,0,1)(0,1,0)[24] : aic=352634.728
  ARIMA(5,0,1)(0,1,1)[24] : aic=332899.255
  ARIMA(5,0,1)(0,1,2)[24] : aic=329680.486
  ARIMA(5,0,1)(1,1,0)[24] : aic=343228.905
  ARIMA(5,0,1)(1,1,1)[24] : aic=332145.458
  ARIMA(5,0,1)(1,1,2)[24] : aic=329614.715
  ARIMA(5,0,1)(2,1,0)[24] : aic=338822.791
  ARIMA(5,0,1)(2,1,1)[24] : aic=330349.443
  ARIMA(5,0,1)(2,1,2)[24] : aic=329895.905
  ARIMA(5,0,2)(0,1,0)[24] : aic=370697.183
  ARIMA(5,0,2)(0,1,1)[24] : aic=332845.432
  ARIMA(5,0,2)(0,1,2)[24] : aic=329793.121
  ARIMA(5,0,2)(1,1,0)[24] : aic=343234.361
  ARIMA(5,0,2)(1,1,1)[24] : aic=331981.929
  ARIMA(5,0,2)(1,1,2)[24] : aic=329718.795
  ARIMA(5,0,2)(2,1,0)[24] : aic=338801.798
  ARIMA(5,0,2)(2,1,1)[24] : aic=330363.602
  ARIMA(5,0,2)(2,1,2)[24] : aic=329927.901
  ARIMA(5,0,3)(0,1,0)[24] : aic=370475.085
  ARIMA(5,0,3)(0,1,1)[24] : aic=332494.340
  ARIMA(5,0,3)(0,1,2)[24] : aic=329827.506
  ARIMA(5,0,3)(1,1,0)[24] : aic=343234.379
  ARIMA(5,0,3)(1,1,1)[24] : aic=331433.889
  ARIMA(5,0,3)(1,1,2)[24] : aic=329744.562
  ARIMA(5,0,3)(2,1,0)[24] : aic=338848.305
  ARIMA(5,0,3)(2,1,1)[24] : aic=330306.393
  ARIMA(5,0,3)(2,1,2)[24] : aic=329917.366
  ARIMA(5,0,4)(0,1,0)[24] : aic=370205.604
  ARIMA(5,0,4)(0,1,1)[24] : aic=331286.578
  ARIMA(5,0,4)(0,1,2)[24] : aic=329787.838
  ARIMA(5,0,4)(1,1,0)[24] : aic=343232.542
  ARIMA(5,0,4)(1,1,1)[24] : aic=330462.514
  ARIMA(5,0,4)(1,1,2)[24] : aic=329336.670
  ARIMA(5,0,4)(2,1,0)[24] : aic=338800.386
  ARIMA(5,0,4)(2,1,1)[24] : aic=330211.350
  ARIMA(5,0,4)(2,1,2)[24] : aic=329906.789
  ARIMA(5,0,5)(0,1,0)[24] : aic=370109.271
  ARIMA(5,0,5)(0,1,1)[24] : aic=331077.772
  ARIMA(5,0,5)(0,1,2)[24] : aic=329758.879
  ARIMA(5,0,5)(1,1,0)[24] : aic=344609.531
  ARIMA(5,0,5)(1,1,1)[24] : aic=330445.236
  ARIMA(5,0,5)(1,1,2)[24] : aic=329673.164
  ARIMA(5,0,5)(2,1,0)[24] : aic=338800.455
  ARIMA(5,0,5)(2,1,1)[24] : aic=330197.822
  ARIMA(5,0,5)(2,1,2)[24] : aic=329874.676
