C:\Rust-python-arima\rustima\python\rustima\auto.py:401: UserWarning: near-cancellation detected in fitted ARMA(2,3) parameters (min inverted-root distance < 0.05). Model may be non-identifiable.
  raw_results = rustima.sarimax_grid_search(
C:\Rust-python-arima\rustima\python\rustima\auto.py:401: UserWarning: near-cancellation detected in fitted ARMA(2,5) parameters (min inverted-root distance < 0.05). Model may be non-identifiable.
  raw_results = rustima.sarimax_grid_search(
  ARIMA(0,0,0)(0,1,0)[24] : aic=391086.278
  ARIMA(0,0,0)(0,1,1)[24] : aic=384554.644
  ARIMA(0,0,0)(0,1,2)[24] : aic=382483.627
  ARIMA(0,0,0)(1,1,0)[24] : aic=388466.691
  ARIMA(0,0,0)(1,1,1)[24] : aic=382740.709
  ARIMA(0,0,0)(1,1,2)[24] : aic=382494.113
  ARIMA(0,0,0)(2,1,0)[24] : aic=385435.726
  ARIMA(0,0,0)(2,1,1)[24] : aic=382501.931
  ARIMA(0,0,0)(2,1,2)[24] : aic=381668.175
  ARIMA(0,0,1)(0,1,0)[24] : aic=369903.392
  ARIMA(0,0,1)(0,1,1)[24] : aic=356122.349
  ARIMA(0,0,1)(0,1,2)[24] : aic=354111.987
  ARIMA(0,0,1)(1,1,0)[24] : aic=364866.308
  ARIMA(0,0,1)(1,1,1)[24] : aic=354238.135
  ARIMA(0,0,1)(1,1,2)[24] : aic=354110.419
  ARIMA(0,0,1)(2,1,0)[24] : aic=361599.932
  ARIMA(0,0,1)(2,1,1)[24] : aic=354057.871
  ARIMA(0,0,1)(2,1,2)[24] : aic=353751.020
  ARIMA(0,0,2)(0,1,0)[24] : aic=361683.537
  ARIMA(0,0,2)(0,1,1)[24] : aic=344882.828
  ARIMA(0,0,2)(0,1,2)[24] : aic=343724.274
  ARIMA(0,0,2)(1,1,0)[24] : aic=355221.090
  ARIMA(0,0,2)(1,1,1)[24] : aic=343786.167
  ARIMA(0,0,2)(1,1,2)[24] : aic=343726.110
  ARIMA(0,0,2)(2,1,0)[24] : aic=351606.879
  ARIMA(0,0,2)(2,1,1)[24] : aic=343701.770
  ARIMA(0,0,2)(2,1,2)[24] : aic=343526.216
  ARIMA(0,0,3)(0,1,0)[24] : aic=357923.520
  ARIMA(0,0,3)(0,1,1)[24] : aic=339265.320
  ARIMA(0,0,3)(0,1,2)[24] : aic=338512.257
  ARIMA(0,0,3)(1,1,0)[24] : aic=350472.968
  ARIMA(0,0,3)(1,1,1)[24] : aic=338541.239
  ARIMA(0,0,3)(1,1,2)[24] : aic=338514.101
  ARIMA(0,0,3)(2,1,0)[24] : aic=346769.384
  ARIMA(0,0,3)(2,1,1)[24] : aic=338499.096
  ARIMA(0,0,3)(2,1,2)[24] : aic=338373.194
  ARIMA(0,0,4)(0,1,0)[24] : aic=355944.609
  ARIMA(0,0,4)(0,1,1)[24] : aic=336015.825
  ARIMA(0,0,4)(0,1,2)[24] : aic=335476.713
  ARIMA(0,0,4)(1,1,0)[24] : aic=347900.352
  ARIMA(0,0,4)(1,1,1)[24] : aic=335498.570
  ARIMA(0,0,4)(1,1,2)[24] : aic=335476.770
  ARIMA(0,0,4)(2,1,0)[24] : aic=343956.271
  ARIMA(0,0,4)(2,1,1)[24] : aic=335465.348
  ARIMA(0,0,4)(2,1,2)[24] : aic=335488.421
  ARIMA(0,0,5)(0,1,0)[24] : aic=354910.486
  ARIMA(0,0,5)(0,1,1)[24] : aic=334223.403
  ARIMA(0,0,5)(0,1,2)[24] : aic=333800.418
  ARIMA(0,0,5)(1,1,0)[24] : aic=346493.949
  ARIMA(0,0,5)(1,1,1)[24] : aic=333816.622
  ARIMA(0,0,5)(1,1,2)[24] : aic=333799.897
  ARIMA(0,0,5)(2,1,0)[24] : aic=342439.744
  ARIMA(0,0,5)(2,1,1)[24] : aic=333790.654
  ARIMA(0,0,5)(2,1,2)[24] : aic=333809.639
  ARIMA(1,0,0)(0,1,0)[24] : aic=353720.224
  ARIMA(1,0,0)(0,1,1)[24] : aic=330456.315
  ARIMA(1,0,0)(0,1,2)[24] : aic=330269.810
  ARIMA(1,0,0)(1,1,0)[24] : aic=344211.922
  ARIMA(1,0,0)(1,1,1)[24] : aic=330275.186
  ARIMA(1,0,0)(1,1,2)[24] : aic=330268.646
  ARIMA(1,0,0)(2,1,0)[24] : aic=339772.900
  ARIMA(1,0,0)(2,1,1)[24] : aic=330264.260
  ARIMA(1,0,0)(2,1,2)[24] : aic=330244.403
  ARIMA(1,0,1)(0,1,0)[24] : aic=352643.092
  ARIMA(1,0,1)(0,1,1)[24] : aic=329378.887
  ARIMA(1,0,1)(0,1,2)[24] : aic=329144.843
  ARIMA(1,0,1)(1,1,0)[24] : aic=343238.438
  ARIMA(1,0,1)(1,1,1)[24] : aic=329153.908
  ARIMA(1,0,1)(1,1,2)[24] : aic=329141.407
  ARIMA(1,0,1)(2,1,0)[24] : aic=338798.986
  ARIMA(1,0,1)(2,1,1)[24] : aic=329135.408
  ARIMA(1,0,1)(2,1,2)[24] : aic=329117.675
  ARIMA(1,0,2)(0,1,0)[24] : aic=352635.986
  ARIMA(1,0,2)(0,1,1)[24] : aic=329345.382
  ARIMA(1,0,2)(0,1,2)[24] : aic=329109.102
  ARIMA(1,0,2)(1,1,0)[24] : aic=343228.760
  ARIMA(1,0,2)(1,1,1)[24] : aic=329118.492
  ARIMA(1,0,2)(1,1,2)[24] : aic=329105.371
  ARIMA(1,0,2)(2,1,0)[24] : aic=338785.079
  ARIMA(1,0,2)(2,1,1)[24] : aic=329099.569
  ARIMA(1,0,2)(2,1,2)[24] : aic=329084.221
  ARIMA(1,0,3)(0,1,0)[24] : aic=352631.717
  ARIMA(1,0,3)(0,1,1)[24] : aic=329314.417
  ARIMA(1,0,3)(0,1,2)[24] : aic=329073.657
  ARIMA(1,0,3)(1,1,0)[24] : aic=343226.929
  ARIMA(1,0,3)(1,1,1)[24] : aic=329083.656
  ARIMA(1,0,3)(1,1,2)[24] : aic=329069.297
  ARIMA(1,0,3)(2,1,0)[24] : aic=338778.166
  ARIMA(1,0,3)(2,1,1)[24] : aic=329063.843
  ARIMA(1,0,3)(2,1,2)[24] : aic=329052.316
  ARIMA(1,0,4)(0,1,0)[24] : aic=352633.510
  ARIMA(1,0,4)(0,1,1)[24] : aic=329265.282
  ARIMA(1,0,4)(0,1,2)[24] : aic=329024.383
  ARIMA(1,0,4)(1,1,0)[24] : aic=343222.732
  ARIMA(1,0,4)(1,1,1)[24] : aic=329034.953
  ARIMA(1,0,4)(1,1,2)[24] : aic=329019.344
  ARIMA(1,0,4)(2,1,0)[24] : aic=338773.024
  ARIMA(1,0,4)(2,1,1)[24] : aic=329014.865
  ARIMA(1,0,4)(2,1,2)[24] : aic=329011.366
  ARIMA(1,0,5)(0,1,0)[24] : aic=352634.947
  ARIMA(1,0,5)(0,1,1)[24] : aic=329156.619
  ARIMA(1,0,5)(0,1,2)[24] : aic=328922.168
  ARIMA(1,0,5)(1,1,0)[24] : aic=343219.925
  ARIMA(1,0,5)(1,1,1)[24] : aic=328935.737
  ARIMA(1,0,5)(1,1,2)[24] : aic=328911.914
  ARIMA(1,0,5)(2,1,0)[24] : aic=338752.965
  ARIMA(1,0,5)(2,1,1)[24] : aic=328911.469
  ARIMA(1,0,5)(2,1,2)[24] : aic=328937.609
  ARIMA(2,0,0)(0,1,0)[24] : aic=352721.173
  ARIMA(2,0,0)(0,1,1)[24] : aic=329472.125
  ARIMA(2,0,0)(0,1,2)[24] : aic=329245.858
  ARIMA(2,0,0)(1,1,0)[24] : aic=343305.427
  ARIMA(2,0,0)(1,1,1)[24] : aic=329254.038
  ARIMA(2,0,0)(1,1,2)[24] : aic=329243.208
  ARIMA(2,0,0)(2,1,0)[24] : aic=338868.964
  ARIMA(2,0,0)(2,1,1)[24] : aic=329236.909
  ARIMA(2,0,0)(2,1,2)[24] : aic=329214.352
  ARIMA(2,0,1)(0,1,0)[24] : aic=352634.642
  ARIMA(2,0,1)(0,1,1)[24] : aic=329571.886
  ARIMA(2,0,1)(0,1,2)[24] : aic=329454.858
  ARIMA(2,0,1)(1,1,0)[24] : aic=343227.178
  ARIMA(2,0,1)(1,1,1)[24] : aic=329562.779
  ARIMA(2,0,1)(1,1,2)[24] : aic=329269.615
  ARIMA(2,0,1)(2,1,0)[24] : aic=338781.563
  ARIMA(2,0,1)(2,1,1)[24] : aic=328897.426
  ARIMA(2,0,1)(2,1,2)[24] : aic=330032.609
  ARIMA(2,0,2)(0,1,0)[24] : aic=352641.419
  ARIMA(2,0,2)(0,1,1)[24] : aic=329419.057
  ARIMA(2,0,2)(0,1,2)[24] : aic=329305.835
  ARIMA(2,0,2)(1,1,0)[24] : aic=343234.058
  ARIMA(2,0,2)(1,1,1)[24] : aic=329438.784
  ARIMA(2,0,2)(1,1,2)[24] : aic=329289.603
  ARIMA(2,0,2)(2,1,0)[24] : aic=338629.105
  ARIMA(2,0,2)(2,1,1)[24] : aic=329326.877
  ARIMA(2,0,2)(2,1,2)[24] : aic=329967.853
  ARIMA(2,0,3)(0,1,0)[24] : aic=352634.341
  ARIMA(2,0,3)(0,1,1)[24] : aic=329369.375
  ARIMA(2,0,3)(0,1,2)[24] : aic=329255.797
  ARIMA(2,0,3)(1,1,0)[24] : aic=343231.049
  ARIMA(2,0,3)(1,1,1)[24] : aic=329382.585
  ARIMA(2,0,3)(1,1,2)[24] : aic=329056.120
  ARIMA(2,0,3)(2,1,0)[24] : aic=338783.547
  ARIMA(2,0,3)(2,1,1)[24] : aic=329272.552
  ARIMA(2,0,3)(2,1,2)[24] : aic=329957.219
  ARIMA(2,0,4)(0,1,0)[24] : aic=352635.660
  ARIMA(2,0,4)(0,1,1)[24] : aic=329310.435
  ARIMA(2,0,4)(0,1,2)[24] : aic=328617.703
  ARIMA(2,0,4)(1,1,0)[24] : aic=343227.076
  ARIMA(2,0,4)(1,1,1)[24] : aic=329318.707
  ARIMA(2,0,4)(1,1,2)[24] : aic=329006.548
  ARIMA(2,0,4)(2,1,0)[24] : aic=338779.791
  ARIMA(2,0,4)(2,1,1)[24] : aic=329212.183
  ARIMA(2,0,4)(2,1,2)[24] : aic=329927.924
  ARIMA(2,0,5)(0,1,0)[24] : aic=352636.914
  ARIMA(2,0,5)(0,1,1)[24] : aic=329263.581
  ARIMA(2,0,5)(0,1,2)[24] : aic=328596.790
  ARIMA(2,0,5)(1,1,0)[24] : aic=343225.066
  ARIMA(2,0,5)(1,1,1)[24] : aic=329265.467
  ARIMA(2,0,5)(1,1,2)[24] : aic=328960.274
  ARIMA(2,0,5)(2,1,0)[24] : aic=338604.664
  ARIMA(2,0,5)(2,1,1)[24] : aic=328581.020
  ARIMA(2,0,5)(2,1,2)[24] : aic=329894.280
  ARIMA(3,0,0)(0,1,0)[24] : aic=352653.498
  ARIMA(3,0,0)(0,1,1)[24] : aic=329381.565
  ARIMA(3,0,0)(0,1,2)[24] : aic=329150.113
  ARIMA(3,0,0)(1,1,0)[24] : aic=343240.629
  ARIMA(3,0,0)(1,1,1)[24] : aic=329158.718
  ARIMA(3,0,0)(1,1,2)[24] : aic=329147.213
  ARIMA(3,0,0)(2,1,0)[24] : aic=338802.002
  ARIMA(3,0,0)(2,1,1)[24] : aic=329140.714
  ARIMA(3,0,0)(2,1,2)[24] : aic=329118.245
  ARIMA(3,0,1)(0,1,0)[24] : aic=352627.709
  ARIMA(3,0,1)(0,1,1)[24] : aic=329331.122
  ARIMA(3,0,1)(0,1,2)[24] : aic=328647.192
  ARIMA(3,0,1)(1,1,0)[24] : aic=343161.007
  ARIMA(3,0,1)(1,1,1)[24] : aic=329320.865
  ARIMA(3,0,1)(1,1,2)[24] : aic=329022.493
  ARIMA(3,0,1)(2,1,0)[24] : aic=338624.903
  ARIMA(3,0,1)(2,1,1)[24] : aic=328632.733
  ARIMA(3,0,1)(2,1,2)[24] : aic=329958.483
  ARIMA(3,0,2)(0,1,0)[24] : aic=352633.854
  ARIMA(3,0,2)(0,1,1)[24] : aic=329252.467
  ARIMA(3,0,2)(0,1,2)[24] : aic=329121.073
  ARIMA(3,0,2)(1,1,0)[24] : aic=343229.675
  ARIMA(3,0,2)(1,1,1)[24] : aic=328648.926
  ARIMA(3,0,2)(1,1,2)[24] : aic=328958.741
  ARIMA(3,0,2)(2,1,0)[24] : aic=338626.229
  ARIMA(3,0,2)(2,1,1)[24] : aic=329130.331
  ARIMA(3,0,2)(2,1,2)[24] : aic=329971.336
  ARIMA(3,0,3)(0,1,0)[24] : aic=352636.920
  ARIMA(3,0,3)(0,1,1)[24] : aic=329194.098
  ARIMA(3,0,3)(0,1,2)[24] : aic=329053.750
  ARIMA(3,0,3)(1,1,0)[24] : aic=342502.555
  ARIMA(3,0,3)(1,1,1)[24] : aic=329158.191
  ARIMA(3,0,3)(1,1,2)[24] : aic=328910.486
  ARIMA(3,0,3)(2,1,0)[24] : aic=338239.403
  ARIMA(3,0,3)(2,1,1)[24] : aic=329060.950
  ARIMA(3,0,3)(2,1,2)[24] : aic=329931.913
  ARIMA(3,0,4)(0,1,0)[24] : aic=352638.002
  ARIMA(3,0,4)(0,1,1)[24] : aic=328827.369
  ARIMA(3,0,4)(0,1,2)[24] : aic=328932.306
  ARIMA(3,0,4)(1,1,0)[24] : aic=342499.908
  ARIMA(3,0,4)(1,1,1)[24] : aic=329007.167
  ARIMA(3,0,4)(1,1,2)[24] : aic=328822.196
  ARIMA(3,0,4)(2,1,0)[24] : aic=338223.266
  ARIMA(3,0,4)(2,1,1)[24] : aic=328937.070
  ARIMA(3,0,4)(2,1,2)[24] : aic=329899.640
  ARIMA(3,0,5)(0,1,0)[24] : aic=352638.589
  ARIMA(3,0,5)(0,1,1)[24] : aic=329042.473
  ARIMA(3,0,5)(0,1,2)[24] : aic=328909.792
  ARIMA(3,0,5)(1,1,0)[24] : aic=343225.347
  ARIMA(3,0,5)(1,1,1)[24] : aic=328974.279
  ARIMA(3,0,5)(1,1,2)[24] : aic=328797.931
  ARIMA(3,0,5)(2,1,0)[24] : aic=338223.714
  ARIMA(3,0,5)(2,1,1)[24] : aic=328902.286
  ARIMA(3,0,5)(2,1,2)[24] : aic=329858.513
  ARIMA(4,0,0)(0,1,0)[24] : aic=352635.617
  ARIMA(4,0,0)(0,1,1)[24] : aic=329351.217
  ARIMA(4,0,0)(0,1,2)[24] : aic=329114.651
  ARIMA(4,0,0)(1,1,0)[24] : aic=343233.116
  ARIMA(4,0,0)(1,1,1)[24] : aic=329123.710
  ARIMA(4,0,0)(1,1,2)[24] : aic=329111.190
  ARIMA(4,0,0)(2,1,0)[24] : aic=338787.310
  ARIMA(4,0,0)(2,1,1)[24] : aic=329104.778
  ARIMA(4,0,0)(2,1,2)[24] : aic=329082.874
  ARIMA(4,0,1)(0,1,0)[24] : aic=352623.610
  ARIMA(4,0,1)(0,1,1)[24] : aic=329331.246
  ARIMA(4,0,1)(0,1,2)[24] : aic=328646.061
  ARIMA(4,0,1)(1,1,0)[24] : aic=343158.178
  ARIMA(4,0,1)(1,1,1)[24] : aic=329322.200
  ARIMA(4,0,1)(1,1,2)[24] : aic=329021.788
  ARIMA(4,0,1)(2,1,0)[24] : aic=338625.833
  ARIMA(4,0,1)(2,1,1)[24] : aic=328631.507
  ARIMA(4,0,1)(2,1,2)[24] : aic=329927.267
  ARIMA(4,0,2)(0,1,0)[24] : aic=351633.136
  ARIMA(4,0,2)(0,1,1)[24] : aic=328832.366
  ARIMA(4,0,2)(0,1,2)[24] : aic=328915.696
  ARIMA(4,0,2)(1,1,0)[24] : aic=342766.892
  ARIMA(4,0,2)(1,1,1)[24] : aic=328975.765
  ARIMA(4,0,2)(1,1,2)[24] : aic=328800.633
  ARIMA(4,0,2)(2,1,0)[24] : aic=338223.869
  ARIMA(4,0,2)(2,1,1)[24] : aic=328911.956
  ARIMA(4,0,2)(2,1,2)[24] : aic=329943.174
  ARIMA(4,0,3)(0,1,0)[24] : aic=352641.515
  ARIMA(4,0,3)(0,1,1)[24] : aic=329025.290
  ARIMA(4,0,3)(0,1,2)[24] : aic=328826.756
  ARIMA(4,0,3)(1,1,0)[24] : aic=342843.678
  ARIMA(4,0,3)(1,1,1)[24] : aic=328920.015
  ARIMA(4,0,3)(1,1,2)[24] : aic=328771.396
  ARIMA(4,0,3)(2,1,0)[24] : aic=338225.451
  ARIMA(4,0,3)(2,1,1)[24] : aic=328865.157
  ARIMA(4,0,3)(2,1,2)[24] : aic=329921.272
  ARIMA(4,0,4)(0,1,0)[24] : aic=352641.474
  ARIMA(4,0,4)(0,1,1)[24] : aic=331490.629
  ARIMA(4,0,4)(0,1,2)[24] : aic=328691.144
  ARIMA(4,0,4)(1,1,0)[24] : aic=341779.333
  ARIMA(4,0,4)(1,1,1)[24] : aic=328732.194
  ARIMA(4,0,4)(1,1,2)[24] : aic=328658.981
  ARIMA(4,0,4)(2,1,0)[24] : aic=338628.405
  ARIMA(4,0,4)(2,1,1)[24] : aic=328693.135
  ARIMA(4,0,4)(2,1,2)[24] : aic=329196.774
  ARIMA(4,0,5)(0,1,0)[24] : aic=352643.469
  ARIMA(4,0,5)(0,1,1)[24] : aic=328921.588
  ARIMA(4,0,5)(0,1,2)[24] : aic=328728.589
  ARIMA(4,0,5)(1,1,0)[24] : aic=343229.978
  ARIMA(4,0,5)(1,1,1)[24] : aic=328761.825
  ARIMA(4,0,5)(1,1,2)[24] : aic=328680.081
  ARIMA(4,0,5)(2,1,0)[24] : aic=338580.885
  ARIMA(4,0,5)(2,1,1)[24] : aic=328719.442
  ARIMA(4,0,5)(2,1,2)[24] : aic=329000.937
  ARIMA(5,0,0)(0,1,0)[24] : aic=352634.672
  ARIMA(5,0,0)(0,1,1)[24] : aic=329327.439
  ARIMA(5,0,0)(0,1,2)[24] : aic=329089.628
  ARIMA(5,0,0)(1,1,0)[24] : aic=343228.271
  ARIMA(5,0,0)(1,1,1)[24] : aic=329098.659
  ARIMA(5,0,0)(1,1,2)[24] : aic=329086.347
  ARIMA(5,0,0)(2,1,0)[24] : aic=338783.941
  ARIMA(5,0,0)(2,1,1)[24] : aic=329080.020
  ARIMA(5,0,0)(2,1,2)[24] : aic=329058.744
  ARIMA(5,0,1)(0,1,0)[24] : aic=352636.671
  ARIMA(5,0,1)(0,1,1)[24] : aic=329305.578
  ARIMA(5,0,1)(0,1,2)[24] : aic=328624.685
  ARIMA(5,0,1)(1,1,0)[24] : aic=343230.822
  ARIMA(5,0,1)(1,1,1)[24] : aic=329300.128
  ARIMA(5,0,1)(1,1,2)[24] : aic=328999.987
  ARIMA(5,0,1)(2,1,0)[24] : aic=338621.379
  ARIMA(5,0,1)(2,1,1)[24] : aic=328610.093
  ARIMA(5,0,1)(2,1,2)[24] : aic=329894.816
  ARIMA(5,0,2)(0,1,0)[24] : aic=352638.671
  ARIMA(5,0,2)(0,1,1)[24] : aic=328831.362
  ARIMA(5,0,2)(0,1,2)[24] : aic=328599.500
  ARIMA(5,0,2)(1,1,0)[24] : aic=342731.353
  ARIMA(5,0,2)(1,1,1)[24] : aic=328961.514
  ARIMA(5,0,2)(1,1,2)[24] : aic=328791.632
  ARIMA(5,0,2)(2,1,0)[24] : aic=338553.225
  ARIMA(5,0,2)(2,1,1)[24] : aic=328896.739
  ARIMA(5,0,2)(2,1,2)[24] : aic=329927.776
  ARIMA(5,0,3)(0,1,0)[24] : aic=350904.833
  ARIMA(5,0,3)(0,1,1)[24] : aic=328915.840
  ARIMA(5,0,3)(0,1,2)[24] : aic=328698.983
  ARIMA(5,0,3)(1,1,0)[24] : aic=343166.979
  ARIMA(5,0,3)(1,1,1)[24] : aic=328744.852
  ARIMA(5,0,3)(1,1,2)[24] : aic=328660.807
  ARIMA(5,0,3)(2,1,0)[24] : aic=337877.122
  ARIMA(5,0,3)(2,1,1)[24] : aic=328705.887
  ARIMA(5,0,3)(2,1,2)[24] : aic=328973.196
  ARIMA(5,0,4)(0,1,0)[24] : aic=350741.361
  ARIMA(5,0,4)(0,1,1)[24] : aic=331298.443
  ARIMA(5,0,4)(0,1,2)[24] : aic=328694.200
  ARIMA(5,0,4)(1,1,0)[24] : aic=342070.382
  ARIMA(5,0,4)(1,1,1)[24] : aic=328737.796
  ARIMA(5,0,4)(1,1,2)[24] : aic=328671.270
  ARIMA(5,0,4)(2,1,0)[24] : aic=337921.061
  ARIMA(5,0,4)(2,1,1)[24] : aic=328694.616
  ARIMA(5,0,4)(2,1,2)[24] : aic=328954.045
  ARIMA(5,0,5)(0,1,0)[24] : aic=350836.794
  ARIMA(5,0,5)(0,1,1)[24] : aic=328892.535
  ARIMA(5,0,5)(0,1,2)[24] : aic=328659.438
  ARIMA(5,0,5)(1,1,0)[24] : aic=341543.239
  ARIMA(5,0,5)(1,1,1)[24] : aic=328711.460
  ARIMA(5,0,5)(1,1,2)[24] : aic=328628.294
  ARIMA(5,0,5)(2,1,0)[24] : aic=337757.141
  ARIMA(5,0,5)(2,1,1)[24] : aic=328669.389
  ARIMA(5,0,5)(2,1,2)[24] : aic=328713.997
