  ARIMA(0,0,0)(0,1,0)[24] : bic=391091.192
  ARIMA(0,0,0)(0,1,1)[24] : bic=384418.636
  ARIMA(0,0,0)(0,1,2)[24] : bic=382387.180
  ARIMA(0,0,0)(1,1,0)[24] : bic=388480.421
  ARIMA(0,0,0)(1,1,1)[24] : bic=382618.877
  ARIMA(0,0,0)(1,1,2)[24] : bic=382253.795
  ARIMA(0,0,0)(2,1,0)[24] : bic=385458.740
  ARIMA(0,0,0)(2,1,1)[24] : bic=381990.119
  ARIMA(0,0,0)(2,1,2)[24] : bic=380975.485
  ARIMA(0,0,1)(0,1,0)[24] : bic=369916.918
  ARIMA(0,0,1)(0,1,1)[24] : bic=356150.770
  ARIMA(0,0,1)(0,1,2)[24] : bic=354151.629
  ARIMA(0,0,1)(1,1,0)[24] : bic=364888.639
  ARIMA(0,0,1)(1,1,1)[24] : bic=354279.885
  ARIMA(0,0,1)(1,1,2)[24] : bic=354159.025
  ARIMA(0,0,1)(2,1,0)[24] : bic=361631.093
  ARIMA(0,0,1)(2,1,1)[24] : bic=354107.024
  ARIMA(0,0,1)(2,1,2)[24] : bic=353810.414
  ARIMA(0,0,2)(0,1,0)[24] : bic=361705.707
  ARIMA(0,0,2)(0,1,1)[24] : bic=344920.027
  ARIMA(0,0,2)(0,1,2)[24] : bic=343772.075
  ARIMA(0,0,2)(1,1,0)[24] : bic=355252.041
  ARIMA(0,0,2)(1,1,1)[24] : bic=343835.300
  ARIMA(0,0,2)(1,1,2)[24] : bic=343782.513
  ARIMA(0,0,2)(2,1,0)[24] : bic=351646.628
  ARIMA(0,0,2)(2,1,1)[24] : bic=343758.765
  ARIMA(0,0,2)(2,1,2)[24] : bic=343594.657
  ARIMA(0,0,3)(0,1,0)[24] : bic=357954.353
  ARIMA(0,0,3)(0,1,1)[24] : bic=339310.968
  ARIMA(0,0,3)(0,1,2)[24] : bic=338568.109
  ARIMA(0,0,3)(1,1,0)[24] : bic=350512.564
  ARIMA(0,0,3)(1,1,1)[24] : bic=338598.028
  ARIMA(0,0,3)(1,1,2)[24] : bic=338578.544
  ARIMA(0,0,3)(2,1,0)[24] : bic=346817.755
  ARIMA(0,0,3)(2,1,1)[24] : bic=338564.002
  ARIMA(0,0,3)(2,1,2)[24] : bic=338449.890
  ARIMA(0,0,4)(0,1,0)[24] : bic=355984.113
  ARIMA(0,0,4)(0,1,1)[24] : bic=336069.839
  ARIMA(0,0,4)(0,1,2)[24] : bic=335540.669
  ARIMA(0,0,4)(1,1,0)[24] : bic=347948.606
  ARIMA(0,0,4)(1,1,1)[24] : bic=335563.211
  ARIMA(0,0,4)(1,1,2)[24] : bic=335549.124
  ARIMA(0,0,4)(2,1,0)[24] : bic=344013.284
  ARIMA(0,0,4)(2,1,1)[24] : bic=335538.195
  ARIMA(0,0,4)(2,1,2)[24] : bic=335568.644
  ARIMA(0,0,5)(0,1,0)[24] : bic=354958.668
  ARIMA(0,0,5)(0,1,1)[24] : bic=334285.735
  ARIMA(0,0,5)(0,1,2)[24] : bic=333872.525
  ARIMA(0,0,5)(1,1,0)[24] : bic=346550.870
  ARIMA(0,0,5)(1,1,1)[24] : bic=333889.276
  ARIMA(0,0,5)(1,1,2)[24] : bic=333880.367
  ARIMA(0,0,5)(2,1,0)[24] : bic=342505.413
  ARIMA(0,0,5)(2,1,1)[24] : bic=333871.585
  ARIMA(0,0,5)(2,1,2)[24] : bic=333898.040
  ARIMA(1,0,0)(0,1,0)[24] : bic=353733.679
  ARIMA(1,0,0)(0,1,1)[24] : bic=330488.911
  ARIMA(1,0,0)(0,1,2)[24] : bic=330312.983
  ARIMA(1,0,0)(1,1,0)[24] : bic=344234.110
  ARIMA(1,0,0)(1,1,1)[24] : bic=330318.827
  ARIMA(1,0,0)(1,1,2)[24] : bic=330319.655
  ARIMA(1,0,0)(2,1,0)[24] : bic=339803.831
  ARIMA(1,0,0)(2,1,1)[24] : bic=330316.006
  ARIMA(1,0,0)(2,1,2)[24] : bic=330303.896
  ARIMA(1,0,1)(0,1,0)[24] : bic=352665.223
  ARIMA(1,0,1)(0,1,1)[24] : bic=329417.679
  ARIMA(1,0,1)(0,1,2)[24] : bic=329194.153
  ARIMA(1,0,1)(1,1,0)[24] : bic=343269.298
  ARIMA(1,0,1)(1,1,1)[24] : bic=329203.204
  ARIMA(1,0,1)(1,1,2)[24] : bic=329199.137
  ARIMA(1,0,1)(2,1,0)[24] : bic=338838.584
  ARIMA(1,0,1)(2,1,1)[24] : bic=329192.949
  ARIMA(1,0,1)(2,1,2)[24] : bic=329175.542
  ARIMA(1,0,2)(0,1,0)[24] : bic=352666.804
  ARIMA(1,0,2)(0,1,1)[24] : bic=329392.332
  ARIMA(1,0,2)(0,1,2)[24] : bic=329166.492
  ARIMA(1,0,2)(1,1,0)[24] : bic=343268.306
  ARIMA(1,0,2)(1,1,1)[24] : bic=329175.705
  ARIMA(1,0,2)(1,1,2)[24] : bic=329171.339
  ARIMA(1,0,2)(2,1,0)[24] : bic=338833.364
  ARIMA(1,0,2)(2,1,1)[24] : bic=329165.109
  ARIMA(1,0,2)(2,1,2)[24] : bic=329148.037
  ARIMA(1,0,3)(0,1,0)[24] : bic=352671.221
  ARIMA(1,0,3)(0,1,1)[24] : bic=329369.381
  ARIMA(1,0,3)(0,1,2)[24] : bic=329138.888
  ARIMA(1,0,3)(1,1,0)[24] : bic=343275.162
  ARIMA(1,0,3)(1,1,1)[24] : bic=329148.469
  ARIMA(1,0,3)(1,1,2)[24] : bic=329143.395
  ARIMA(1,0,3)(2,1,0)[24] : bic=338835.137
  ARIMA(1,0,3)(2,1,1)[24] : bic=329137.098
  ARIMA(1,0,3)(2,1,2)[24] : bic=329120.611
  ARIMA(1,0,4)(0,1,0)[24] : bic=352681.702
  ARIMA(1,0,4)(0,1,1)[24] : bic=329327.129
  ARIMA(1,0,4)(0,1,2)[24] : bic=329096.077
  ARIMA(1,0,4)(1,1,0)[24] : bic=343279.652
  ARIMA(1,0,4)(1,1,1)[24] : bic=329105.642
  ARIMA(1,0,4)(1,1,2)[24] : bic=329100.614
  ARIMA(1,0,4)(2,1,0)[24] : bic=338838.681
  ARIMA(1,0,4)(2,1,1)[24] : bic=329094.304
  ARIMA(1,0,4)(2,1,2)[24] : bic=329078.567
  ARIMA(1,0,5)(0,1,0)[24] : bic=352691.826
  ARIMA(1,0,5)(0,1,1)[24] : bic=329217.164
  ARIMA(1,0,5)(0,1,2)[24] : bic=328991.492
  ARIMA(1,0,5)(1,1,0)[24] : bic=343285.531
  ARIMA(1,0,5)(1,1,1)[24] : bic=329001.657
  ARIMA(1,0,5)(1,1,2)[24] : bic=328994.105
  ARIMA(1,0,5)(2,1,0)[24] : bic=338827.307
  ARIMA(1,0,5)(2,1,1)[24] : bic=328987.357
  ARIMA(1,0,5)(2,1,2)[24] : bic=328973.628
  ARIMA(2,0,0)(0,1,0)[24] : bic=352743.301
  ARIMA(2,0,0)(0,1,1)[24] : bic=329511.276
  ARIMA(2,0,0)(0,1,2)[24] : bic=329295.495
  ARIMA(2,0,0)(1,1,0)[24] : bic=343336.280
  ARIMA(2,0,0)(1,1,1)[24] : bic=329303.986
  ARIMA(2,0,0)(1,1,2)[24] : bic=329300.765
  ARIMA(2,0,0)(2,1,0)[24] : bic=338908.551
  ARIMA(2,0,0)(2,1,1)[24] : bic=329294.983
  ARIMA(2,0,0)(2,1,2)[24] : bic=329278.178
  ARIMA(2,0,1)(0,1,0)[24] : bic=352665.462
  ARIMA(2,0,1)(0,1,1)[24] : bic=329156.517
  ARIMA(2,0,1)(0,1,2)[24] : bic=328963.199
  ARIMA(2,0,1)(1,1,0)[24] : bic=343266.731
  ARIMA(2,0,1)(1,1,1)[24] : bic=328972.322
  ARIMA(2,0,1)(1,1,2)[24] : bic=328965.074
  ARIMA(2,0,1)(2,1,0)[24] : bic=338829.861
  ARIMA(2,0,1)(2,1,1)[24] : bic=328957.531
  ARIMA(2,0,1)(2,1,2)[24] : bic=328948.589
  ARIMA(2,0,2)(0,1,0)[24] : bic=352660.526
  ARIMA(2,0,2)(0,1,1)[24] : bic=328894.722
  ARIMA(2,0,2)(0,1,2)[24] : bic=328681.324
  ARIMA(2,0,2)(1,1,0)[24] : bic=343206.334
  ARIMA(2,0,2)(1,1,1)[24] : bic=328691.838
  ARIMA(2,0,2)(1,1,2)[24] : bic=328681.687
  ARIMA(2,0,2)(2,1,0)[24] : bic=338684.187
  ARIMA(2,0,2)(2,1,1)[24] : bic=328673.960
  ARIMA(2,0,2)(2,1,2)[24] : bic=328661.238
  ARIMA(2,0,3)(0,1,0)[24] : bic=352682.527
  ARIMA(2,0,3)(0,1,1)[24] : bic=328890.164
  ARIMA(2,0,3)(0,1,2)[24] : bic=328679.296
  ARIMA(2,0,3)(1,1,0)[24] : bic=343215.007
  ARIMA(2,0,3)(1,1,1)[24] : bic=328689.718
  ARIMA(2,0,3)(1,1,2)[24] : bic=328679.518
  ARIMA(2,0,3)(2,1,0)[24] : bic=338849.179
  ARIMA(2,0,3)(2,1,1)[24] : bic=328671.799
  ARIMA(2,0,3)(2,1,2)[24] : bic=328659.444
  ARIMA(2,0,4)(0,1,0)[24] : bic=352692.533
  ARIMA(2,0,4)(0,1,1)[24] : bic=328882.888
  ARIMA(2,0,4)(0,1,2)[24] : bic=328676.547
  ARIMA(2,0,4)(1,1,0)[24] : bic=343292.668
  ARIMA(2,0,4)(1,1,1)[24] : bic=328686.736
  ARIMA(2,0,4)(1,1,2)[24] : bic=328676.791
  ARIMA(2,0,4)(2,1,0)[24] : bic=338854.111
  ARIMA(2,0,4)(2,1,1)[24] : bic=328669.103
  ARIMA(2,0,4)(2,1,2)[24] : bic=328656.980
  ARIMA(2,0,5)(0,1,0)[24] : bic=352702.474
  ARIMA(2,0,5)(0,1,1)[24] : bic=328879.251
  ARIMA(2,0,5)(0,1,2)[24] : bic=328674.522
  ARIMA(2,0,5)(1,1,0)[24] : bic=343225.013
  ARIMA(2,0,5)(1,1,1)[24] : bic=328684.766
  ARIMA(2,0,5)(1,1,2)[24] : bic=328674.328
  ARIMA(2,0,5)(2,1,0)[24] : bic=338686.701
  ARIMA(2,0,5)(2,1,1)[24] : bic=328666.597
  ARIMA(2,0,5)(2,1,2)[24] : bic=328654.648
  ARIMA(3,0,0)(0,1,0)[24] : bic=352684.310
  ARIMA(3,0,0)(0,1,1)[24] : bic=329428.829
  ARIMA(3,0,0)(0,1,2)[24] : bic=329207.779
  ARIMA(3,0,0)(1,1,0)[24] : bic=343280.164
  ARIMA(3,0,0)(1,1,1)[24] : bic=329216.643
  ARIMA(3,0,0)(1,1,2)[24] : bic=329212.884
  ARIMA(3,0,0)(2,1,0)[24] : bic=338850.268
  ARIMA(3,0,0)(2,1,1)[24] : bic=329206.797
  ARIMA(3,0,0)(2,1,2)[24] : bic=329189.614
  ARIMA(3,0,1)(0,1,0)[24] : bic=352667.143
  ARIMA(3,0,1)(0,1,1)[24] : bic=328884.476
  ARIMA(3,0,1)(0,1,2)[24] : bic=328672.008
  ARIMA(3,0,1)(1,1,0)[24] : bic=343208.636
  ARIMA(3,0,1)(1,1,1)[24] : bic=328682.496
  ARIMA(3,0,1)(1,1,2)[24] : bic=328672.265
  ARIMA(3,0,1)(2,1,0)[24] : bic=338680.684
  ARIMA(3,0,1)(2,1,1)[24] : bic=328664.535
  ARIMA(3,0,1)(2,1,2)[24] : bic=328652.004
  ARIMA(3,0,2)(0,1,0)[24] : bic=352682.042
  ARIMA(3,0,2)(0,1,1)[24] : bic=328894.683
  ARIMA(3,0,2)(0,1,2)[24] : bic=328682.587
  ARIMA(3,0,2)(1,1,0)[24] : bic=343286.585
  ARIMA(3,0,2)(1,1,1)[24] : bic=328693.064
  ARIMA(3,0,2)(1,1,2)[24] : bic=328682.859
  ARIMA(3,0,2)(2,1,0)[24] : bic=338690.506
  ARIMA(3,0,2)(2,1,1)[24] : bic=328675.108
  ARIMA(3,0,2)(2,1,2)[24] : bic=328662.630
  ARIMA(3,0,3)(0,1,0)[24] : bic=351452.199
  ARIMA(3,0,3)(0,1,1)[24] : bic=328914.113
  ARIMA(3,0,3)(0,1,2)[24] : bic=328692.416
  ARIMA(3,0,3)(1,1,0)[24] : bic=342557.597
  ARIMA(3,0,3)(1,1,1)[24] : bic=328703.191
  ARIMA(3,0,3)(1,1,2)[24] : bic=328693.811
  ARIMA(3,0,3)(2,1,0)[24] : bic=338313.426
  ARIMA(3,0,3)(2,1,1)[24] : bic=328686.898
  ARIMA(3,0,3)(2,1,2)[24] : bic=328675.083
  ARIMA(3,0,4)(0,1,0)[24] : bic=352703.561
  ARIMA(3,0,4)(0,1,1)[24] : bic=328904.809
  ARIMA(3,0,4)(0,1,2)[24] : bic=328683.427
  ARIMA(3,0,4)(1,1,0)[24] : bic=342562.424
  ARIMA(3,0,4)(1,1,1)[24] : bic=328693.844
  ARIMA(3,0,4)(1,1,2)[24] : bic=328684.646
  ARIMA(3,0,4)(2,1,0)[24] : bic=338306.062
  ARIMA(3,0,4)(2,1,1)[24] : bic=328677.901
  ARIMA(3,0,4)(2,1,2)[24] : bic=328666.042
  ARIMA(3,0,5)(0,1,0)[24] : bic=352712.835
  ARIMA(3,0,5)(0,1,1)[24] : bic=328902.190
  ARIMA(3,0,5)(0,1,2)[24] : bic=328686.489
  ARIMA(3,0,5)(1,1,0)[24] : bic=343308.314
  ARIMA(3,0,5)(1,1,1)[24] : bic=328698.224
  ARIMA(3,0,5)(1,1,2)[24] : bic=328688.497
  ARIMA(3,0,5)(2,1,0)[24] : bic=338315.218
  ARIMA(3,0,5)(2,1,1)[24] : bic=328681.354
  ARIMA(3,0,5)(2,1,2)[24] : bic=328669.634
  ARIMA(4,0,0)(0,1,0)[24] : bic=352675.114
  ARIMA(4,0,0)(0,1,1)[24] : bic=329406.904
  ARIMA(4,0,0)(0,1,2)[24] : bic=329180.700
  ARIMA(4,0,0)(1,1,0)[24] : bic=343281.337
  ARIMA(4,0,0)(1,1,1)[24] : bic=329189.979
  ARIMA(4,0,0)(1,1,2)[24] : bic=329185.375
  ARIMA(4,0,0)(2,1,0)[24] : bic=338844.259
  ARIMA(4,0,0)(2,1,1)[24] : bic=329179.216
  ARIMA(4,0,0)(2,1,2)[24] : bic=329162.283
  ARIMA(4,0,1)(0,1,0)[24] : bic=352671.662
  ARIMA(4,0,1)(0,1,1)[24] : bic=328894.449
  ARIMA(4,0,1)(0,1,2)[24] : bic=328682.544
  ARIMA(4,0,1)(1,1,0)[24] : bic=343214.407
  ARIMA(4,0,1)(1,1,1)[24] : bic=328693.015
  ARIMA(4,0,1)(1,1,2)[24] : bic=328682.786
  ARIMA(4,0,1)(2,1,0)[24] : bic=338690.248
  ARIMA(4,0,1)(2,1,1)[24] : bic=328675.063
  ARIMA(4,0,1)(2,1,2)[24] : bic=328662.599
  ARIMA(4,0,2)(0,1,0)[24] : bic=351524.323
  ARIMA(4,0,2)(0,1,1)[24] : bic=328901.120
  ARIMA(4,0,2)(0,1,2)[24] : bic=328678.030
  ARIMA(4,0,2)(1,1,0)[24] : bic=342624.062
  ARIMA(4,0,2)(1,1,1)[24] : bic=328688.562
  ARIMA(4,0,2)(1,1,2)[24] : bic=328679.153
  ARIMA(4,0,2)(2,1,0)[24] : bic=338298.033
  ARIMA(4,0,2)(2,1,1)[24] : bic=328672.205
  ARIMA(4,0,2)(2,1,2)[24] : bic=328660.639
  ARIMA(4,0,3)(0,1,0)[24] : bic=352703.529
  ARIMA(4,0,3)(0,1,1)[24] : bic=328909.631
  ARIMA(4,0,3)(0,1,2)[24] : bic=328686.859
  ARIMA(4,0,3)(1,1,0)[24] : bic=342558.312
  ARIMA(4,0,3)(1,1,1)[24] : bic=328697.520
  ARIMA(4,0,3)(1,1,2)[24] : bic=328688.078
  ARIMA(4,0,3)(2,1,0)[24] : bic=338308.321
  ARIMA(4,0,3)(2,1,1)[24] : bic=328681.006
  ARIMA(4,0,3)(2,1,2)[24] : bic=328669.845
  ARIMA(4,0,4)(0,1,0)[24] : bic=352714.156
  ARIMA(4,0,4)(0,1,1)[24] : bic=328507.646
  ARIMA(4,0,4)(0,1,2)[24] : bic=328690.105
  ARIMA(4,0,4)(1,1,0)[24] : bic=341862.310
  ARIMA(4,0,4)(1,1,1)[24] : bic=328700.049
  ARIMA(4,0,4)(1,1,2)[24] : bic=328698.476
  ARIMA(4,0,4)(2,1,0)[24] : bic=337985.657
  ARIMA(4,0,4)(2,1,1)[24] : bic=328690.051
  ARIMA(4,0,4)(2,1,2)[24] : bic=328682.402
  ARIMA(4,0,5)(0,1,0)[24] : bic=352723.779
  ARIMA(4,0,5)(0,1,1)[24] : bic=328931.678
  ARIMA(4,0,5)(0,1,2)[24] : bic=328705.093
  ARIMA(4,0,5)(1,1,0)[24] : bic=342281.275
  ARIMA(4,0,5)(1,1,1)[24] : bic=328732.148
  ARIMA(4,0,5)(1,1,2)[24] : bic=328721.545
  ARIMA(4,0,5)(2,1,0)[24] : bic=338673.762
  ARIMA(4,0,5)(2,1,1)[24] : bic=328713.952
  ARIMA(4,0,5)(2,1,2)[24] : bic=328683.844
  ARIMA(5,0,0)(0,1,0)[24] : bic=352682.855
  ARIMA(5,0,0)(0,1,1)[24] : bic=329391.591
  ARIMA(5,0,0)(0,1,2)[24] : bic=329164.112
  ARIMA(5,0,0)(1,1,0)[24] : bic=343285.178
  ARIMA(5,0,0)(1,1,1)[24] : bic=329173.333
  ARIMA(5,0,0)(1,1,2)[24] : bic=329169.015
  ARIMA(5,0,0)(2,1,0)[24] : bic=338849.576
  ARIMA(5,0,0)(2,1,1)[24] : bic=329162.888
  ARIMA(5,0,0)(2,1,2)[24] : bic=329146.104
  ARIMA(5,0,1)(0,1,0)[24] : bic=352693.542
  ARIMA(5,0,1)(0,1,1)[24] : bic=328886.811
  ARIMA(5,0,1)(0,1,2)[24] : bic=328680.493
  ARIMA(5,0,1)(1,1,0)[24] : bic=343221.187
  ARIMA(5,0,1)(1,1,1)[24] : bic=328690.662
  ARIMA(5,0,1)(1,1,2)[24] : bic=328680.813
  ARIMA(5,0,1)(2,1,0)[24] : bic=338694.598
  ARIMA(5,0,1)(2,1,1)[24] : bic=328673.145
  ARIMA(5,0,1)(2,1,2)[24] : bic=328661.080
  ARIMA(5,0,2)(0,1,0)[24] : bic=352704.229
  ARIMA(5,0,2)(0,1,1)[24] : bic=328908.804
  ARIMA(5,0,2)(0,1,2)[24] : bic=328686.458
  ARIMA(5,0,2)(1,1,0)[24] : bic=342590.983
  ARIMA(5,0,2)(1,1,1)[24] : bic=328697.107
  ARIMA(5,0,2)(1,1,2)[24] : bic=328687.665
  ARIMA(5,0,2)(2,1,0)[24] : bic=338405.274
  ARIMA(5,0,2)(2,1,1)[24] : bic=328680.689
  ARIMA(5,0,2)(2,1,2)[24] : bic=328669.394
  ARIMA(5,0,3)(0,1,0)[24] : bic=350850.581
  ARIMA(5,0,3)(0,1,1)[24] : bic=328926.659
  ARIMA(5,0,3)(0,1,2)[24] : bic=328696.360
  ARIMA(5,0,3)(1,1,0)[24] : bic=343249.941
  ARIMA(5,0,3)(1,1,1)[24] : bic=328724.927
  ARIMA(5,0,3)(1,1,2)[24] : bic=328697.442
  ARIMA(5,0,3)(2,1,0)[24] : bic=337968.801
  ARIMA(5,0,3)(2,1,1)[24] : bic=328707.144
  ARIMA(5,0,3)(2,1,2)[24] : bic=328683.897
  ARIMA(5,0,4)(0,1,0)[24] : bic=350810.410
  ARIMA(5,0,4)(0,1,1)[24] : bic=328481.756
  ARIMA(5,0,4)(0,1,2)[24] : bic=328706.666
  ARIMA(5,0,4)(1,1,0)[24] : bic=342081.124
  ARIMA(5,0,4)(1,1,1)[24] : bic=328718.147
  ARIMA(5,0,4)(1,1,2)[24] : bic=328711.853
  ARIMA(5,0,4)(2,1,0)[24] : bic=338022.809
  ARIMA(5,0,4)(2,1,1)[24] : bic=328699.702
  ARIMA(5,0,4)(2,1,2)[24] : bic=328684.837
  ARIMA(5,0,5)(0,1,0)[24] : bic=350652.851
  ARIMA(5,0,5)(0,1,1)[24] : bic=328949.762
  ARIMA(5,0,5)(0,1,2)[24] : bic=328722.190
  ARIMA(5,0,5)(1,1,0)[24] : bic=341593.554
  ARIMA(5,0,5)(1,1,1)[24] : bic=328733.372
  ARIMA(5,0,5)(1,1,2)[24] : bic=328720.956
  ARIMA(5,0,5)(2,1,0)[24] : bic=337792.350
  ARIMA(5,0,5)(2,1,1)[24] : bic=328714.208
  ARIMA(5,0,5)(2,1,2)[24] : bic=328701.920
